
Optional file libmchp_peripheral.a not found

Optional file libmchp_peripheral_32MX795F512L.a not found
Archive member included because of file (symbol)

/Applications/microchip/xc32/v2.15/bin/bin/../../lib/gcc/pic32mx/4.8.3/libgcc.a(floatunsisf.o)
                              build/Board3/production/_ext/171159973/http.o (__floatunsisf)
/Applications/microchip/xc32/v2.15/bin/bin/../../lib/gcc/pic32mx/4.8.3/../../../../pic32mx/lib/libpic32.a(memcpy.o)
                              build/Board3/production/_ext/171159973/cJSON.o (memcpy)
/Applications/microchip/xc32/v2.15/bin/bin/../../lib/gcc/pic32mx/4.8.3/../../../../pic32mx/lib/libpic32.a(memset.o)
                              build/Board3/production/_ext/171159973/cJSON.o (memset)
/Applications/microchip/xc32/v2.15/bin/bin/../../lib/gcc/pic32mx/4.8.3/../../../../pic32mx/lib/libpic32.a(strcmp.o)
                              build/Board3/production/_ext/171159973/cJSON.o (strcmp)
/Applications/microchip/xc32/v2.15/bin/bin/../../lib/gcc/pic32mx/4.8.3/../../../../pic32mx/lib/libpic32.a(strcpy.o)
                              build/Board3/production/_ext/171159973/wifi_state.o (strcpy)
/Applications/microchip/xc32/v2.15/bin/bin/../../lib/gcc/pic32mx/4.8.3/../../../../pic32mx/lib/libpic32.a(strlen.o)
                              build/Board3/production/_ext/171159973/cJSON.o (strlen)
/Applications/microchip/xc32/v2.15/bin/bin/../../lib/gcc/pic32mx/4.8.3/../../../../pic32mx/lib/libpic32.a(default-bootstrap-exception-handler.o)
                              /var/folders/d5/v4194pgj4rldzq4h08l7349w0000gn/T//ccu5NTff.o (_bootstrap_exception_handler)
/Applications/microchip/xc32/v2.15/bin/bin/../../lib/gcc/pic32mx/4.8.3/../../../../pic32mx/lib/libpic32.a(default-on-reset.o)
                              /var/folders/d5/v4194pgj4rldzq4h08l7349w0000gn/T//ccu5NTff.o (_on_reset)
/Applications/microchip/xc32/v2.15/bin/bin/../../lib/gcc/pic32mx/4.8.3/../../../../pic32mx/lib/libpic32.a(default-on-bootstrap.o)
                              /var/folders/d5/v4194pgj4rldzq4h08l7349w0000gn/T//ccu5NTff.o (_on_bootstrap)
/Applications/microchip/xc32/v2.15/bin/bin/../../lib/gcc/pic32mx/4.8.3/../../../../pic32mx/lib/libpic32.a(default-nmi-handler.o)
                              /var/folders/d5/v4194pgj4rldzq4h08l7349w0000gn/T//ccu5NTff.o (_nmi_handler)
/Applications/microchip/xc32/v2.15/bin/bin/../../lib/gcc/pic32mx/4.8.3/../../../../pic32mx/lib/libpic32.a(pic32_data_init.o)
                              /var/folders/d5/v4194pgj4rldzq4h08l7349w0000gn/T//ccu5NTff.o (__pic32_data_init)
/Applications/microchip/xc32/v2.15/bin/bin/../../lib/gcc/pic32mx/4.8.3/../../../../pic32mx/lib/libpic32.a(general-exception.o)
                              /var/folders/d5/v4194pgj4rldzq4h08l7349w0000gn/T//ccu5NTff.o (_general_exception_context)
/Applications/microchip/xc32/v2.15/bin/bin/../../lib/gcc/pic32mx/4.8.3/../../../../pic32mx/lib/libpic32.a(vector0.o)
                              /var/folders/d5/v4194pgj4rldzq4h08l7349w0000gn/T//ccQxwC3E.o (__vector_dispatch_0)
/Applications/microchip/xc32/v2.15/bin/bin/../../lib/gcc/pic32mx/4.8.3/../../../../pic32mx/lib/libpic32.a(vector2.o)
                              /var/folders/d5/v4194pgj4rldzq4h08l7349w0000gn/T//ccQxwC3E.o (__vector_dispatch_2)
/Applications/microchip/xc32/v2.15/bin/bin/../../lib/gcc/pic32mx/4.8.3/../../../../pic32mx/lib/libpic32.a(vector3.o)
                              /var/folders/d5/v4194pgj4rldzq4h08l7349w0000gn/T//ccQxwC3E.o (__vector_dispatch_3)
/Applications/microchip/xc32/v2.15/bin/bin/../../lib/gcc/pic32mx/4.8.3/../../../../pic32mx/lib/libpic32.a(vector5.o)
                              /var/folders/d5/v4194pgj4rldzq4h08l7349w0000gn/T//ccQxwC3E.o (__vector_dispatch_5)
/Applications/microchip/xc32/v2.15/bin/bin/../../lib/gcc/pic32mx/4.8.3/../../../../pic32mx/lib/libpic32.a(vector6.o)
                              /var/folders/d5/v4194pgj4rldzq4h08l7349w0000gn/T//ccQxwC3E.o (__vector_dispatch_6)
/Applications/microchip/xc32/v2.15/bin/bin/../../lib/gcc/pic32mx/4.8.3/../../../../pic32mx/lib/libpic32.a(vector7.o)
                              /var/folders/d5/v4194pgj4rldzq4h08l7349w0000gn/T//ccQxwC3E.o (__vector_dispatch_7)
/Applications/microchip/xc32/v2.15/bin/bin/../../lib/gcc/pic32mx/4.8.3/../../../../pic32mx/lib/libpic32.a(vector9.o)
                              /var/folders/d5/v4194pgj4rldzq4h08l7349w0000gn/T//ccQxwC3E.o (__vector_dispatch_9)
/Applications/microchip/xc32/v2.15/bin/bin/../../lib/gcc/pic32mx/4.8.3/../../../../pic32mx/lib/libpic32.a(vector10.o)
                              /var/folders/d5/v4194pgj4rldzq4h08l7349w0000gn/T//ccQxwC3E.o (__vector_dispatch_10)
/Applications/microchip/xc32/v2.15/bin/bin/../../lib/gcc/pic32mx/4.8.3/../../../../pic32mx/lib/libpic32.a(vector11.o)
                              /var/folders/d5/v4194pgj4rldzq4h08l7349w0000gn/T//ccQxwC3E.o (__vector_dispatch_11)
/Applications/microchip/xc32/v2.15/bin/bin/../../lib/gcc/pic32mx/4.8.3/../../../../pic32mx/lib/libpic32.a(vector13.o)
[...]
Memory Configuration

Name             Origin             Length             Attributes
kseg0_program_mem 0x9d000000         0x00080000         xr
kseg0_boot_mem   0x9fc00490         0x00000970
exception_mem    0x9fc01000         0x00001000
kseg1_boot_mem   0xbfc00000         0x00000490
debug_exec_mem   0xbfc02000         0x00000ff0
config3          0xbfc02ff0         0x00000004
config2          0xbfc02ff4         0x00000004
config1          0xbfc02ff8         0x00000004
config0          0xbfc02ffc         0x00000004
kseg1_data_mem   0xa0000000         0x00020000         w !x
sfrs             0xbf800000         0x00100000
configsfrs       0xbfc02ff0         0x00000010
*default*        0x00000000         0xffffffff

Linker script and memory map

LOAD /Applications/microchip/xc32/v2.15/bin/bin/../../lib/gcc/pic32mx/4.8.3/../../../../pic32mx/lib/debug-exception-return.o
LOAD build/Board3/production/_ext/866528212/drv_oc_mapping.o
LOAD build/Board3/production/_ext/866528212/drv_oc_static.o
LOAD build/Board3/production/_ext/1581265059/drv_tmr_static.o
LOAD build/Board3/production/_ext/1581265059/drv_tmr_mapping.o
LOAD build/Board3/production/_ext/1048789169/drv_usart_mapping.o
LOAD build/Board3/production/_ext/1048789169/drv_usart_static.o
LOAD build/Board3/production/_ext/1048789169/drv_usart_static_byte_model.o
LOAD build/Board3/production/_ext/666654925/sys_clk_pic32mx.o
LOAD build/Board3/production/_ext/40378138/sys_devcon.o
LOAD build/Board3/production/_ext/40378138/sys_devcon_pic32mx.o
LOAD build/Board3/production/_ext/2097129251/sys_ports_static.o
LOAD build/Board3/production/_ext/1445490756/system_init.o
LOAD build/Board3/production/_ext/1445490756/system_interrupt.o
LOAD build/Board3/production/_ext/1445490756/system_exceptions.o
LOAD build/Board3/production/_ext/1445490756/system_tasks.o
LOAD build/Board3/production/_ext/1445490756/system_interrupt_a.o
LOAD build/Board3/production/_ext/1445490756/rtos_hooks.o
LOAD build/Board3/production/_ext/1360937237/motor_app.o
LOAD build/Board3/production/_ext/1360937237/wifi_app.o
LOAD build/Board3/production/_ext/1360937237/main.o
LOAD build/Board3/production/_ext/171159973/cJSON.o
LOAD build/Board3/production/_ext/171159973/debug.o
LOAD build/Board3/production/_ext/171159973/http.o
LOAD build/Board3/production/_ext/171159973/motor.o
LOAD build/Board3/production/_ext/171159973/motor_queue.o
LOAD build/Board3/production/_ext/171159973/motor_software_timer.o
LOAD build/Board3/production/_ext/171159973/motor_state.o
LOAD build/Board3/production/_ext/171159973/wifi_queue.o
LOAD build/Board3/production/_ext/171159973/wifi_state.o
LOAD build/Board3/production/_ext/171159973/wifi_timer.o
LOAD build/Board3/production/_ext/171159973/pixy2Func.o
LOAD build/Board3/production/_ext/171159973/pixy_app.o
LOAD build/Board3/production/_ext/171159973/pixy_queue.o
LOAD build/Board3/production/_ext/1360937237/sensor_app.o
LOAD build/Board3/production/_ext/171159973/sensor_queue.o
LOAD build/Board3/production/_ext/171159973/sensor_state.o
LOAD build/Board3/production/_ext/1043444669/osal_freertos.o
LOAD build/Board3/production/_ext/249303043/sys_int_pic32.o
LOAD build/Board3/production/_ext/905643201/heap_2.o
LOAD build/Board3/production/_ext/331515796/port.o
LOAD build/Board3/production/_ext/331515796/port_asm.o
LOAD build/Board3/production/_ext/1539584926/croutine.o
LOAD build/Board3/production/_ext/1539584926/list.o
LOAD build/Board3/production/_ext/1539584926/queue.o
LOAD build/Board3/production/_ext/1539584926/tasks.o
LOAD build/Board3/production/_ext/1539584926/timers.o
LOAD build/Board3/production/_ext/1539584926/event_groups.o
LOAD build/Board3/production/_ext/1539584926/stream_buffer.o
LOAD ../../../../microchip/harmony/v2_06/bin/framework/peripheral/PIC32MX795F512L_peripherals.a
                0x00000001                __MPLAB_BUILD = 0x1
                0x00000000                _min_heap_size = 0x0
LOAD /var/folders/d5/v4194pgj4rldzq4h08l7349w0000gn/T//ccu5NTff.o
LOAD /var/folders/d5/v4194pgj4rldzq4h08l7349w0000gn/T//cc8pGhf7.o
LOAD /var/folders/d5/v4194pgj4rldzq4h08l7349w0000gn/T//ccQxwC3E.o
LOAD /Applications/microchip/xc32/v2.15/bin/bin/../../lib/gcc/pic32mx/4.8.3/../../../../pic32mx/lib/./proc/32MX795F512L/default_isr_vectors.o
LOAD /Applications/microchip/xc32/v2.15/bin/bin/../../lib/gcc/pic32mx/4.8.3/../../../../pic32mx/lib/pic32_software_reset.o
                0x00000400                PROVIDE (_min_stack_size, 0x400)
START GROUP
LOAD /Applications/microchip/xc32/v2.15/bin/bin/../../lib/gcc/pic32mx/4.8.3/../../../../pic32mx/lib/./proc/32MX795F512L/processor.o
END GROUP
START GROUP
LOAD libmchp_peripheral.a
END GROUP
START GROUP
LOAD libmchp_peripheral_32MX795F512L.a
END GROUP
                0x00000001                PROVIDE (_vector_spacing, 0x1)
                0x9fc01000                PROVIDE (_ebase_address, 0x9fc01000)
                0xbfc00000                _RESET_ADDR = 0xbfc00000
                0xbfc00380                _BEV_EXCPT_ADDR = 0xbfc00380
                0xbfc00480                _DBG_EXCPT_ADDR = 0xbfc00480
                0xbfc02000                _DBG_CODE_ADDR = 0xbfc02000
                0x00000ff0                _DBG_CODE_SIZE = 0xff0
                0x9fc01180                _GEN_EXCPT_ADDR = (_ebase_address + 0x180)

.config_BFC02FF0
                0xbfc02ff0        0x4
 *(.config_BFC02FF0)
 .config_BFC02FF0
                0xbfc02ff0        0x4 build/Board3/production/_ext/1445490756/system_init.o

.config_BFC02FF4
                0xbfc02ff4        0x4
 *(.config_BFC02FF4)
 .config_BFC02FF4
                0xbfc02ff4        0x4 build/Board3/production/_ext/1445490756/system_init.o

.config_BFC02FF8
                0xbfc02ff8        0x4
 *(.config_BFC02FF8)
 .config_BFC02FF8
                0xbfc02ff8        0x4 build/Board3/production/_ext/1445490756/system_init.o

.config_BFC02FFC
                0xbfc02ffc        0x4
 *(.config_BFC02FFC)
 .config_BFC02FFC
                0xbfc02ffc        0x4 build/Board3/production/_ext/1445490756/system_init.o
                0xbfc02000                PROVIDE (_DBG_CODE_ADDR, 0xbfc02000)
                0x00000ff0                PROVIDE (_DBG_CODE_SIZE, 0xff0)

.reset          0xbfc00000      0x1a8
 *(.reset)
 .reset         0xbfc00000        0x8 /var/folders/d5/v4194pgj4rldzq4h08l7349w0000gn/T//ccu5NTff.o
                0xbfc00000                _reset
 *(.reset.startup)
 .reset.startup
                0xbfc00008      0x1a0 /var/folders/d5/v4194pgj4rldzq4h08l7349w0000gn/T//ccu5NTff.o
                0xbfc00008                _startup

.bev_excpt      0xbfc00380       0x10
 *(.bev_handler)
 .bev_handler   0xbfc00380       0x10 /var/folders/d5/v4194pgj4rldzq4h08l7349w0000gn/T//ccu5NTff.o

.dbg_excpt      0xbfc00480        0x0
                0xbfc00480                . = (. + DEFINED (_DEBUGGER)?0x8:0x0)

.dbg_code       0xbfc02000        0x0
                0xbfc02000                . = (. + DEFINED (_DEBUGGER)?_DBG_CODE_SIZE:0x0)

.app_excpt      0x9fc01180       0x10
 *(.gen_handler)
 .gen_handler   0x9fc01180       0x10 /var/folders/d5/v4194pgj4rldzq4h08l7349w0000gn/T//ccu5NTff.o

.vector_0       0x9fc01200        0x8
 *(.vector_0)
 .vector_0      0x9fc01200        0x8 /Applications/microchip/xc32/v2.15/bin/bin/../../lib/gcc/pic32mx/4.8.3/../../../../pic32mx/lib/libpic32.a(vector0.o)
                0x9fc01200                __vector_dispatch_0
                0x00000001                ASSERT (((_vector_spacing == 0x0) || (SIZEOF (.vector_0) <= (_vector_spacing << 0x5))), function at exception vector 0 too large)

.vector_1       0x9fc01220        0x8
 *(.vector_1)
 .vector_1      0x9fc01220        0x8 build/Board3/production/_ext/331515796/port.o
                0x9fc01220                __vector_dispatch_1
                0x00000001                ASSERT (((_vector_spacing == 0x0) || (SIZEOF (.vector_1) <= (_vector_spacing << 0x5))), function at exception vector 1 too large)

.vector_2       0x9fc01240        0x8
 *(.vector_2)
 .vector_2      0x9fc01240        0x8 /Applications/microchip/xc32/v2.15/bin/bin/../../lib/gcc/pic32mx/4.8.3/../../../../pic32mx/lib/libpic32.a(vector2.o)
                0x9fc01240                __vector_dispatch_2
                0x00000001                ASSERT (((_vector_spacing == 0x0) || (SIZEOF (.vector_2) <= (_vector_spacing << 0x5))), function at exception vector 2 too large)

.vector_3       0x9fc01260        0x8
 *(.vector_3)
 .vector_3      0x9fc01260        0x8 /Applications/microchip/xc32/v2.15/bin/bin/../../lib/gcc/pic32mx/4.8.3/../../../../pic32mx/lib/libpic32.a(vector3.o)
                0x9fc01260                __vector_dispatch_3
                0x00000001                ASSERT (((_vector_spacing == 0x0) || (SIZEOF (.vector_3) <= (_vector_spacing << 0x5))), function at exception vector 3 too large)

.vector_4       0x9fc01280        0x8
 *(.vector_4)
 .vector_4      0x9fc01280        0x8 build/Board3/production/_ext/331515796/port.o
                0x9fc01280                __vector_dispatch_4
                0x00000001                ASSERT (((_vector_spacing == 0x0) || (SIZEOF (.vector_4) <= (_vector_spacing << 0x5))), function at exception vector 4 too large)

.vector_5       0x9fc012a0        0x8
 *(.vector_5)
 .vector_5      0x9fc012a0        0x8 /Applications/microchip/xc32/v2.15/bin/bin/../../lib/gcc/pic32mx/4.8.3/../../../../pic32mx/lib/libpic32.a(vector5.o)
                0x9fc012a0                __vector_dispatch_5
                0x00000001                ASSERT (((_vector_spacing == 0x0) || (SIZEOF (.vector_5) <= (_vector_spacing << 0x5))), function at exception vector 5 too large)

.vector_6       0x9fc012c0        0x8
 *(.vector_6)
 .vector_6      0x9fc012c0        0x8 /Applications/microchip/xc32/v2.15/bin/bin/../../lib/gcc/pic32mx/4.8.3/../../../../pic32mx/lib/libpic32.a(vector6.o)
                0x9fc012c0                __vector_dispatch_6
                0x00000001                ASSERT (((_vector_spacing == 0x0) || (SIZEOF (.vector_6) <= (_vector_spacing << 0x5))), function at exception vector 6 too large)

.vector_7       0x9fc012e0        0x8
 *(.vector_7)
 .vector_7      0x9fc012e0        0x8 /Applications/microchip/xc32/v2.15/bin/bin/../../lib/gcc/pic32mx/4.8.3/../../../../pic32mx/lib/libpic32.a(vector7.o)
                0x9fc012e0                __vector_dispatch_7
                0x00000001                ASSERT (((_vector_spacing == 0x0) || (SIZEOF (.vector_7) <= (_vector_spacing << 0x5))), function at exception vector 7 too large)

.vector_8       0x9fc01300       0x10
 *(.vector_8)
 .vector_8      0x9fc01300       0x10 build/Board3/production/_ext/1445490756/system_interrupt_a.o
                0x9fc01300                __vector_dispatch_8
                0x00000001                ASSERT (((_vector_spacing == 0x0) || (SIZEOF (.vector_8) <= (_vector_spacing << 0x5))), function at exception vector 8 too large)

.vector_9       0x9fc01320        0x8
 *(.vector_9)
 .vector_9      0x9fc01320        0x8 /Applications/microchip/xc32/v2.15/bin/bin/../../lib/gcc/pic32mx/4.8.3/../../../../pic32mx/lib/libpic32.a(vector9.o)
                0x9fc01320                __vector_dispatch_9
                0x00000001                ASSERT (((_vector_spacing == 0x0) || (SIZEOF (.vector_9) <= (_vector_spacing << 0x5))), function at exception vector 9 too large)

.vector_10      0x9fc01340        0x8
 *(.vector_10)
 .vector_10     0x9fc01340        0x8 /Applications/microchip/xc32/v2.15/bin/bin/../../lib/gcc/pic32mx/4.8.3/../../../../pic32mx/lib/libpic32.a(vector10.o)
                0x9fc01340                __vector_dispatch_10
                0x00000001                ASSERT (((_vector_spacing == 0x0) || (SIZEOF (.vector_10) <= (_vector_spacing << 0x5))), function at exception vector 10 too large)

.vector_11      0x9fc01360        0x8
 *(.vector_11)
 .vector_11     0x9fc01360        0x8 /Applications/microchip/xc32/v2.15/bin/bin/../../lib/gcc/pic32mx/4.8.3/../../../../pic32mx/lib/libpic32.a(vector11.o)
                0x9fc01360                __vector_dispatch_11
                0x00000001                ASSERT (((_vector_spacing == 0x0) || (SIZEOF (.vector_11) <= (_vector_spacing << 0x5))), function at exception vector 11 too large)

.vector_12      0x9fc01380       0x10
 *(.vector_12)
 .vector_12     0x9fc01380       0x10 build/Board3/production/_ext/1445490756/system_interrupt_a.o
                0x9fc01380                __vector_dispatch_12
                0x00000001                ASSERT (((_vector_spacing == 0x0) || (SIZEOF (.vector_12) <= (_vector_spacing << 0x5))), function at exception vector 12 too large)

.vector_13      0x9fc013a0        0x8
 *(.vector_13)
 .vector_13     0x9fc013a0        0x8 /Applications/microchip/xc32/v2.15/bin/bin/../../lib/gcc/pic32mx/4.8.3/../../../../pic32mx/lib/libpic32.a(vector13.o)
                0x9fc013a0                __vector_dispatch_13
                0x00000001                ASSERT (((_vector_spacing == 0x0) || (SIZEOF (.vector_13) <= (_vector_spacing << 0x5))), function at exception vector 13 too large)

.vector_14      0x9fc013c0        0x8
 *(.vector_14)
 .vector_14     0x9fc013c0        0x8 /Applications/microchip/xc32/v2.15/bin/bin/../../lib/gcc/pic32mx/4.8.3/../../../../pic32mx/lib/libpic32.a(vector14.o)
                0x9fc013c0                __vector_dispatch_14
                0x00000001                ASSERT (((_vector_spacing == 0x0) || (SIZEOF (.vector_14) <= (_vector_spacing << 0x5))), function at exception vector 14 too large)

.vector_15      0x9fc013e0        0x8
 *(.vector_15)
 .vector_15     0x9fc013e0        0x8 /Applications/microchip/xc32/v2.15/bin/bin/../../lib/gcc/pic32mx/4.8.3/../../../../pic32mx/lib/libpic32.a(vector15.o)
                0x9fc013e0                __vector_dispatch_15
                0x00000001                ASSERT (((_vector_spacing == 0x0) || (SIZEOF (.vector_15) <= (_vector_spacing << 0x5))), function at exception vector 15 too large)

.vector_16      0x9fc01400        0x8
 *(.vector_16)
 .vector_16     0x9fc01400        0x8 /Applications/microchip/xc32/v2.15/bin/bin/../../lib/gcc/pic32mx/4.8.3/../../../../pic32mx/lib/libpic32.a(vector16.o)
                0x9fc01400                __vector_dispatch_16
                0x00000001                ASSERT (((_vector_spacing == 0x0) || (SIZEOF (.vector_16) <= (_vector_spacing << 0x5))), function at exception vector 16 too large)

.vector_17      0x9fc01420        0x8
 *(.vector_17)
 .vector_17     0x9fc01420        0x8 /Applications/microchip/xc32/v2.15/bin/bin/../../lib/gcc/pic32mx/4.8.3/../../../../pic32mx/lib/libpic32.a(vector17.o)
                0x9fc01420                __vector_dispatch_17
                0x00000001                ASSERT (((_vector_spacing == 0x0) || (SIZEOF (.vector_17) <= (_vector_spacing << 0x5))), function at exception vector 17 too large)

.vector_18      0x9fc01440        0x8
 *(.vector_18)
 .vector_18     0x9fc01440        0x8 /Applications/microchip/xc32/v2.15/bin/bin/../../lib/gcc/pic32mx/4.8.3/../../../../pic32mx/lib/libpic32.a(vector18.o)
                0x9fc01440                __vector_dispatch_18
                0x00000001                ASSERT (((_vector_spacing == 0x0) || (SIZEOF (.vector_18) <= (_vector_spacing << 0x5))), function at exception vector 18 too large)

.vector_19      0x9fc01460        0x8
 *(.vector_19)
 .vector_19     0x9fc01460        0x8 /Applications/microchip/xc32/v2.15/bin/bin/../../lib/gcc/pic32mx/4.8.3/../../../../pic32mx/lib/libpic32.a(vector19.o)
                0x9fc01460                __vector_dispatch_19
                0x00000001                ASSERT (((_vector_spacing == 0x0) || (SIZEOF (.vector_19) <= (_vector_spacing << 0x5))), function at exception vector 19 too large)

.vector_20      0x9fc01480       0x10
 *(.vector_20)
 .vector_20     0x9fc01480       0x10 build/Board3/production/_ext/1445490756/system_interrupt_a.o
                0x9fc01480                __vector_dispatch_20
                0x00000001                ASSERT (((_vector_spacing == 0x0) || (SIZEOF (.vector_20) <= (_vector_spacing << 0x5))), function at exception vector 20 too large)

.vector_21      0x9fc014a0        0x8
 *(.vector_21)
 .vector_21     0x9fc014a0        0x8 /Applications/microchip/xc32/v2.15/bin/bin/../../lib/gcc/pic32mx/4.8.3/../../../../pic32mx/lib/libpic32.a(vector21.o)
                0x9fc014a0                __vector_dispatch_21
                0x00000001                ASSERT (((_vector_spacing == 0x0) || (SIZEOF (.vector_21) <= (_vector_spacing << 0x5))), function at exception vector 21 too large)

.vector_22      0x9fc014c0        0x8
 *(.vector_22)
 .vector_22     0x9fc014c0        0x8 /Applications/microchip/xc32/v2.15/bin/bin/../../lib/gcc/pic32mx/4.8.3/../../../../pic32mx/lib/libpic32.a(vector22.o)
                0x9fc014c0                __vector_dispatch_22
                0x00000001                ASSERT (((_vector_spacing == 0x0) || (SIZEOF (.vector_22) <= (_vector_spacing << 0x5))), function at exception vector 22 too large)

.vector_23      0x9fc014e0        0x8
 *(.vector_23)
 .vector_23     0x9fc014e0        0x8 /Applications/microchip/xc32/v2.15/bin/bin/../../lib/gcc/pic32mx/4.8.3/../../../../pic32mx/lib/libpic32.a(vector23.o)
                0x9fc014e0                __vector_dispatch_23
                0x00000001                ASSERT (((_vector_spacing == 0x0) || (SIZEOF (.vector_23) <= (_vector_spacing << 0x5))), function at exception vector 23 too large)

.vector_24      0x9fc01500       0x10
 *(.vector_24)
 .vector_24     0x9fc01500       0x10 build/Board3/production/_ext/1445490756/system_interrupt_a.o
                0x9fc01500                __vector_dispatch_24
                0x00000001                ASSERT (((_vector_spacing == 0x0) || (SIZEOF (.vector_24) <= (_vector_spacing << 0x5))), function at exception vector 24 too large)

.vector_25      0x9fc01520        0x8
 *(.vector_25)
 .vector_25     0x9fc01520        0x8 /Applications/microchip/xc32/v2.15/bin/bin/../../lib/gcc/pic32mx/4.8.3/../../../../pic32mx/lib/libpic32.a(vector25.o)
                0x9fc01520                __vector_dispatch_25
                0x00000001                ASSERT (((_vector_spacing == 0x0) || (SIZEOF (.vector_25) <= (_vector_spacing << 0x5))), function at exception vector 25 too large)

.vector_26      0x9fc01540        0x8
 *(.vector_26)
 .vector_26     0x9fc01540        0x8 /Applications/microchip/xc32/v2.15/bin/bin/../../lib/gcc/pic32mx/4.8.3/../../../../pic32mx/lib/libpic32.a(vector26.o)
                0x9fc01540                __vector_dispatch_26
                0x00000001                ASSERT (((_vector_spacing == 0x0) || (SIZEOF (.vector_26) <= (_vector_spacing << 0x5))), function at exception vector 26 too large)

.vector_27      0x9fc01560        0x8
 *(.vector_27)
 .vector_27     0x9fc01560        0x8 /Applications/microchip/xc32/v2.15/bin/bin/../../lib/gcc/pic32mx/4.8.3/../../../../pic32mx/lib/libpic32.a(vector27.o)
                0x9fc01560                __vector_dispatch_27
                0x00000001                ASSERT (((_vector_spacing == 0x0) || (SIZEOF (.vector_27) <= (_vector_spacing << 0x5))), function at exception vector 27 too large)

.vector_28      0x9fc01580        0x8
 *(.vector_28)
 .vector_28     0x9fc01580        0x8 /Applications/microchip/xc32/v2.15/bin/bin/../../lib/gcc/pic32mx/4.8.3/../../../../pic32mx/lib/libpic32.a(vector28.o)
                0x9fc01580                __vector_dispatch_28
                0x00000001                ASSERT (((_vector_spacing == 0x0) || (SIZEOF (.vector_28) <= (_vector_spacing << 0x5))), function at exception vector 28 too large)

.vector_29      0x9fc015a0        0x8
 *(.vector_29)
 .vector_29     0x9fc015a0        0x8 /Applications/microchip/xc32/v2.15/bin/bin/../../lib/gcc/pic32mx/4.8.3/../../../../pic32mx/lib/libpic32.a(vector29.o)
                0x9fc015a0                __vector_dispatch_29
                0x00000001                ASSERT (((_vector_spacing == 0x0) || (SIZEOF (.vector_29) <= (_vector_spacing << 0x5))), function at exception vector 29 too large)

.vector_30      0x9fc015c0        0x8
 *(.vector_30)
 .vector_30     0x9fc015c0        0x8 /Applications/microchip/xc32/v2.15/bin/bin/../../lib/gcc/pic32mx/4.8.3/../../../../pic32mx/lib/libpic32.a(vector30.o)
                0x9fc015c0                __vector_dispatch_30
                0x00000001                ASSERT (((_vector_spacing == 0x0) || (SIZEOF (.vector_30) <= (_vector_spacing << 0x5))), function at exception vector 30 too large)

.vector_31      0x9fc015e0        0x8
 *(.vector_31)
 .vector_31     0x9fc015e0        0x8 /Applications/microchip/xc32/v2.15/bin/bin/../../lib/gcc/pic32mx/4.8.3/../../../../pic32mx/lib/libpic32.a(vector31.o)
                0x9fc015e0                __vector_dispatch_31
                0x00000001                ASSERT (((_vector_spacing == 0x0) || (SIZEOF (.vector_31) <= (_vector_spacing << 0x5))), function at exception vector 31 too large)

.vector_32      0x9fc01600       0x10
 *(.vector_32)
 .vector_32     0x9fc01600       0x10 build/Board3/production/_ext/1445490756/system_interrupt_a.o
                0x9fc01600                __vector_dispatch_32
                0x00000001                ASSERT (((_vector_spacing == 0x0) || (SIZEOF (.vector_32) <= (_vector_spacing << 0x5))), function at exception vector 32 too large)

.vector_33      0x9fc01620        0x8
 *(.vector_33)
 .vector_33     0x9fc01620        0x8 /Applications/microchip/xc32/v2.15/bin/bin/../../lib/gcc/pic32mx/4.8.3/../../../../pic32mx/lib/libpic32.a(vector33.o)
                0x9fc01620                __vector_dispatch_33
                0x00000001                ASSERT (((_vector_spacing == 0x0) || (SIZEOF (.vector_33) <= (_vector_spacing << 0x5))), function at exception vector 33 too large)

.vector_34      0x9fc01640        0x8
 *(.vector_34)
 .vector_34     0x9fc01640        0x8 /Applications/microchip/xc32/v2.15/bin/bin/../../lib/gcc/pic32mx/4.8.3/../../../../pic32mx/lib/libpic32.a(vector34.o)
                0x9fc01640                __vector_dispatch_34
                0x00000001                ASSERT (((_vector_spacing == 0x0) || (SIZEOF (.vector_34) <= (_vector_spacing << 0x5))), function at exception vector 34 too large)

.vector_35      0x9fc01660        0x8
 *(.vector_35)
 .vector_35     0x9fc01660        0x8 /Applications/microchip/xc32/v2.15/bin/bin/../../lib/gcc/pic32mx/4.8.3/../../../../pic32mx/lib/libpic32.a(vector35.o)
                0x9fc01660                __vector_dispatch_35
                0x00000001                ASSERT (((_vector_spacing == 0x0) || (SIZEOF (.vector_35) <= (_vector_spacing << 0x5))), function at exception vector 35 too large)

.vector_36      0x9fc01680        0x8
 *(.vector_36)
 .vector_36     0x9fc01680        0x8 /Applications/microchip/xc32/v2.15/bin/bin/../../lib/gcc/pic32mx/4.8.3/../../../../pic32mx/lib/libpic32.a(vector36.o)
                0x9fc01680                __vector_dispatch_36
                0x00000001                ASSERT (((_vector_spacing == 0x0) || (SIZEOF (.vector_36) <= (_vector_spacing << 0x5))), function at exception vector 36 too large)

.vector_37      0x9fc016a0        0x8
 *(.vector_37)
 .vector_37     0x9fc016a0        0x8 /Applications/microchip/xc32/v2.15/bin/bin/../../lib/gcc/pic32mx/4.8.3/../../../../pic32mx/lib/libpic32.a(vector37.o)
                0x9fc016a0                __vector_dispatch_37
                0x00000001                ASSERT (((_vector_spacing == 0x0) || (SIZEOF (.vector_37) <= (_vector_spacing << 0x5))), function at exception vector 37 too large)

.vector_38      0x9fc016c0        0x8
 *(.vector_38)
 .vector_38     0x9fc016c0        0x8 /Applications/microchip/xc32/v2.15/bin/bin/../../lib/gcc/pic32mx/4.8.3/../../../../pic32mx/lib/libpic32.a(vector38.o)
                0x9fc016c0                __vector_dispatch_38
                0x00000001                ASSERT (((_vector_spacing == 0x0) || (SIZEOF (.vector_38) <= (_vector_spacing << 0x5))), function at exception vector 38 too large)

.vector_39      0x9fc016e0        0x8
 *(.vector_39)
 .vector_39     0x9fc016e0        0x8 /Applications/microchip/xc32/v2.15/bin/bin/../../lib/gcc/pic32mx/4.8.3/../../../../pic32mx/lib/libpic32.a(vector39.o)
                0x9fc016e0                __vector_dispatch_39
                0x00000001                ASSERT (((_vector_spacing == 0x0) || (SIZEOF (.vector_39) <= (_vector_spacing << 0x5))), function at exception vector 39 too large)

.vector_40      0x9fc01700        0x8
 *(.vector_40)
 .vector_40     0x9fc01700        0x8 /Applications/microchip/xc32/v2.15/bin/bin/../../lib/gcc/pic32mx/4.8.3/../../../../pic32mx/lib/libpic32.a(vector40.o)
                0x9fc01700                __vector_dispatch_40
                0x00000001                ASSERT (((_vector_spacing == 0x0) || (SIZEOF (.vector_40) <= (_vector_spacing << 0x5))), function at exception vector 40 too large)

.vector_41      0x9fc01720        0x8
 *(.vector_41)
 .vector_41     0x9fc01720        0x8 /Applications/microchip/xc32/v2.15/bin/bin/../../lib/gcc/pic32mx/4.8.3/../../../../pic32mx/lib/libpic32.a(vector41.o)
                0x9fc01720                __vector_dispatch_41
                0x00000001                ASSERT (((_vector_spacing == 0x0) || (SIZEOF (.vector_41) <= (_vector_spacing << 0x5))), function at exception vector 41 too large)

.vector_42      0x9fc01740        0x8
 *(.vector_42)
 .vector_42     0x9fc01740        0x8 /Applications/microchip/xc32/v2.15/bin/bin/../../lib/gcc/pic32mx/4.8.3/../../../../pic32mx/lib/libpic32.a(vector42.o)
                0x9fc01740                __vector_dispatch_42
                0x00000001                ASSERT (((_vector_spacing == 0x0) || (SIZEOF (.vector_42) <= (_vector_spacing << 0x5))), function at exception vector 42 too large)

.vector_43      0x9fc01760        0x8
 *(.vector_43)
 .vector_43     0x9fc01760        0x8 /Applications/microchip/xc32/v2.15/bin/bin/../../lib/gcc/pic32mx/4.8.3/../../../../pic32mx/lib/libpic32.a(vector43.o)
                0x9fc01760                __vector_dispatch_43
                0x00000001                ASSERT (((_vector_spacing == 0x0) || (SIZEOF (.vector_43) <= (_vector_spacing << 0x5))), function at exception vector 43 too large)

.vector_44      0x9fc01780        0x8
 *(.vector_44)
 .vector_44     0x9fc01780        0x8 /Applications/microchip/xc32/v2.15/bin/bin/../../lib/gcc/pic32mx/4.8.3/../../../../pic32mx/lib/libpic32.a(vector44.o)
                0x9fc01780                __vector_dispatch_44
                0x00000001                ASSERT (((_vector_spacing == 0x0) || (SIZEOF (.vector_44) <= (_vector_spacing << 0x5))), function at exception vector 44 too large)

.vector_45      0x9fc017a0        0x8
 *(.vector_45)
 .vector_45     0x9fc017a0        0x8 /Applications/microchip/xc32/v2.15/bin/bin/../../lib/gcc/pic32mx/4.8.3/../../../../pic32mx/lib/libpic32.a(vector45.o)
                0x9fc017a0                __vector_dispatch_45
                0x00000001                ASSERT (((_vector_spacing == 0x0) || (SIZEOF (.vector_45) <= (_vector_spacing << 0x5))), function at exception vector 45 too large)

.vector_46      0x9fc017c0        0x8
 *(.vector_46)
 .vector_46     0x9fc017c0        0x8 /Applications/microchip/xc32/v2.15/bin/bin/../../lib/gcc/pic32mx/4.8.3/../../../../pic32mx/lib/libpic32.a(vector46.o)
                0x9fc017c0                __vector_dispatch_46
                0x00000001                ASSERT (((_vector_spacing == 0x0) || (SIZEOF (.vector_46) <= (_vector_spacing << 0x5))), function at exception vector 46 too large)

.vector_47      0x9fc017e0        0x8
 *(.vector_47)
 .vector_47     0x9fc017e0        0x8 /Applications/microchip/xc32/v2.15/bin/bin/../../lib/gcc/pic32mx/4.8.3/../../../../pic32mx/lib/libpic32.a(vector47.o)
                0x9fc017e0                __vector_dispatch_47
                0x00000001                ASSERT (((_vector_spacing == 0x0) || (SIZEOF (.vector_47) <= (_vector_spacing << 0x5))), function at exception vector 47 too large)

.vector_48      0x9fc01800        0x8
 *(.vector_48)
 .vector_48     0x9fc01800        0x8 /Applications/microchip/xc32/v2.15/bin/bin/../../lib/gcc/pic32mx/4.8.3/../../../../pic32mx/lib/libpic32.a(vector48.o)
                0x9fc01800                __vector_dispatch_48
                0x00000001                ASSERT (((_vector_spacing == 0x0) || (SIZEOF (.vector_48) <= (_vector_spacing << 0x5))), function at exception vector 48 too large)

.vector_49      0x9fc01820       0x10
 *(.vector_49)
 .vector_49     0x9fc01820       0x10 build/Board3/production/_ext/1445490756/system_interrupt_a.o
                0x9fc01820                __vector_dispatch_49
                0x00000001                ASSERT (((_vector_spacing == 0x0) || (SIZEOF (.vector_49) <= (_vector_spacing << 0x5))), function at exception vector 49 too large)

.vector_50      0x9fc01840        0x8
 *(.vector_50)
 .vector_50     0x9fc01840        0x8 /Applications/microchip/xc32/v2.15/bin/bin/../../lib/gcc/pic32mx/4.8.3/../../../../pic32mx/lib/libpic32.a(vector50.o)
                0x9fc01840                __vector_dispatch_50
                0x00000001                ASSERT (((_vector_spacing == 0x0) || (SIZEOF (.vector_50) <= (_vector_spacing << 0x5))), function at exception vector 50 too large)

.vector_51      0x9fc01860        0x8
 *(.vector_51)
 .vector_51     0x9fc01860        0x8 /Applications/microchip/xc32/v2.15/bin/bin/../../lib/gcc/pic32mx/4.8.3/../../../../pic32mx/lib/libpic32.a(vector51.o)
                0x9fc01860                __vector_dispatch_51
                0x00000001                ASSERT (((_vector_spacing == 0x0) || (SIZEOF (.vector_51) <= (_vector_spacing << 0x5))), function at exception vector 51 too large)

.vector_52      0x9fc01880        0x0
 *(.vector_52)
                0x00000001                ASSERT (((_vector_spacing == 0x0) || (SIZEOF (.vector_52) <= (_vector_spacing << 0x5))), function at exception vector 52 too large)

.vector_53      0x9fc018a0        0x0
 *(.vector_53)
                0x00000001                ASSERT (((_vector_spacing == 0x0) || (SIZEOF (.vector_53) <= (_vector_spacing << 0x5))), function at exception vector 53 too large)

.vector_54      0x9fc018c0        0x0
 *(.vector_54)
                0x00000001                ASSERT (((_vector_spacing == 0x0) || (SIZEOF (.vector_54) <= (_vector_spacing << 0x5))), function at exception vector 54 too large)

.vector_55      0x9fc018e0        0x0
 *(.vector_55)
                0x00000001                ASSERT (((_vector_spacing == 0x0) || (SIZEOF (.vector_55) <= (_vector_spacing << 0x5))), function at exception vector 55 too large)

.vector_56      0x9fc01900        0x0
 *(.vector_56)
                0x00000001                ASSERT (((_vector_spacing == 0x0) || (SIZEOF (.vector_56) <= (_vector_spacing << 0x5))), function at exception vector 56 too large)

.vector_57      0x9fc01920        0x0
 *(.vector_57)
                0x00000001                ASSERT (((_vector_spacing == 0x0) || (SIZEOF (.vector_57) <= (_vector_spacing << 0x5))), function at exception vector 57 too large)

.vector_58      0x9fc01940        0x0
 *(.vector_58)
                0x00000001                ASSERT (((_vector_spacing == 0x0) || (SIZEOF (.vector_58) <= (_vector_spacing << 0x5))), function at exception vector 58 too large)

.vector_59      0x9fc01960        0x0
 *(.vector_59)
                0x00000001                ASSERT (((_vector_spacing == 0x0) || (SIZEOF (.vector_59) <= (_vector_spacing << 0x5))), function at exception vector 59 too large)

.vector_60      0x9fc01980        0x0
 *(.vector_60)
                0x00000001                ASSERT (((_vector_spacing == 0x0) || (SIZEOF (.vector_60) <= (_vector_spacing << 0x5))), function at exception vector 60 too large)

.vector_61      0x9fc019a0        0x0
 *(.vector_61)
                0x00000001                ASSERT (((_vector_spacing == 0x0) || (SIZEOF (.vector_61) <= (_vector_spacing << 0x5))), function at exception vector 61 too large)

.vector_62      0x9fc019c0        0x0
 *(.vector_62)
                0x00000001                ASSERT (((_vector_spacing == 0x0) || (SIZEOF (.vector_62) <= (_vector_spacing << 0x5))), function at exception vector 62 too large)

.vector_63      0x9fc019e0        0x0
 *(.vector_63)
                0x00000001                ASSERT (((_vector_spacing == 0x0) || (SIZEOF (.vector_63) <= (_vector_spacing << 0x5))), function at exception vector 63 too large)

.startup
 *(.startup)

.text           0x9d000000        0x0
 *(.stub .gnu.linkonce.t.*)
 *(.text.*personality*)
 *(.mips16.fn.*)
 *(.mips16.call.*)
 *(.gnu.warning)
                0x9d000000                . = ALIGN (0x4)

.init           0x9d000000        0x0
 *crti.o(.init)
 *crtbegin.o(.init)
 *(EXCLUDE_FILE(*crtn.o *crtend?.o *crtend.o) .init)
 *crtend.o(.init)
 *crtn.o(.init)
                0x9d000000                . = ALIGN (0x4)

.fini           0x9d000000        0x0
 *(.fini)
                0x9d000000                . = ALIGN (0x4)

.preinit_array  0x9d000000        0x0
                0x9d000000                PROVIDE (__preinit_array_start, .)
 *(.preinit_array)
                0x9d000000                PROVIDE (__preinit_array_end, .)
                0x9d000000                . = ALIGN (0x4)

.init_array     0x9d000000        0x0
                0x9d000000                PROVIDE (__init_array_start, .)
 *(SORT(.init_array.*))
 *(.init_array)
                0x9d000000                PROVIDE (__init_array_end, .)
                0x9d000000                . = ALIGN (0x4)

.fini_array     0x9d000000        0x0
                0x9d000000                PROVIDE (__fini_array_start, .)
 *(SORT(.fini_array.*))
 *(.fini_array)
                0x9d000000                PROVIDE (__fini_array_end, .)
                0x9d000000                . = ALIGN (0x4)

.ctors          0x9d000000        0x0
 *crtbegin.o(.ctors)
 *crtbegin?.o(.ctors)
 *(EXCLUDE_FILE(*crtend?.o *crtend.o) .ctors)
 *(SORT(.ctors.*))
 *(.ctors)
                0x9d000000                . = ALIGN (0x4)

.dtors          0x9d000000        0x0
 *crtbegin.o(.dtors)
 *crtbegin?.o(.dtors)
 *(EXCLUDE_FILE(*crtend?.o *crtend.o) .dtors)
 *(SORT(.dtors.*))
 *(.dtors)
                0x9d000000                . = ALIGN (0x4)

.rodata         0x9d000000        0x0
 *(.gnu.linkonce.r.*)
 *(.rodata1)
                0x9d000000                . = ALIGN (0x4)

.sdata2         0x9fc00490        0x0
 *(.sdata2 .sdata2.* .gnu.linkonce.s2.*)
                0x9fc00490                . = ALIGN (0x4)

.sbss2          0x9fc00490        0x0
 *(.sbss2 .sbss2.* .gnu.linkonce.sb2.*)
                0x9fc00490                . = ALIGN (0x4)

.eh_frame_hdr
 *(.eh_frame_hdr)
                0x9fc00490                . = ALIGN (0x4)

.eh_frame
 *(.eh_frame)
                0x9fc00490                . = ALIGN (0x4)

.gcc_except_table
 *(.gcc_except_table .gcc_except_table.*)
                0x9fc00490                . = ALIGN (0x4)

.dbg_data       0xa0000000        0x0
                0xa0000000                . = (. + DEFINED (_DEBUGGER)?0x200:0x0)

.jcr            0xa0000000        0x0
 *(.jcr)
                0xa0000000                . = ALIGN (0x4)

.eh_frame
 *(.eh_frame)
                0xa0000000                . = ALIGN (0x4)

.gcc_except_table
 *(.gcc_except_table .gcc_except_table.*)
                0xa0000000                . = ALIGN (0x4)

.persist        0xa0000000        0x0
                0xa0000000                _persist_begin = .
 *(.persist .persist.*)
 *(.pbss .pbss.*)
                0xa0000000                . = ALIGN (0x4)
                0xa0000000                _persist_end = .

.data           0xa0000000        0x0
 *(.gnu.linkonce.d.*)
 *(.data1)
                0xa0000000                . = ALIGN (0x4)
                0xa0000000                . = .
                0xa0007ff0                _gp = (ALIGN (0x10) + 0x7ff0)

.got            0xa0000000        0x0
 *(.got.plt)
 *(.got)
                0xa0000000                . = ALIGN (0x4)

.sdata          0xa0000000       0x14
                0xa0000000                _sdata_begin = .
 *(.sdata .sdata.* .gnu.linkonce.s.*)
 .sdata         0xa0000000        0x8 build/Board3/production/_ext/171159973/pixy2Func.o
 .sdata         0xa0000008        0x4 build/Board3/production/_ext/905643201/heap_2.o
 .sdata         0xa000000c        0x4 build/Board3/production/_ext/331515796/port.o
                0xa000000c                uxInterruptNesting
 .sdata         0xa0000010        0x4 /Applications/microchip/xc32/v2.15/bin/bin/../../lib/gcc/pic32mx/4.8.3/../../../../pic32mx/lib/libpic32.a(xc32_uart.o)
                0xa0000010                __XC_UART
                0xa0000014                . = ALIGN (0x4)
                0xa0000014                _sdata_end = .

.lit8
 *(.lit8)

.lit4
 *(.lit4)
                0xa0000014                . = ALIGN (0x4)
                0xa0000014                _data_end = .
                0xa0000014                _bss_begin = .

.sbss           0xa0000014      0x128
                0xa0000014                _sbss_begin = .
 *(.dynsbss)
 *(.sbss .sbss.* .gnu.linkonce.sb.*)
 .sbss          0xa0000014        0x3 build/Board3/production/_ext/1581265059/drv_tmr_static.o
 *fill*         0xa0000017        0x1 
 .sbss          0xa0000018        0xc build/Board3/production/_ext/1445490756/system_exceptions.o
 .sbss          0xa0000024        0x8 build/Board3/production/_ext/171159973/cJSON.o
 .sbss          0xa000002c       0x10 build/Board3/production/_ext/171159973/http.o
 .sbss          0xa000003c       0x18 build/Board3/production/_ext/171159973/wifi_state.o
 .sbss          0xa0000054        0xc build/Board3/production/_ext/171159973/pixy2Func.o
 .sbss          0xa0000060       0x14 build/Board3/production/_ext/171159973/pixy_queue.o
 .sbss          0xa0000074        0x8 build/Board3/production/_ext/171159973/sensor_state.o
 .sbss          0xa000007c       0x14 build/Board3/production/_ext/905643201/heap_2.o
 .sbss          0xa0000090        0x4 build/Board3/production/_ext/331515796/port.o
                0xa0000090                uxSavedTaskStackPointer
 .sbss          0xa0000094       0x3c build/Board3/production/_ext/1539584926/tasks.o
                0xa00000cc                pxCurrentTCB
 .sbss          0xa00000d0       0x14 build/Board3/production/_ext/1539584926/timers.o
 *(.scommon)
 .scommon       0xa00000e4       0x34 build/Board3/production/_ext/866528212/drv_oc_mapping.o
                0xa00000e4                Uart_tx_queue
                0xa00000e8                Pixy_UART_ISR
                0xa00000ec                timerHndl1Sec
                0xa00000f0                Mt_LEDHandle
                0xa00000f4                Mt_SWTimerHandle
                0xa00000f8                PixyThread
                0xa00000fc                Mt_AdjustHandle
                0xa0000100                UARTqueue
                0xa0000104                UART_Thread_queue
                0xa0000108                PixyT_Handle
                0xa000010c                Mt_ReqHandle
                0xa0000110                mtQueueHandle
                0xa0000114                pi_start_handle
 .scommon       0xa0000118        0x0 build/Board3/production/_ext/1048789169/drv_usart_mapping.o
 .scommon       0xa0000118       0x18 build/Board3/production/_ext/1048789169/drv_usart_static.o
                0xa0000118                gDrvUSART0Obj
                0xa0000120                gDrvUSART2Obj
                0xa0000128                gDrvUSART1Obj
 .scommon       0xa0000130        0x0 build/Board3/production/_ext/1048789169/drv_usart_static_byte_model.o
 .scommon       0xa0000130        0x0 build/Board3/production/_ext/666654925/sys_clk_pic32mx.o
 .scommon       0xa0000130        0x8 build/Board3/production/_ext/40378138/sys_devcon.o
                0xa0000130                sysDevconObj
 .scommon       0xa0000138        0x0 build/Board3/production/_ext/1445490756/system_init.o
 .scommon       0xa0000138        0x0 build/Board3/production/_ext/1445490756/system_interrupt.o
 .scommon       0xa0000138        0x0 build/Board3/production/_ext/1445490756/system_exceptions.o
 .scommon       0xa0000138        0x0 build/Board3/production/_ext/1445490756/system_tasks.o
 .scommon       0xa0000138        0x0 build/Board3/production/_ext/1360937237/motor_app.o
 .scommon       0xa0000138        0x0 build/Board3/production/_ext/1360937237/wifi_app.o
 .scommon       0xa0000138        0x0 build/Board3/production/_ext/171159973/debug.o
 .scommon       0xa0000138        0x0 build/Board3/production/_ext/171159973/http.o
 .scommon       0xa0000138        0x0 build/Board3/production/_ext/171159973/motor.o
 .scommon       0xa0000138        0x0 build/Board3/production/_ext/171159973/motor_queue.o
 .scommon       0xa0000138        0x0 build/Board3/production/_ext/171159973/motor_software_timer.o
 .scommon       0xa0000138        0x0 build/Board3/production/_ext/171159973/motor_state.o
 .scommon       0xa0000138        0x0 build/Board3/production/_ext/171159973/wifi_queue.o
 .scommon       0xa0000138        0x0 build/Board3/production/_ext/171159973/wifi_state.o
 .scommon       0xa0000138        0x4 build/Board3/production/_ext/171159973/wifi_timer.o
                0xa0000138                statistic_handle
 .scommon       0xa000013c        0x0 build/Board3/production/_ext/171159973/pixy2Func.o
 .scommon       0xa000013c        0x0 build/Board3/production/_ext/171159973/pixy_app.o
 .scommon       0xa000013c        0x0 build/Board3/production/_ext/171159973/pixy_queue.o
 .scommon       0xa000013c        0x0 build/Board3/production/_ext/1360937237/sensor_app.o
 .scommon       0xa000013c        0x0 build/Board3/production/_ext/171159973/sensor_queue.o
 .scommon       0xa000013c        0x0 build/Board3/production/_ext/171159973/sensor_state.o
                0xa000013c                _sbss_end = .
                0xa000013c                . = ALIGN (0x4)

.bss            0xa000013c       0x18
 *(.dynbss)
 *(COMMON)
 COMMON         0xa000013c       0x18 build/Board3/production/_ext/1445490756/system_init.o
                0xa000013c                sysObj
                0xa0000154                . = ALIGN ((. != 0x0)?0x4:0x1)
                0xa0000154                . = ALIGN (0x4)
                0xa0000154                _end = .
                0xa0000154                _bss_end = .
                0x00020000                _bmxdudba_address = 0x20000
                0x00020000                _bmxdupba_address = 0x20000

/DISCARD/
 *(.pdr)
 *(.rel.dyn)
 *(.note.GNU-stack)
 *(.note.GNU-stack)
 *(.gnu_debuglink)
 *(.gnu.lto_*)
 *(.discard)

.gptab.sdata
 *(.gptab.data)
 *(.gptab.sdata)

.gptab.sbss
 *(.gptab.bss)
 *(.gptab.sbss)

.mdebug.abi32   0xa0000154        0x0
 *(.mdebug.abi32)
 .mdebug.abi32  0xa0000154        0x0 build/Board3/production/_ext/866528212/drv_oc_mapping.o
 .mdebug.abi32  0xa0000154        0x0 build/Board3/production/_ext/866528212/drv_oc_static.o
 .mdebug.abi32  0xa0000154        0x0 build/Board3/production/_ext/1581265059/drv_tmr_static.o
 .mdebug.abi32  0xa0000154        0x0 build/Board3/production/_ext/1581265059/drv_tmr_mapping.o
 .mdebug.abi32  0xa0000154        0x0 build/Board3/production/_ext/1048789169/drv_usart_mapping.o
 .mdebug.abi32  0xa0000154        0x0 build/Board3/production/_ext/1048789169/drv_usart_static.o
 .mdebug.abi32  0xa0000154        0x0 build/Board3/production/_ext/1048789169/drv_usart_static_byte_model.o
 .mdebug.abi32  0xa0000154        0x0 build/Board3/production/_ext/666654925/sys_clk_pic32mx.o
 .mdebug.abi32  0xa0000154        0x0 build/Board3/production/_ext/40378138/sys_devcon.o
 .mdebug.abi32  0xa0000154        0x0 build/Board3/production/_ext/40378138/sys_devcon_pic32mx.o
 .mdebug.abi32  0xa0000154        0x0 build/Board3/production/_ext/2097129251/sys_ports_static.o
 .mdebug.abi32  0xa0000154        0x0 build/Board3/production/_ext/1445490756/system_init.o
 .mdebug.abi32  0xa0000154        0x0 build/Board3/production/_ext/1445490756/system_interrupt.o
 .mdebug.abi32  0xa0000154        0x0 build/Board3/production/_ext/1445490756/system_exceptions.o
 .mdebug.abi32  0xa0000154        0x0 build/Board3/production/_ext/1445490756/system_tasks.o
 .mdebug.abi32  0xa0000154        0x0 build/Board3/production/_ext/1445490756/rtos_hooks.o
 .mdebug.abi32  0xa0000154        0x0 build/Board3/production/_ext/1360937237/motor_app.o
 .mdebug.abi32  0xa0000154        0x0 build/Board3/production/_ext/1360937237/wifi_app.o
 .mdebug.abi32  0xa0000154        0x0 build/Board3/production/_ext/1360937237/main.o
 .mdebug.abi32  0xa0000154        0x0 build/Board3/production/_ext/171159973/cJSON.o
 .mdebug.abi32  0xa0000154        0x0 build/Board3/production/_ext/171159973/debug.o
 .mdebug.abi32  0xa0000154        0x0 build/Board3/production/_ext/171159973/http.o
 .mdebug.abi32  0xa0000154        0x0 build/Board3/production/_ext/171159973/motor.o
 .mdebug.abi32  0xa0000154        0x0 build/Board3/production/_ext/171159973/motor_queue.o
 .mdebug.abi32  0xa0000154        0x0 build/Board3/production/_ext/171159973/motor_software_timer.o
 .mdebug.abi32  0xa0000154        0x0 build/Board3/production/_ext/171159973/motor_state.o
 .mdebug.abi32  0xa0000154        0x0 build/Board3/production/_ext/171159973/wifi_queue.o
 .mdebug.abi32  0xa0000154        0x0 build/Board3/production/_ext/171159973/wifi_state.o
 .mdebug.abi32  0xa0000154        0x0 build/Board3/production/_ext/171159973/wifi_timer.o
 .mdebug.abi32  0xa0000154        0x0 build/Board3/production/_ext/171159973/pixy2Func.o
 .mdebug.abi32  0xa0000154        0x0 build/Board3/production/_ext/171159973/pixy_app.o
 .mdebug.abi32  0xa0000154        0x0 build/Board3/production/_ext/171159973/pixy_queue.o
 .mdebug.abi32  0xa0000154        0x0 build/Board3/production/_ext/1360937237/sensor_app.o
 .mdebug.abi32  0xa0000154        0x0 build/Board3/production/_ext/171159973/sensor_queue.o
 .mdebug.abi32  0xa0000154        0x0 build/Board3/production/_ext/171159973/sensor_state.o
 .mdebug.abi32  0xa0000154        0x0 build/Board3/production/_ext/1043444669/osal_freertos.o
 .mdebug.abi32  0xa0000154        0x0 build/Board3/production/_ext/249303043/sys_int_pic32.o
 .mdebug.abi32  0xa0000154        0x0 build/Board3/production/_ext/905643201/heap_2.o
 .mdebug.abi32  0xa0000154        0x0 build/Board3/production/_ext/331515796/port.o
 .mdebug.abi32  0xa0000154        0x0 build/Board3/production/_ext/1539584926/croutine.o
 .mdebug.abi32  0xa0000154        0x0 build/Board3/production/_ext/1539584926/list.o
 .mdebug.abi32  0xa0000154        0x0 build/Board3/production/_ext/1539584926/queue.o
 .mdebug.abi32  0xa0000154        0x0 build/Board3/production/_ext/1539584926/tasks.o
 .mdebug.abi32  0xa0000154        0x0 build/Board3/production/_ext/1539584926/timers.o
 .mdebug.abi32  0xa0000154        0x0 build/Board3/production/_ext/1539584926/event_groups.o
 .mdebug.abi32  0xa0000154        0x0 build/Board3/production/_ext/1539584926/stream_buffer.o
 .mdebug.abi32  0xa0000154        0x0 /Applications/microchip/xc32/v2.15/bin/bin/../../lib/gcc/pic32mx/4.8.3/libgcc.a(floatunsisf.o)
 .mdebug.abi32  0xa0000154        0x0 /Applications/microchip/xc32/v2.15/bin/bin/../../lib/gcc/pic32mx/4.8.3/../../../../pic32mx/lib/libpic32.a(default-bootstrap-exception-handler.o)
 .mdebug.abi32  0xa0000154        0x0 /Applications/microchip/xc32/v2.15/bin/bin/../../lib/gcc/pic32mx/4.8.3/../../../../pic32mx/lib/libpic32.a(default-on-reset.o)
 .mdebug.abi32  0xa0000154        0x0 /Applications/microchip/xc32/v2.15/bin/bin/../../lib/gcc/pic32mx/4.8.3/../../../../pic32mx/lib/libpic32.a(default-on-bootstrap.o)
 .mdebug.abi32  0xa0000154        0x0 /Applications/microchip/xc32/v2.15/bin/bin/../../lib/gcc/pic32mx/4.8.3/../../../../pic32mx/lib/libpic32.a(defaultinterrupt.o)
 .mdebug.abi32  0xa0000154        0x0 /Applications/microchip/xc32/v2.15/bin/bin/../../lib/gcc/pic32mx/4.8.3/../../../../pic32mx/lib/libc.a(ctypef.o)
 .mdebug.abi32  0xa0000154        0x0 /Applications/microchip/xc32/v2.15/bin/bin/../../lib/gcc/pic32mx/4.8.3/../../../../pic32mx/lib/libc.a(malloc.o)
 .mdebug.abi32  0xa0000154        0x0 /Applications/microchip/xc32/v2.15/bin/bin/../../lib/gcc/pic32mx/4.8.3/../../../../pic32mx/lib/libc.a(strcat.o)
 .mdebug.abi32  0xa0000154        0x0 /Applications/microchip/xc32/v2.15/bin/bin/../../lib/gcc/pic32mx/4.8.3/../../../../pic32mx/lib/libc.a(strncmp.o)
 .mdebug.abi32  0xa0000154        0x0 /Applications/microchip/xc32/v2.15/bin/bin/../../lib/gcc/pic32mx/4.8.3/../../../../pic32mx/lib/libc.a(strtod.o)
 .mdebug.abi32  0xa0000154        0x0 /Applications/microchip/xc32/v2.15/bin/bin/../../lib/gcc/pic32mx/4.8.3/../../../../pic32mx/lib/libc.a(sprintf_cdgGnopuxX.eo)
 .mdebug.abi32  0xa0000154        0x0 /Applications/microchip/xc32/v2.15/bin/bin/../../lib/gcc/pic32mx/4.8.3/../../../../pic32mx/lib/libc.a(sscanf_gG.eo)
 .mdebug.abi32  0xa0000154        0x0 /Applications/microchip/xc32/v2.15/bin/bin/../../lib/gcc/pic32mx/4.8.3/../../../../pic32mx/lib/libc.a(ctype.o)
 .mdebug.abi32  0xa0000154        0x0 /Applications/microchip/xc32/v2.15/bin/bin/../../lib/gcc/pic32mx/4.8.3/../../../../pic32mx/lib/libc.a(doprnt_cdgGnopuxX.eo)
 .mdebug.abi32  0xa0000154        0x0 /Applications/microchip/xc32/v2.15/bin/bin/../../lib/gcc/pic32mx/4.8.3/../../../../pic32mx/lib/libc.a(doscan_gG.eo)
 .mdebug.abi32  0xa0000154        0x0 /Applications/microchip/xc32/v2.15/bin/bin/../../lib/gcc/pic32mx/4.8.3/../../../../pic32mx/lib/libc.a(fgetc.o)
 .mdebug.abi32  0xa0000154        0x0 /Applications/microchip/xc32/v2.15/bin/bin/../../lib/gcc/pic32mx/4.8.3/../../../../pic32mx/lib/libc.a(_fputc_simple.o)
 .mdebug.abi32  0xa0000154        0x0 /Applications/microchip/xc32/v2.15/bin/bin/../../lib/gcc/pic32mx/4.8.3/../../../../pic32mx/lib/libc.a(atoi.o)
 .mdebug.abi32  0xa0000154        0x0 /Applications/microchip/xc32/v2.15/bin/bin/../../lib/gcc/pic32mx/4.8.3/../../../../pic32mx/lib/libc.a(ldpowers.o)
 .mdebug.abi32  0xa0000154        0x0 /Applications/microchip/xc32/v2.15/bin/bin/../../lib/gcc/pic32mx/4.8.3/../../../../pic32mx/lib/libc.a(strtof.o)
 .mdebug.abi32  0xa0000154        0x0 /Applications/microchip/xc32/v2.15/bin/bin/../../lib/gcc/pic32mx/4.8.3/../../../../pic32mx/lib/libc.a(ungetc.o)
 .mdebug.abi32  0xa0000154        0x0 /Applications/microchip/xc32/v2.15/bin/bin/../../lib/gcc/pic32mx/4.8.3/../../../../pic32mx/lib/libc.a(_iob.o)
 .mdebug.abi32  0xa0000154        0x0 /Applications/microchip/xc32/v2.15/bin/bin/../../lib/gcc/pic32mx/4.8.3/../../../../pic32mx/lib/libc.a(filbuf.o)
 .mdebug.abi32  0xa0000154        0x0 /Applications/microchip/xc32/v2.15/bin/bin/../../lib/gcc/pic32mx/4.8.3/../../../../pic32mx/lib/libc.a(_flsbuf_simple.o)
 .mdebug.abi32  0xa0000154        0x0 /Applications/microchip/xc32/v2.15/bin/bin/../../lib/gcc/pic32mx/4.8.3/../../../../pic32mx/lib/libc.a(fflush.o)
 .mdebug.abi32  0xa0000154        0x0 /Applications/microchip/xc32/v2.15/bin/bin/../../lib/gcc/pic32mx/4.8.3/../../../../pic32mx/lib/libm.a(w_powf.o)
 .mdebug.abi32  0xa0000154        0x0 /Applications/microchip/xc32/v2.15/bin/bin/../../lib/gcc/pic32mx/4.8.3/../../../../pic32mx/lib/libm.a(__strtod.o)
 .mdebug.abi32  0xa0000154        0x0 /Applications/microchip/xc32/v2.15/bin/bin/../../lib/gcc/pic32mx/4.8.3/../../../../pic32mx/lib/libm.a(__strtof.o)
 .mdebug.abi32  0xa0000154        0x0 /Applications/microchip/xc32/v2.15/bin/bin/../../lib/gcc/pic32mx/4.8.3/../../../../pic32mx/lib/libm.a(s_lib_ver.o)
 .mdebug.abi32  0xa0000154        0x0 /Applications/microchip/xc32/v2.15/bin/bin/../../lib/gcc/pic32mx/4.8.3/../../../../pic32mx/lib/libe.a(_fixunsdfdi.o)
 .mdebug.abi32  0xa0000154        0x0 /Applications/microchip/xc32/v2.15/bin/bin/../../lib/gcc/pic32mx/4.8.3/../../../../pic32mx/lib/libe.a(_orderdf2.o)
 .mdebug.abi32  0xa0000154        0x0 /Applications/microchip/xc32/v2.15/bin/bin/../../lib/gcc/pic32mx/4.8.3/../../../../pic32mx/lib/libe.a(_ldexp.o)
 .mdebug.abi32  0xa0000154        0x0 /Applications/microchip/xc32/v2.15/bin/bin/../../lib/gcc/pic32mx/4.8.3/../../../../pic32mx/lib/libe.a(_ldexpf.o)
 .mdebug.abi32  0xa0000154        0x0 /Applications/microchip/xc32/v2.15/bin/bin/../../lib/gcc/pic32mx/4.8.3/../../../../pic32mx/lib/libe.a(_fixdfdi.o)
 .mdebug.abi32  0xa0000154        0x0 /Applications/microchip/xc32/v2.15/bin/bin/../../lib/gcc/pic32mx/4.8.3/libgcc.a(_lshrdi3.o)
 .mdebug.abi32  0xa0000154        0x0 /Applications/microchip/xc32/v2.15/bin/bin/../../lib/gcc/pic32mx/4.8.3/libgcc.a(_ashldi3.o)
 .mdebug.abi32  0xa0000154        0x0 /Applications/microchip/xc32/v2.15/bin/bin/../../lib/gcc/pic32mx/4.8.3/libgcc.a(_floatundidf.o)
 .mdebug.abi32  0xa0000154        0x0 /Applications/microchip/xc32/v2.15/bin/bin/../../lib/gcc/pic32mx/4.8.3/libgcc.a(_udivdi3.o)
 .mdebug.abi32  0xa0000154        0x0 /Applications/microchip/xc32/v2.15/bin/bin/../../lib/gcc/pic32mx/4.8.3/libgcc.a(_umoddi3.o)
 .mdebug.abi32  0xa0000154        0x0 /Applications/microchip/xc32/v2.15/bin/bin/../../lib/gcc/pic32mx/4.8.3/libgcc.a(floatunsidf.o)
 .mdebug.abi32  0xa0000154        0x0 /Applications/microchip/xc32/v2.15/bin/bin/../../lib/gcc/pic32mx/4.8.3/../../../../pic32mx/lib/libpic32.a(sbrk.o)
 .mdebug.abi32  0xa0000154        0x0 /Applications/microchip/xc32/v2.15/bin/bin/../../lib/gcc/pic32mx/4.8.3/../../../../pic32mx/lib/libpic32.a(read.o)
 .mdebug.abi32  0xa0000154        0x0 /Applications/microchip/xc32/v2.15/bin/bin/../../lib/gcc/pic32mx/4.8.3/../../../../pic32mx/lib/libpic32.a(write.o)
 .mdebug.abi32  0xa0000154        0x0 /Applications/microchip/xc32/v2.15/bin/bin/../../lib/gcc/pic32mx/4.8.3/../../../../pic32mx/lib/libpic32.a(xc32_uart.o)
 .mdebug.abi32  0xa0000154        0x0 /Applications/microchip/xc32/v2.15/bin/bin/../../lib/gcc/pic32mx/4.8.3/../../../../pic32mx/lib/libpic32.a(errno.o)
 .mdebug.abi32  0xa0000154        0x0 /Applications/microchip/xc32/v2.15/bin/bin/../../lib/gcc/pic32mx/4.8.3/../../../../pic32mx/lib/libpic32.a(isinf.o)
 .mdebug.abi32  0xa0000154        0x0 /Applications/microchip/xc32/v2.15/bin/bin/../../lib/gcc/pic32mx/4.8.3/../../../../pic32mx/lib/libpic32.a(_mon_putc.o)
 .mdebug.abi32  0xa0000154        0x0 /Applications/microchip/xc32/v2.15/bin/bin/../../lib/gcc/pic32mx/4.8.3/../../../../pic32mx/lib/libe.a(_unorddf2.o)

.mdebug.abiN32
 *(.mdebug.abiN32)

.mdebug.abi64
 *(.mdebug.abi64)

.mdebug.abiO64
 *(.mdebug.abiO64)

.mdebug.eabi32
 *(.mdebug.eabi32)

.mdebug.eabi64
 *(.mdebug.eabi64)

.gcc_compiled_long32
 *(.gcc_compiled_long32)

.gcc_compiled_long64
 *(.gcc_compiled_long64)

.stab
 *(.stab)

.stabstr
 *(.stabstr)

.stab.excl
 *(.stab.excl)

.stab.exclstr
 *(.stab.exclstr)

.stab.index
 *(.stab.index)

.stab.indexstr
 *(.stab.indexstr)

.comment        0x00000000      0x404
 *(.comment)
 .comment       0x00000000       0x3c build/Board3/production/_ext/866528212/drv_oc_mapping.o
                                 0x3d (size before relaxing)
 .comment       0x00000000       0x3d build/Board3/production/_ext/866528212/drv_oc_static.o
 .comment       0x00000000       0x3d build/Board3/production/_ext/1581265059/drv_tmr_static.o
 .comment       0x00000000       0x3d build/Board3/production/_ext/1581265059/drv_tmr_mapping.o
 .comment       0x00000000       0x3d build/Board3/production/_ext/1048789169/drv_usart_mapping.o
 .comment       0x00000000       0x3d build/Board3/production/_ext/1048789169/drv_usart_static.o
 .comment       0x00000000       0x3d build/Board3/production/_ext/1048789169/drv_usart_static_byte_model.o
 .comment       0x00000000       0x3d build/Board3/production/_ext/666654925/sys_clk_pic32mx.o
 .comment       0x00000000       0x3d build/Board3/production/_ext/40378138/sys_devcon.o
 .comment       0x00000000       0x3d build/Board3/production/_ext/40378138/sys_devcon_pic32mx.o
 .comment       0x00000000       0x3d build/Board3/production/_ext/2097129251/sys_ports_static.o
 .comment       0x00000000       0x3d build/Board3/production/_ext/1445490756/system_init.o
 .comment       0x00000000       0x3d build/Board3/production/_ext/1445490756/system_interrupt.o
 .comment       0x00000000       0x3d build/Board3/production/_ext/1445490756/system_exceptions.o
 .comment       0x00000000       0x3d build/Board3/production/_ext/1445490756/system_tasks.o
 .comment       0x00000000       0x3d build/Board3/production/_ext/1445490756/rtos_hooks.o
 .comment       0x00000000       0x3d build/Board3/production/_ext/1360937237/motor_app.o
 .comment       0x00000000       0x3d build/Board3/production/_ext/1360937237/wifi_app.o
 .comment       0x00000000       0x3d build/Board3/production/_ext/1360937237/main.o
 .comment       0x00000000       0x3d build/Board3/production/_ext/171159973/cJSON.o
 .comment       0x00000000       0x3d build/Board3/production/_ext/171159973/debug.o
 .comment       0x00000000       0x3d build/Board3/production/_ext/171159973/http.o
 .comment       0x00000000       0x3d build/Board3/production/_ext/171159973/motor.o
 .comment       0x00000000       0x3d build/Board3/production/_ext/171159973/motor_queue.o
 .comment       0x00000000       0x3d build/Board3/production/_ext/171159973/motor_software_timer.o
 .comment       0x00000000       0x3d build/Board3/production/_ext/171159973/motor_state.o
 .comment       0x00000000       0x3d build/Board3/production/_ext/171159973/wifi_queue.o
 .comment       0x00000000       0x3d build/Board3/production/_ext/171159973/wifi_state.o
 .comment       0x00000000       0x3d build/Board3/production/_ext/171159973/wifi_timer.o
 .comment       0x00000000       0x3d build/Board3/production/_ext/171159973/pixy2Func.o
 .comment       0x00000000       0x3d build/Board3/production/_ext/171159973/pixy_app.o
 .comment       0x00000000       0x3d build/Board3/production/_ext/171159973/pixy_queue.o
 .comment       0x00000000       0x3d build/Board3/production/_ext/1360937237/sensor_app.o
 .comment       0x00000000       0x3d build/Board3/production/_ext/171159973/sensor_queue.o
 .comment       0x00000000       0x3d build/Board3/production/_ext/171159973/sensor_state.o
 .comment       0x00000000       0x3d build/Board3/production/_ext/1043444669/osal_freertos.o
 .comment       0x00000000       0x3d build/Board3/production/_ext/249303043/sys_int_pic32.o
 .comment       0x00000000       0x3d build/Board3/production/_ext/905643201/heap_2.o
 .comment       0x00000000       0x3d build/Board3/production/_ext/331515796/port.o
 .comment       0x00000000       0x3d build/Board3/production/_ext/1539584926/croutine.o
 .comment       0x00000000       0x3d build/Board3/production/_ext/1539584926/list.o
 .comment       0x00000000       0x3d build/Board3/production/_ext/1539584926/queue.o
 .comment       0x00000000       0x3d build/Board3/production/_ext/1539584926/tasks.o
 .comment       0x00000000       0x3d build/Board3/production/_ext/1539584926/timers.o
 .comment       0x00000000       0x3d build/Board3/production/_ext/1539584926/event_groups.o
 .comment       0x00000000       0x3d build/Board3/production/_ext/1539584926/stream_buffer.o
 .comment       0x00000000       0x3d /Applications/microchip/xc32/v2.15/bin/bin/../../lib/gcc/pic32mx/4.8.3/libgcc.a(floatunsisf.o)
 .comment       0x0000003c       0x18 /Applications/microchip/xc32/v2.15/bin/bin/../../lib/gcc/pic32mx/4.8.3/../../../../pic32mx/lib/libpic32.a(memset.o)
                                 0x19 (size before relaxing)
 .comment       0x00000054       0x19 /Applications/microchip/xc32/v2.15/bin/bin/../../lib/gcc/pic32mx/4.8.3/../../../../pic32mx/lib/libpic32.a(strcmp.o)
                                 0x1a (size before relaxing)
 .comment       0x0000006d       0x19 /Applications/microchip/xc32/v2.15/bin/bin/../../lib/gcc/pic32mx/4.8.3/../../../../pic32mx/lib/libpic32.a(strcpy.o)
                                 0x1a (size before relaxing)
 .comment       0x00000086       0x19 /Applications/microchip/xc32/v2.15/bin/bin/../../lib/gcc/pic32mx/4.8.3/../../../../pic32mx/lib/libpic32.a(strlen.o)
                                 0x1a (size before relaxing)
 .comment       0x00000000       0x3d /Applications/microchip/xc32/v2.15/bin/bin/../../lib/gcc/pic32mx/4.8.3/../../../../pic32mx/lib/libpic32.a(default-bootstrap-exception-handler.o)
 .comment       0x00000000       0x3d /Applications/microchip/xc32/v2.15/bin/bin/../../lib/gcc/pic32mx/4.8.3/../../../../pic32mx/lib/libpic32.a(default-on-reset.o)
 .comment       0x00000000       0x3d /Applications/microchip/xc32/v2.15/bin/bin/../../lib/gcc/pic32mx/4.8.3/../../../../pic32mx/lib/libpic32.a(default-on-bootstrap.o)
 .comment       0x00000000       0x3d /Applications/microchip/xc32/v2.15/bin/bin/../../lib/gcc/pic32mx/4.8.3/../../../../pic32mx/lib/libpic32.a(defaultinterrupt.o)
 .comment       0x0000009f       0x4f /Applications/microchip/xc32/v2.15/bin/bin/../../lib/gcc/pic32mx/4.8.3/../../../../pic32mx/lib/libc.a(ctypef.o)
                                 0x8c (size before relaxing)
 .comment       0x00000000       0x3d /Applications/microchip/xc32/v2.15/bin/bin/../../lib/gcc/pic32mx/4.8.3/../../../../pic32mx/lib/libc.a(malloc.o)
 .comment       0x00000000       0x3d /Applications/microchip/xc32/v2.15/bin/bin/../../lib/gcc/pic32mx/4.8.3/../../../../pic32mx/lib/libc.a(strcat.o)
 .comment       0x00000000       0x3d /Applications/microchip/xc32/v2.15/bin/bin/../../lib/gcc/pic32mx/4.8.3/../../../../pic32mx/lib/libc.a(strncmp.o)
 .comment       0x00000000       0x3d /Applications/microchip/xc32/v2.15/bin/bin/../../lib/gcc/pic32mx/4.8.3/../../../../pic32mx/lib/libc.a(strtod.o)
 .comment       0x00000000       0x3d /Applications/microchip/xc32/v2.15/bin/bin/../../lib/gcc/pic32mx/4.8.3/../../../../pic32mx/lib/libc.a(sprintf_cdgGnopuxX.eo)
 .comment       0x00000000       0x3d /Applications/microchip/xc32/v2.15/bin/bin/../../lib/gcc/pic32mx/4.8.3/../../../../pic32mx/lib/libc.a(sscanf_gG.eo)
 .comment       0x000000ee       0x4e /Applications/microchip/xc32/v2.15/bin/bin/../../lib/gcc/pic32mx/4.8.3/../../../../pic32mx/lib/libc.a(ctype.o)
                                 0x8b (size before relaxing)
 .comment       0x00000000       0x3d /Applications/microchip/xc32/v2.15/bin/bin/../../lib/gcc/pic32mx/4.8.3/../../../../pic32mx/lib/libc.a(doprnt_cdgGnopuxX.eo)
 .comment       0x00000000       0x3d /Applications/microchip/xc32/v2.15/bin/bin/../../lib/gcc/pic32mx/4.8.3/../../../../pic32mx/lib/libc.a(doscan_gG.eo)
 .comment       0x00000000       0x3d /Applications/microchip/xc32/v2.15/bin/bin/../../lib/gcc/pic32mx/4.8.3/../../../../pic32mx/lib/libc.a(fgetc.o)
 .comment       0x00000000       0x3d /Applications/microchip/xc32/v2.15/bin/bin/../../lib/gcc/pic32mx/4.8.3/../../../../pic32mx/lib/libc.a(_fputc_simple.o)
 .comment       0x00000000       0x3d /Applications/microchip/xc32/v2.15/bin/bin/../../lib/gcc/pic32mx/4.8.3/../../../../pic32mx/lib/libc.a(atoi.o)
 .comment       0x00000000       0x3d /Applications/microchip/xc32/v2.15/bin/bin/../../lib/gcc/pic32mx/4.8.3/../../../../pic32mx/lib/libc.a(ldpowers.o)
 .comment       0x00000000       0x3d /Applications/microchip/xc32/v2.15/bin/bin/../../lib/gcc/pic32mx/4.8.3/../../../../pic32mx/lib/libc.a(strtof.o)
 .comment       0x00000000       0x3d /Applications/microchip/xc32/v2.15/bin/bin/../../lib/gcc/pic32mx/4.8.3/../../../../pic32mx/lib/libc.a(ungetc.o)
 .comment       0x00000000       0x3d /Applications/microchip/xc32/v2.15/bin/bin/../../lib/gcc/pic32mx/4.8.3/../../../../pic32mx/lib/libc.a(_iob.o)
 .comment       0x00000000       0x3d /Applications/microchip/xc32/v2.15/bin/bin/../../lib/gcc/pic32mx/4.8.3/../../../../pic32mx/lib/libc.a(filbuf.o)
 .comment       0x00000000       0x3d /Applications/microchip/xc32/v2.15/bin/bin/../../lib/gcc/pic32mx/4.8.3/../../../../pic32mx/lib/libc.a(_flsbuf_simple.o)
 .comment       0x00000000       0x3d /Applications/microchip/xc32/v2.15/bin/bin/../../lib/gcc/pic32mx/4.8.3/../../../../pic32mx/lib/libc.a(fflush.o)
 .comment       0x00000000       0x3d /Applications/microchip/xc32/v2.15/bin/bin/../../lib/gcc/pic32mx/4.8.3/../../../../pic32mx/lib/libm.a(w_powf.o)
 .comment       0x0000013c       0x9d /Applications/microchip/xc32/v2.15/bin/bin/../../lib/gcc/pic32mx/4.8.3/../../../../pic32mx/lib/libm.a(__strtod.o)
                                 0xda (size before relaxing)
 .comment       0x000001d9       0x4f /Applications/microchip/xc32/v2.15/bin/bin/../../lib/gcc/pic32mx/4.8.3/../../../../pic32mx/lib/libm.a(__strtof.o)
                                 0xda (size before relaxing)
 .comment       0x00000000       0x3d /Applications/microchip/xc32/v2.15/bin/bin/../../lib/gcc/pic32mx/4.8.3/../../../../pic32mx/lib/libm.a(s_lib_ver.o)
 .comment       0x00000228       0x51 /Applications/microchip/xc32/v2.15/bin/bin/../../lib/gcc/pic32mx/4.8.3/../../../../pic32mx/lib/libe.a(_fixunsdfdi.o)
                                 0xdc (size before relaxing)
 .comment       0x00000279       0x50 /Applications/microchip/xc32/v2.15/bin/bin/../../lib/gcc/pic32mx/4.8.3/../../../../pic32mx/lib/libe.a(_orderdf2.o)
                                 0xdb (size before relaxing)
 .comment       0x000002c9       0x50 /Applications/microchip/xc32/v2.15/bin/bin/../../lib/gcc/pic32mx/4.8.3/../../../../pic32mx/lib/libe.a(_ldexp.o)
                                 0xdb (size before relaxing)
 .comment       0x00000319       0x50 /Applications/microchip/xc32/v2.15/bin/bin/../../lib/gcc/pic32mx/4.8.3/../../../../pic32mx/lib/libe.a(_ldexpf.o)
                                 0xdb (size before relaxing)
 .comment       0x00000369       0x50 /Applications/microchip/xc32/v2.15/bin/bin/../../lib/gcc/pic32mx/4.8.3/../../../../pic32mx/lib/libe.a(_fixdfdi.o)
                                 0xdb (size before relaxing)
 .comment       0x00000000       0x3d /Applications/microchip/xc32/v2.15/bin/bin/../../lib/gcc/pic32mx/4.8.3/libgcc.a(_lshrdi3.o)
 .comment       0x00000000       0x3d /Applications/microchip/xc32/v2.15/bin/bin/../../lib/gcc/pic32mx/4.8.3/libgcc.a(_ashldi3.o)
 .comment       0x00000000       0x3d /Applications/microchip/xc32/v2.15/bin/bin/../../lib/gcc/pic32mx/4.8.3/libgcc.a(_floatundidf.o)
 .comment       0x00000000       0x3d /Applications/microchip/xc32/v2.15/bin/bin/../../lib/gcc/pic32mx/4.8.3/libgcc.a(_udivdi3.o)
 .comment       0x00000000       0x3d /Applications/microchip/xc32/v2.15/bin/bin/../../lib/gcc/pic32mx/4.8.3/libgcc.a(_umoddi3.o)
 .comment       0x00000000       0x3d /Applications/microchip/xc32/v2.15/bin/bin/../../lib/gcc/pic32mx/4.8.3/libgcc.a(floatunsidf.o)
 .comment       0x000003b9       0x4b /Applications/microchip/xc32/v2.15/bin/bin/../../lib/gcc/pic32mx/4.8.3/../../../../pic32mx/lib/libpic32.a(sbrk.o)
                                 0x88 (size before relaxing)
 .comment       0x00000000       0x3d /Applications/microchip/xc32/v2.15/bin/bin/../../lib/gcc/pic32mx/4.8.3/../../../../pic32mx/lib/libpic32.a(read.o)
 .comment       0x00000000       0x3d /Applications/microchip/xc32/v2.15/bin/bin/../../lib/gcc/pic32mx/4.8.3/../../../../pic32mx/lib/libpic32.a(write.o)
 .comment       0x00000000       0x3d /Applications/microchip/xc32/v2.15/bin/bin/../../lib/gcc/pic32mx/4.8.3/../../../../pic32mx/lib/libpic32.a(xc32_uart.o)
 .comment       0x00000000       0x3d /Applications/microchip/xc32/v2.15/bin/bin/../../lib/gcc/pic32mx/4.8.3/../../../../pic32mx/lib/libpic32.a(errno.o)
 .comment       0x00000000       0x3d /Applications/microchip/xc32/v2.15/bin/bin/../../lib/gcc/pic32mx/4.8.3/../../../../pic32mx/lib/libpic32.a(isinf.o)
 .comment       0x00000000       0x3d /Applications/microchip/xc32/v2.15/bin/bin/../../lib/gcc/pic32mx/4.8.3/../../../../pic32mx/lib/libpic32.a(_mon_putc.o)
 .comment       0x00000000       0x8b /Applications/microchip/xc32/v2.15/bin/bin/../../lib/gcc/pic32mx/4.8.3/../../../../pic32mx/lib/libe.a(_unorddf2.o)

.debug
 *(.debug)

.line
 *(.line)

.debug_srcinfo
 *(.debug_srcinfo)

.debug_sfnames
 *(.debug_sfnames)

.debug_aranges  0x00000000     0x1e48
 *(.debug_aranges)
 .debug_aranges
                0x00000000       0x50 build/Board3/production/_ext/866528212/drv_oc_mapping.o
 .debug_aranges
                0x00000050       0x88 build/Board3/production/_ext/866528212/drv_oc_static.o
 .debug_aranges
                0x000000d8      0x188 build/Board3/production/_ext/1581265059/drv_tmr_static.o
 .debug_aranges
                0x00000260       0xe8 build/Board3/production/_ext/1581265059/drv_tmr_mapping.o
 .debug_aranges
                0x00000348       0xb0 build/Board3/production/_ext/1048789169/drv_usart_mapping.o
 .debug_aranges
                0x000003f8      0x168 build/Board3/production/_ext/1048789169/drv_usart_static.o
 .debug_aranges
                0x00000560       0xa8 build/Board3/production/_ext/1048789169/drv_usart_static_byte_model.o
 .debug_aranges
                0x00000608       0x50 build/Board3/production/_ext/666654925/sys_clk_pic32mx.o
 .debug_aranges
                0x00000658       0x78 build/Board3/production/_ext/40378138/sys_devcon.o
 .debug_aranges
                0x000006d0       0x20 build/Board3/production/_ext/40378138/sys_devcon_pic32mx.o
 .debug_aranges
                0x000006f0      0x148 build/Board3/production/_ext/2097129251/sys_ports_static.o
 .debug_aranges
                0x00000838       0x20 build/Board3/production/_ext/1445490756/system_init.o
 .debug_aranges
                0x00000858       0x48 build/Board3/production/_ext/1445490756/system_interrupt.o
 .debug_aranges
                0x000008a0       0x20 build/Board3/production/_ext/1445490756/system_exceptions.o
 .debug_aranges
                0x000008c0       0x48 build/Board3/production/_ext/1445490756/system_tasks.o
 .debug_aranges
                0x00000908       0x78 build/Board3/production/_ext/1445490756/system_interrupt_a.o
 .debug_aranges
                0x00000980       0x28 build/Board3/production/_ext/1445490756/rtos_hooks.o
 .debug_aranges
                0x000009a8       0x28 build/Board3/production/_ext/1360937237/motor_app.o
 .debug_aranges
                0x000009d0       0x28 build/Board3/production/_ext/1360937237/wifi_app.o
 .debug_aranges
                0x000009f8       0x20 build/Board3/production/_ext/1360937237/main.o
 .debug_aranges
                0x00000a18      0x2f0 build/Board3/production/_ext/171159973/cJSON.o
 .debug_aranges
                0x00000d08       0x40 build/Board3/production/_ext/171159973/debug.o
 .debug_aranges
                0x00000d48       0xa0 build/Board3/production/_ext/171159973/http.o
 .debug_aranges
                0x00000de8       0x80 build/Board3/production/_ext/171159973/motor.o
 .debug_aranges
                0x00000e68       0x48 build/Board3/production/_ext/171159973/motor_queue.o
 .debug_aranges
                0x00000eb0       0x80 build/Board3/production/_ext/171159973/motor_software_timer.o
 .debug_aranges
                0x00000f30       0x30 build/Board3/production/_ext/171159973/motor_state.o
 .debug_aranges
                0x00000f60       0x70 build/Board3/production/_ext/171159973/wifi_queue.o
 .debug_aranges
                0x00000fd0       0x38 build/Board3/production/_ext/171159973/wifi_state.o
 .debug_aranges
                0x00001008       0x28 build/Board3/production/_ext/171159973/wifi_timer.o
 .debug_aranges
                0x00001030       0xb0 build/Board3/production/_ext/171159973/pixy2Func.o
 .debug_aranges
                0x000010e0       0x50 build/Board3/production/_ext/171159973/pixy_app.o
 .debug_aranges
                0x00001130       0x60 build/Board3/production/_ext/171159973/pixy_queue.o
 .debug_aranges
                0x00001190       0x28 build/Board3/production/_ext/1360937237/sensor_app.o
 .debug_aranges
                0x000011b8       0x48 build/Board3/production/_ext/171159973/sensor_queue.o
 .debug_aranges
                0x00001200       0x28 build/Board3/production/_ext/171159973/sensor_state.o
 .debug_aranges
                0x00001228       0x88 build/Board3/production/_ext/1043444669/osal_freertos.o
 .debug_aranges
                0x000012b0       0x48 build/Board3/production/_ext/249303043/sys_int_pic32.o
 .debug_aranges
                0x000012f8       0x38 build/Board3/production/_ext/905643201/heap_2.o
 .debug_aranges
                0x00001330       0x58 build/Board3/production/_ext/331515796/port.o
 .debug_aranges
                0x00001388       0x20 build/Board3/production/_ext/331515796/port_asm.o
 .debug_aranges
                0x000013a8       0x18 build/Board3/production/_ext/1539584926/croutine.o
 .debug_aranges
                0x000013c0       0x40 build/Board3/production/_ext/1539584926/list.o
 .debug_aranges
                0x00001400       0xd0 build/Board3/production/_ext/1539584926/queue.o
 .debug_aranges
                0x000014d0      0x198 build/Board3/production/_ext/1539584926/tasks.o
 .debug_aranges
                0x00001668       0x88 build/Board3/production/_ext/1539584926/timers.o
 .debug_aranges
                0x000016f0       0x60 build/Board3/production/_ext/1539584926/event_groups.o
 .debug_aranges
                0x00001750       0xb0 build/Board3/production/_ext/1539584926/stream_buffer.o
 .debug_aranges
                0x00001800       0x20 /Applications/microchip/xc32/v2.15/bin/bin/../../lib/gcc/pic32mx/4.8.3/libgcc.a(floatunsisf.o)
 .debug_aranges
                0x00001820       0x20 /Applications/microchip/xc32/v2.15/bin/bin/../../lib/gcc/pic32mx/4.8.3/../../../../pic32mx/lib/libpic32.a(default-bootstrap-exception-handler.o)
 .debug_aranges
                0x00001840       0x20 /Applications/microchip/xc32/v2.15/bin/bin/../../lib/gcc/pic32mx/4.8.3/../../../../pic32mx/lib/libpic32.a(default-on-reset.o)
 .debug_aranges
                0x00001860       0x20 /Applications/microchip/xc32/v2.15/bin/bin/../../lib/gcc/pic32mx/4.8.3/../../../../pic32mx/lib/libpic32.a(default-on-bootstrap.o)
 .debug_aranges
                0x00001880       0x20 /Applications/microchip/xc32/v2.15/bin/bin/../../lib/gcc/pic32mx/4.8.3/../../../../pic32mx/lib/libpic32.a(defaultinterrupt.o)
 .debug_aranges
                0x000018a0       0xa0 /Applications/microchip/xc32/v2.15/bin/bin/../../lib/gcc/pic32mx/4.8.3/../../../../pic32mx/lib/libc.a(ctypef.o)
 .debug_aranges
                0x00001940       0x30 /Applications/microchip/xc32/v2.15/bin/bin/../../lib/gcc/pic32mx/4.8.3/../../../../pic32mx/lib/libc.a(malloc.o)
 .debug_aranges
                0x00001970       0x20 /Applications/microchip/xc32/v2.15/bin/bin/../../lib/gcc/pic32mx/4.8.3/../../../../pic32mx/lib/libc.a(strcat.o)
 .debug_aranges
                0x00001990       0x20 /Applications/microchip/xc32/v2.15/bin/bin/../../lib/gcc/pic32mx/4.8.3/../../../../pic32mx/lib/libc.a(strncmp.o)
 .debug_aranges
                0x000019b0       0x28 /Applications/microchip/xc32/v2.15/bin/bin/../../lib/gcc/pic32mx/4.8.3/../../../../pic32mx/lib/libc.a(strtod.o)
 .debug_aranges
                0x000019d8       0x20 /Applications/microchip/xc32/v2.15/bin/bin/../../lib/gcc/pic32mx/4.8.3/../../../../pic32mx/lib/libc.a(sprintf_cdgGnopuxX.eo)
 .debug_aranges
                0x000019f8       0x20 /Applications/microchip/xc32/v2.15/bin/bin/../../lib/gcc/pic32mx/4.8.3/../../../../pic32mx/lib/libc.a(sscanf_gG.eo)
 .debug_aranges
                0x00001a18       0x30 /Applications/microchip/xc32/v2.15/bin/bin/../../lib/gcc/pic32mx/4.8.3/../../../../pic32mx/lib/libc.a(doprnt_cdgGnopuxX.eo)
 .debug_aranges
                0x00001a48       0x30 /Applications/microchip/xc32/v2.15/bin/bin/../../lib/gcc/pic32mx/4.8.3/../../../../pic32mx/lib/libc.a(doscan_gG.eo)
 .debug_aranges
                0x00001a78       0x20 /Applications/microchip/xc32/v2.15/bin/bin/../../lib/gcc/pic32mx/4.8.3/../../../../pic32mx/lib/libc.a(fgetc.o)
 .debug_aranges
                0x00001a98       0x20 /Applications/microchip/xc32/v2.15/bin/bin/../../lib/gcc/pic32mx/4.8.3/../../../../pic32mx/lib/libc.a(_fputc_simple.o)
 .debug_aranges
                0x00001ab8       0x20 /Applications/microchip/xc32/v2.15/bin/bin/../../lib/gcc/pic32mx/4.8.3/../../../../pic32mx/lib/libc.a(atoi.o)
 .debug_aranges
                0x00001ad8       0x28 /Applications/microchip/xc32/v2.15/bin/bin/../../lib/gcc/pic32mx/4.8.3/../../../../pic32mx/lib/libc.a(strtof.o)
 .debug_aranges
                0x00001b00       0x20 /Applications/microchip/xc32/v2.15/bin/bin/../../lib/gcc/pic32mx/4.8.3/../../../../pic32mx/lib/libc.a(ungetc.o)
 .debug_aranges
                0x00001b20       0x20 /Applications/microchip/xc32/v2.15/bin/bin/../../lib/gcc/pic32mx/4.8.3/../../../../pic32mx/lib/libc.a(filbuf.o)
 .debug_aranges
                0x00001b40       0x20 /Applications/microchip/xc32/v2.15/bin/bin/../../lib/gcc/pic32mx/4.8.3/../../../../pic32mx/lib/libc.a(_flsbuf_simple.o)
 .debug_aranges
                0x00001b60       0x20 /Applications/microchip/xc32/v2.15/bin/bin/../../lib/gcc/pic32mx/4.8.3/../../../../pic32mx/lib/libc.a(fflush.o)
 .debug_aranges
                0x00001b80       0x20 /Applications/microchip/xc32/v2.15/bin/bin/../../lib/gcc/pic32mx/4.8.3/../../../../pic32mx/lib/libm.a(w_powf.o)
 .debug_aranges
                0x00001ba0       0x20 /Applications/microchip/xc32/v2.15/bin/bin/../../lib/gcc/pic32mx/4.8.3/../../../../pic32mx/lib/libm.a(__strtod.o)
 .debug_aranges
                0x00001bc0       0x20 /Applications/microchip/xc32/v2.15/bin/bin/../../lib/gcc/pic32mx/4.8.3/../../../../pic32mx/lib/libm.a(__strtof.o)
 .debug_aranges
                0x00001be0       0x20 /Applications/microchip/xc32/v2.15/bin/bin/../../lib/gcc/pic32mx/4.8.3/../../../../pic32mx/lib/libe.a(_fixunsdfdi.o)
 .debug_aranges
                0x00001c00       0x20 /Applications/microchip/xc32/v2.15/bin/bin/../../lib/gcc/pic32mx/4.8.3/../../../../pic32mx/lib/libe.a(_orderdf2.o)
 .debug_aranges
                0x00001c20       0x20 /Applications/microchip/xc32/v2.15/bin/bin/../../lib/gcc/pic32mx/4.8.3/../../../../pic32mx/lib/libe.a(_ldexp.o)
 .debug_aranges
                0x00001c40       0x20 /Applications/microchip/xc32/v2.15/bin/bin/../../lib/gcc/pic32mx/4.8.3/../../../../pic32mx/lib/libe.a(_ldexpf.o)
 .debug_aranges
                0x00001c60       0x20 /Applications/microchip/xc32/v2.15/bin/bin/../../lib/gcc/pic32mx/4.8.3/../../../../pic32mx/lib/libe.a(_fixdfdi.o)
 .debug_aranges
                0x00001c80       0x20 /Applications/microchip/xc32/v2.15/bin/bin/../../lib/gcc/pic32mx/4.8.3/libgcc.a(_lshrdi3.o)
 .debug_aranges
                0x00001ca0       0x20 /Applications/microchip/xc32/v2.15/bin/bin/../../lib/gcc/pic32mx/4.8.3/libgcc.a(_ashldi3.o)
 .debug_aranges
                0x00001cc0       0x20 /Applications/microchip/xc32/v2.15/bin/bin/../../lib/gcc/pic32mx/4.8.3/libgcc.a(_floatundidf.o)
 .debug_aranges
                0x00001ce0       0x20 /Applications/microchip/xc32/v2.15/bin/bin/../../lib/gcc/pic32mx/4.8.3/libgcc.a(_udivdi3.o)
 .debug_aranges
                0x00001d00       0x20 /Applications/microchip/xc32/v2.15/bin/bin/../../lib/gcc/pic32mx/4.8.3/libgcc.a(_umoddi3.o)
 .debug_aranges
                0x00001d20       0x20 /Applications/microchip/xc32/v2.15/bin/bin/../../lib/gcc/pic32mx/4.8.3/libgcc.a(floatunsidf.o)
 .debug_aranges
                0x00001d40       0x40 /Applications/microchip/xc32/v2.15/bin/bin/../../lib/gcc/pic32mx/4.8.3/../../../../pic32mx/lib/libpic32.a(sbrk.o)
 .debug_aranges
                0x00001d80       0x20 /Applications/microchip/xc32/v2.15/bin/bin/../../lib/gcc/pic32mx/4.8.3/../../../../pic32mx/lib/libpic32.a(read.o)
 .debug_aranges
                0x00001da0       0x20 /Applications/microchip/xc32/v2.15/bin/bin/../../lib/gcc/pic32mx/4.8.3/../../../../pic32mx/lib/libpic32.a(write.o)
 .debug_aranges
                0x00001dc0       0x48 /Applications/microchip/xc32/v2.15/bin/bin/../../lib/gcc/pic32mx/4.8.3/../../../../pic32mx/lib/libpic32.a(isinf.o)
 .debug_aranges
                0x00001e08       0x20 /Applications/microchip/xc32/v2.15/bin/bin/../../lib/gcc/pic32mx/4.8.3/../../../../pic32mx/lib/libpic32.a(_mon_putc.o)
 .debug_aranges
                0x00001e28       0x20 /Applications/microchip/xc32/v2.15/bin/bin/../../lib/gcc/pic32mx/4.8.3/../../../../pic32mx/lib/libe.a(_unorddf2.o)

.debug_pubnames
 *(.debug_pubnames)

.debug_info     0x00000000    0x5e7ae
 *(.debug_info .gnu.linkonce.wi.*)
 .debug_info    0x00000000     0x199c build/Board3/production/_ext/866528212/drv_oc_mapping.o
 .debug_info    0x0000199c     0x12e2 build/Board3/production/_ext/866528212/drv_oc_static.o
 .debug_info    0x00002c7e     0x575b build/Board3/production/_ext/1581265059/drv_tmr_static.o
 .debug_info    0x000083d9     0x1d50 build/Board3/production/_ext/1581265059/drv_tmr_mapping.o
 .debug_info    0x0000a129     0x2b94 build/Board3/production/_ext/1048789169/drv_usart_mapping.o
 .debug_info    0x0000ccbd     0x67a4 build/Board3/production/_ext/1048789169/drv_usart_static.o
 .debug_info    0x00013461     0x3285 build/Board3/production/_ext/1048789169/drv_usart_static_byte_model.o
 .debug_info    0x000166e6     0x1fc3 build/Board3/production/_ext/666654925/sys_clk_pic32mx.o
 .debug_info    0x000186a9     0x160e build/Board3/production/_ext/40378138/sys_devcon.o
 .debug_info    0x00019cb7     0x175d build/Board3/production/_ext/40378138/sys_devcon_pic32mx.o
 .debug_info    0x0001b414     0x40e2 build/Board3/production/_ext/2097129251/sys_ports_static.o
 .debug_info    0x0001f4f6     0x24cc build/Board3/production/_ext/1445490756/system_init.o
 .debug_info    0x000219c2     0x3581 build/Board3/production/_ext/1445490756/system_interrupt.o
 .debug_info    0x00024f43     0x14b4 build/Board3/production/_ext/1445490756/system_exceptions.o
 .debug_info    0x000263f7     0x1765 build/Board3/production/_ext/1445490756/system_tasks.o
 .debug_info    0x00027b5c       0x87 build/Board3/production/_ext/1445490756/system_interrupt_a.o
 .debug_info    0x00027be3      0x23d build/Board3/production/_ext/1445490756/rtos_hooks.o
 .debug_info    0x00027e20     0x1730 build/Board3/production/_ext/1360937237/motor_app.o
 .debug_info    0x00029550     0x1777 build/Board3/production/_ext/1360937237/wifi_app.o
 .debug_info    0x0002acc7      0x196 build/Board3/production/_ext/1360937237/main.o
 .debug_info    0x0002ae5d     0x404f build/Board3/production/_ext/171159973/cJSON.o
 .debug_info    0x0002eeac     0x1b37 build/Board3/production/_ext/171159973/debug.o
 .debug_info    0x000309e3     0x2e20 build/Board3/production/_ext/171159973/http.o
 .debug_info    0x00033803     0x2497 build/Board3/production/_ext/171159973/motor.o
 .debug_info    0x00035c9a     0x1915 build/Board3/production/_ext/171159973/motor_queue.o
 .debug_info    0x000375af     0x1bfd build/Board3/production/_ext/171159973/motor_software_timer.o
 .debug_info    0x000391ac     0x1a11 build/Board3/production/_ext/171159973/motor_state.o
 .debug_info    0x0003abbd     0x1d6b build/Board3/production/_ext/171159973/wifi_queue.o
 .debug_info    0x0003c928     0x30bf build/Board3/production/_ext/171159973/wifi_state.o
 .debug_info    0x0003f9e7     0x1873 build/Board3/production/_ext/171159973/wifi_timer.o
 .debug_info    0x0004125a     0x3678 build/Board3/production/_ext/171159973/pixy2Func.o
 .debug_info    0x000448d2     0x2541 build/Board3/production/_ext/171159973/pixy_app.o
 .debug_info    0x00046e13     0x2aa6 build/Board3/production/_ext/171159973/pixy_queue.o
 .debug_info    0x000498b9     0x1c7b build/Board3/production/_ext/1360937237/sensor_app.o
 .debug_info    0x0004b534     0x1897 build/Board3/production/_ext/171159973/sensor_queue.o
 .debug_info    0x0004cdcb     0x18dc build/Board3/production/_ext/171159973/sensor_state.o
 .debug_info    0x0004e6a7      0xa23 build/Board3/production/_ext/1043444669/osal_freertos.o
 .debug_info    0x0004f0ca     0x142c build/Board3/production/_ext/249303043/sys_int_pic32.o
 .debug_info    0x000504f6      0x57b build/Board3/production/_ext/905643201/heap_2.o
 .debug_info    0x00050a71     0x119b build/Board3/production/_ext/331515796/port.o
 .debug_info    0x00051c0c       0xc1 build/Board3/production/_ext/331515796/port_asm.o
 .debug_info    0x00051ccd      0x173 build/Board3/production/_ext/1539584926/croutine.o
 .debug_info    0x00051e40      0x476 build/Board3/production/_ext/1539584926/list.o
 .debug_info    0x000522b6     0x1ecd build/Board3/production/_ext/1539584926/queue.o
 .debug_info    0x00054183     0x2b3d build/Board3/production/_ext/1539584926/tasks.o
 .debug_info    0x00056cc0     0x15bb build/Board3/production/_ext/1539584926/timers.o
 .debug_info    0x0005827b      0xd49 build/Board3/production/_ext/1539584926/event_groups.o
 .debug_info    0x00058fc4     0x16ef build/Board3/production/_ext/1539584926/stream_buffer.o
 .debug_info    0x0005a6b3      0x159 /Applications/microchip/xc32/v2.15/bin/bin/../../lib/gcc/pic32mx/4.8.3/libgcc.a(floatunsisf.o)
 .debug_info    0x0005a80c      0x11f /Applications/microchip/xc32/v2.15/bin/bin/../../lib/gcc/pic32mx/4.8.3/../../../../pic32mx/lib/libpic32.a(default-bootstrap-exception-handler.o)
 .debug_info    0x0005a92b       0xf8 /Applications/microchip/xc32/v2.15/bin/bin/../../lib/gcc/pic32mx/4.8.3/../../../../pic32mx/lib/libpic32.a(default-on-reset.o)
 .debug_info    0x0005aa23      0x100 /Applications/microchip/xc32/v2.15/bin/bin/../../lib/gcc/pic32mx/4.8.3/../../../../pic32mx/lib/libpic32.a(default-on-bootstrap.o)
 .debug_info    0x0005ab23      0x112 /Applications/microchip/xc32/v2.15/bin/bin/../../lib/gcc/pic32mx/4.8.3/../../../../pic32mx/lib/libpic32.a(defaultinterrupt.o)
 .debug_info    0x0005ac35      0x264 /Applications/microchip/xc32/v2.15/bin/bin/../../lib/gcc/pic32mx/4.8.3/../../../../pic32mx/lib/libc.a(ctypef.o)
 .debug_info    0x0005ae99      0x121 /Applications/microchip/xc32/v2.15/bin/bin/../../lib/gcc/pic32mx/4.8.3/../../../../pic32mx/lib/libc.a(malloc.o)
 .debug_info    0x0005afba       0xf0 /Applications/microchip/xc32/v2.15/bin/bin/../../lib/gcc/pic32mx/4.8.3/../../../../pic32mx/lib/libc.a(strcat.o)
 .debug_info    0x0005b0aa       0xf2 /Applications/microchip/xc32/v2.15/bin/bin/../../lib/gcc/pic32mx/4.8.3/../../../../pic32mx/lib/libc.a(strncmp.o)
 .debug_info    0x0005b19c      0x120 /Applications/microchip/xc32/v2.15/bin/bin/../../lib/gcc/pic32mx/4.8.3/../../../../pic32mx/lib/libc.a(strtod.o)
 .debug_info    0x0005b2bc       0xfe /Applications/microchip/xc32/v2.15/bin/bin/../../lib/gcc/pic32mx/4.8.3/../../../../pic32mx/lib/libc.a(sprintf_cdgGnopuxX.eo)
 .debug_info    0x0005b3ba       0xf4 /Applications/microchip/xc32/v2.15/bin/bin/../../lib/gcc/pic32mx/4.8.3/../../../../pic32mx/lib/libc.a(sscanf_gG.eo)
 .debug_info    0x0005b4ae      0x136 /Applications/microchip/xc32/v2.15/bin/bin/../../lib/gcc/pic32mx/4.8.3/../../../../pic32mx/lib/libc.a(doprnt_cdgGnopuxX.eo)
 .debug_info    0x0005b5e4      0x11e /Applications/microchip/xc32/v2.15/bin/bin/../../lib/gcc/pic32mx/4.8.3/../../../../pic32mx/lib/libc.a(doscan_gG.eo)
 .debug_info    0x0005b702       0xee /Applications/microchip/xc32/v2.15/bin/bin/../../lib/gcc/pic32mx/4.8.3/../../../../pic32mx/lib/libc.a(fgetc.o)
 .debug_info    0x0005b7f0       0xee /Applications/microchip/xc32/v2.15/bin/bin/../../lib/gcc/pic32mx/4.8.3/../../../../pic32mx/lib/libc.a(_fputc_simple.o)
 .debug_info    0x0005b8de       0xec /Applications/microchip/xc32/v2.15/bin/bin/../../lib/gcc/pic32mx/4.8.3/../../../../pic32mx/lib/libc.a(atoi.o)
 .debug_info    0x0005b9ca      0x11f /Applications/microchip/xc32/v2.15/bin/bin/../../lib/gcc/pic32mx/4.8.3/../../../../pic32mx/lib/libc.a(strtof.o)
 .debug_info    0x0005bae9       0xf0 /Applications/microchip/xc32/v2.15/bin/bin/../../lib/gcc/pic32mx/4.8.3/../../../../pic32mx/lib/libc.a(ungetc.o)
 .debug_info    0x0005bbd9       0xf1 /Applications/microchip/xc32/v2.15/bin/bin/../../lib/gcc/pic32mx/4.8.3/../../../../pic32mx/lib/libc.a(filbuf.o)
 .debug_info    0x0005bcca       0xf1 /Applications/microchip/xc32/v2.15/bin/bin/../../lib/gcc/pic32mx/4.8.3/../../../../pic32mx/lib/libc.a(_flsbuf_simple.o)
 .debug_info    0x0005bdbb       0xf0 /Applications/microchip/xc32/v2.15/bin/bin/../../lib/gcc/pic32mx/4.8.3/../../../../pic32mx/lib/libc.a(fflush.o)
 .debug_info    0x0005beab       0xe7 /Applications/microchip/xc32/v2.15/bin/bin/../../lib/gcc/pic32mx/4.8.3/../../../../pic32mx/lib/libm.a(w_powf.o)
 .debug_info    0x0005bf92      0x103 /Applications/microchip/xc32/v2.15/bin/bin/../../lib/gcc/pic32mx/4.8.3/../../../../pic32mx/lib/libm.a(__strtod.o)
 .debug_info    0x0005c095      0x103 /Applications/microchip/xc32/v2.15/bin/bin/../../lib/gcc/pic32mx/4.8.3/../../../../pic32mx/lib/libm.a(__strtof.o)
 .debug_info    0x0005c198       0xf9 /Applications/microchip/xc32/v2.15/bin/bin/../../lib/gcc/pic32mx/4.8.3/../../../../pic32mx/lib/libe.a(_fixunsdfdi.o)
 .debug_info    0x0005c291       0xe5 /Applications/microchip/xc32/v2.15/bin/bin/../../lib/gcc/pic32mx/4.8.3/../../../../pic32mx/lib/libe.a(_orderdf2.o)
 .debug_info    0x0005c376      0x104 /Applications/microchip/xc32/v2.15/bin/bin/../../lib/gcc/pic32mx/4.8.3/../../../../pic32mx/lib/libe.a(_ldexp.o)
 .debug_info    0x0005c47a      0x104 /Applications/microchip/xc32/v2.15/bin/bin/../../lib/gcc/pic32mx/4.8.3/../../../../pic32mx/lib/libe.a(_ldexpf.o)
 .debug_info    0x0005c57e       0xe4 /Applications/microchip/xc32/v2.15/bin/bin/../../lib/gcc/pic32mx/4.8.3/../../../../pic32mx/lib/libe.a(_fixdfdi.o)
 .debug_info    0x0005c662      0x37d /Applications/microchip/xc32/v2.15/bin/bin/../../lib/gcc/pic32mx/4.8.3/libgcc.a(_lshrdi3.o)
 .debug_info    0x0005c9df      0x380 /Applications/microchip/xc32/v2.15/bin/bin/../../lib/gcc/pic32mx/4.8.3/libgcc.a(_ashldi3.o)
 .debug_info    0x0005cd5f      0x2b6 /Applications/microchip/xc32/v2.15/bin/bin/../../lib/gcc/pic32mx/4.8.3/libgcc.a(_floatundidf.o)
 .debug_info    0x0005d015      0x7bc /Applications/microchip/xc32/v2.15/bin/bin/../../lib/gcc/pic32mx/4.8.3/libgcc.a(_udivdi3.o)
 .debug_info    0x0005d7d1      0x7f9 /Applications/microchip/xc32/v2.15/bin/bin/../../lib/gcc/pic32mx/4.8.3/libgcc.a(_umoddi3.o)
 .debug_info    0x0005dfca      0x16c /Applications/microchip/xc32/v2.15/bin/bin/../../lib/gcc/pic32mx/4.8.3/libgcc.a(floatunsidf.o)
 .debug_info    0x0005e136      0x15c /Applications/microchip/xc32/v2.15/bin/bin/../../lib/gcc/pic32mx/4.8.3/../../../../pic32mx/lib/libpic32.a(sbrk.o)
 .debug_info    0x0005e292       0xe8 /Applications/microchip/xc32/v2.15/bin/bin/../../lib/gcc/pic32mx/4.8.3/../../../../pic32mx/lib/libpic32.a(read.o)
 .debug_info    0x0005e37a       0xea /Applications/microchip/xc32/v2.15/bin/bin/../../lib/gcc/pic32mx/4.8.3/../../../../pic32mx/lib/libpic32.a(write.o)
 .debug_info    0x0005e464      0x15f /Applications/microchip/xc32/v2.15/bin/bin/../../lib/gcc/pic32mx/4.8.3/../../../../pic32mx/lib/libpic32.a(isinf.o)
 .debug_info    0x0005e5c3       0xf2 /Applications/microchip/xc32/v2.15/bin/bin/../../lib/gcc/pic32mx/4.8.3/../../../../pic32mx/lib/libpic32.a(_mon_putc.o)
 .debug_info    0x0005e6b5       0xf9 /Applications/microchip/xc32/v2.15/bin/bin/../../lib/gcc/pic32mx/4.8.3/../../../../pic32mx/lib/libe.a(_unorddf2.o)

.debug_abbrev   0x00000000     0x7889
 *(.debug_abbrev)
 .debug_abbrev  0x00000000      0x1d6 build/Board3/production/_ext/866528212/drv_oc_mapping.o
 .debug_abbrev  0x000001d6      0x1c2 build/Board3/production/_ext/866528212/drv_oc_static.o
 .debug_abbrev  0x00000398      0x402 build/Board3/production/_ext/1581265059/drv_tmr_static.o
 .debug_abbrev  0x0000079a      0x2dd build/Board3/production/_ext/1581265059/drv_tmr_mapping.o
 .debug_abbrev  0x00000a77      0x250 build/Board3/production/_ext/1048789169/drv_usart_mapping.o
 .debug_abbrev  0x00000cc7      0x46d build/Board3/production/_ext/1048789169/drv_usart_static.o
 .debug_abbrev  0x00001134      0x355 build/Board3/production/_ext/1048789169/drv_usart_static_byte_model.o
 .debug_abbrev  0x00001489      0x283 build/Board3/production/_ext/666654925/sys_clk_pic32mx.o
 .debug_abbrev  0x0000170c      0x27b build/Board3/production/_ext/40378138/sys_devcon.o
 .debug_abbrev  0x00001987      0x20f build/Board3/production/_ext/40378138/sys_devcon_pic32mx.o
 .debug_abbrev  0x00001b96      0x279 build/Board3/production/_ext/2097129251/sys_ports_static.o
 .debug_abbrev  0x00001e0f      0x27f build/Board3/production/_ext/1445490756/system_init.o
 .debug_abbrev  0x0000208e      0x2bd build/Board3/production/_ext/1445490756/system_interrupt.o
 .debug_abbrev  0x0000234b      0x114 build/Board3/production/_ext/1445490756/system_exceptions.o
 .debug_abbrev  0x0000245f      0x18e build/Board3/production/_ext/1445490756/system_tasks.o
 .debug_abbrev  0x000025ed       0x12 build/Board3/production/_ext/1445490756/system_interrupt_a.o
 .debug_abbrev  0x000025ff       0x97 build/Board3/production/_ext/1445490756/rtos_hooks.o
 .debug_abbrev  0x00002696      0x18b build/Board3/production/_ext/1360937237/motor_app.o
 .debug_abbrev  0x00002821      0x19e build/Board3/production/_ext/1360937237/wifi_app.o
 .debug_abbrev  0x000029bf       0x93 build/Board3/production/_ext/1360937237/main.o
 .debug_abbrev  0x00002a52      0x4cf build/Board3/production/_ext/171159973/cJSON.o
 .debug_abbrev  0x00002f21      0x260 build/Board3/production/_ext/171159973/debug.o
 .debug_abbrev  0x00003181      0x3d3 build/Board3/production/_ext/171159973/http.o
 .debug_abbrev  0x00003554      0x288 build/Board3/production/_ext/171159973/motor.o
 .debug_abbrev  0x000037dc      0x1fc build/Board3/production/_ext/171159973/motor_queue.o
 .debug_abbrev  0x000039d8      0x1d0 build/Board3/production/_ext/171159973/motor_software_timer.o
 .debug_abbrev  0x00003ba8      0x1bc build/Board3/production/_ext/171159973/motor_state.o
 .debug_abbrev  0x00003d64      0x221 build/Board3/production/_ext/171159973/wifi_queue.o
 .debug_abbrev  0x00003f85      0x2ce build/Board3/production/_ext/171159973/wifi_state.o
 .debug_abbrev  0x00004253      0x1be build/Board3/production/_ext/171159973/wifi_timer.o
 .debug_abbrev  0x00004411      0x356 build/Board3/production/_ext/171159973/pixy2Func.o
 .debug_abbrev  0x00004767      0x294 build/Board3/production/_ext/171159973/pixy_app.o
 .debug_abbrev  0x000049fb      0x2c5 build/Board3/production/_ext/171159973/pixy_queue.o
 .debug_abbrev  0x00004cc0      0x225 build/Board3/production/_ext/1360937237/sensor_app.o
 .debug_abbrev  0x00004ee5      0x24d build/Board3/production/_ext/171159973/sensor_queue.o
 .debug_abbrev  0x00005132      0x1b8 build/Board3/production/_ext/171159973/sensor_state.o
 .debug_abbrev  0x000052ea      0x1fe build/Board3/production/_ext/1043444669/osal_freertos.o
 .debug_abbrev  0x000054e8      0x237 build/Board3/production/_ext/249303043/sys_int_pic32.o
 .debug_abbrev  0x0000571f      0x1cc build/Board3/production/_ext/905643201/heap_2.o
 .debug_abbrev  0x000058eb      0x2cf build/Board3/production/_ext/331515796/port.o
 .debug_abbrev  0x00005bba       0x14 build/Board3/production/_ext/331515796/port_asm.o
 .debug_abbrev  0x00005bce       0x1b build/Board3/production/_ext/1539584926/croutine.o