
Optional file libmchp_peripheral.a not found

Optional file libmchp_peripheral_32MX795F512L.a not found
Archive member included because of file (symbol)

/Applications/microchip/xc32/v2.15/bin/bin/../../lib/gcc/pic32mx/4.8.3/../../../../pic32mx/lib/libpic32.a(memcpy.o)
                              build/Board2/production/_ext/334398652/cJSON.o (memcpy)
/Applications/microchip/xc32/v2.15/bin/bin/../../lib/gcc/pic32mx/4.8.3/../../../../pic32mx/lib/libpic32.a(memset.o)
                              build/Board2/production/_ext/334398652/cJSON.o (memset)
/Applications/microchip/xc32/v2.15/bin/bin/../../lib/gcc/pic32mx/4.8.3/../../../../pic32mx/lib/libpic32.a(strcmp.o)
                              build/Board2/production/_ext/334398652/cJSON.o (strcmp)
/Applications/microchip/xc32/v2.15/bin/bin/../../lib/gcc/pic32mx/4.8.3/../../../../pic32mx/lib/libpic32.a(strcpy.o)
                              build/Board2/production/_ext/334398652/wifi_state.o (strcpy)
/Applications/microchip/xc32/v2.15/bin/bin/../../lib/gcc/pic32mx/4.8.3/../../../../pic32mx/lib/libpic32.a(strlen.o)
                              build/Board2/production/_ext/334398652/cJSON.o (strlen)
/Applications/microchip/xc32/v2.15/bin/bin/../../lib/gcc/pic32mx/4.8.3/../../../../pic32mx/lib/libpic32.a(default-bootstrap-exception-handler.o)
                              /var/folders/d5/v4194pgj4rldzq4h08l7349w0000gn/T//ccciZ2NH.o (_bootstrap_exception_handler)
/Applications/microchip/xc32/v2.15/bin/bin/../../lib/gcc/pic32mx/4.8.3/../../../../pic32mx/lib/libpic32.a(default-on-reset.o)
                              /var/folders/d5/v4194pgj4rldzq4h08l7349w0000gn/T//ccciZ2NH.o (_on_reset)
/Applications/microchip/xc32/v2.15/bin/bin/../../lib/gcc/pic32mx/4.8.3/../../../../pic32mx/lib/libpic32.a(default-on-bootstrap.o)
                              /var/folders/d5/v4194pgj4rldzq4h08l7349w0000gn/T//ccciZ2NH.o (_on_bootstrap)
/Applications/microchip/xc32/v2.15/bin/bin/../../lib/gcc/pic32mx/4.8.3/../../../../pic32mx/lib/libpic32.a(default-nmi-handler.o)
                              /var/folders/d5/v4194pgj4rldzq4h08l7349w0000gn/T//ccciZ2NH.o (_nmi_handler)
/Applications/microchip/xc32/v2.15/bin/bin/../../lib/gcc/pic32mx/4.8.3/../../../../pic32mx/lib/libpic32.a(pic32_data_init.o)
                              /var/folders/d5/v4194pgj4rldzq4h08l7349w0000gn/T//ccciZ2NH.o (__pic32_data_init)
/Applications/microchip/xc32/v2.15/bin/bin/../../lib/gcc/pic32mx/4.8.3/../../../../pic32mx/lib/libpic32.a(general-exception.o)
                              /var/folders/d5/v4194pgj4rldzq4h08l7349w0000gn/T//ccciZ2NH.o (_general_exception_context)
/Applications/microchip/xc32/v2.15/bin/bin/../../lib/gcc/pic32mx/4.8.3/../../../../pic32mx/lib/libpic32.a(vector0.o)
                              /var/folders/d5/v4194pgj4rldzq4h08l7349w0000gn/T//ccoXvRWj.o (__vector_dispatch_0)
/Applications/microchip/xc32/v2.15/bin/bin/../../lib/gcc/pic32mx/4.8.3/../../../../pic32mx/lib/libpic32.a(vector2.o)
                              /var/folders/d5/v4194pgj4rldzq4h08l7349w0000gn/T//ccoXvRWj.o (__vector_dispatch_2)
/Applications/microchip/xc32/v2.15/bin/bin/../../lib/gcc/pic32mx/4.8.3/../../../../pic32mx/lib/libpic32.a(vector3.o)
                              /var/folders/d5/v4194pgj4rldzq4h08l7349w0000gn/T//ccoXvRWj.o (__vector_dispatch_3)
/Applications/microchip/xc32/v2.15/bin/bin/../../lib/gcc/pic32mx/4.8.3/../../../../pic32mx/lib/libpic32.a(vector5.o)
                              /var/folders/d5/v4194pgj4rldzq4h08l7349w0000gn/T//ccoXvRWj.o (__vector_dispatch_5)
/Applications/microchip/xc32/v2.15/bin/bin/../../lib/gcc/pic32mx/4.8.3/../../../../pic32mx/lib/libpic32.a(vector6.o)
                              /var/folders/d5/v4194pgj4rldzq4h08l7349w0000gn/T//ccoXvRWj.o (__vector_dispatch_6)
/Applications/microchip/xc32/v2.15/bin/bin/../../lib/gcc/pic32mx/4.8.3/../../../../pic32mx/lib/libpic32.a(vector7.o)
                              /var/folders/d5/v4194pgj4rldzq4h08l7349w0000gn/T//ccoXvRWj.o (__vector_dispatch_7)
/Applications/microchip/xc32/v2.15/bin/bin/../../lib/gcc/pic32mx/4.8.3/../../../../pic32mx/lib/libpic32.a(vector9.o)
                              /var/folders/d5/v4194pgj4rldzq4h08l7349w0000gn/T//ccoXvRWj.o (__vector_dispatch_9)
/Applications/microchip/xc32/v2.15/bin/bin/../../lib/gcc/pic32mx/4.8.3/../../../../pic32mx/lib/libpic32.a(vector10.o)
                              /var/folders/d5/v4194pgj4rldzq4h08l7349w0000gn/T//ccoXvRWj.o (__vector_dispatch_10)
/Applications/microchip/xc32/v2.15/bin/bin/../../lib/gcc/pic32mx/4.8.3/../../../../pic32mx/lib/libpic32.a(vector11.o)
                              /var/folders/d5/v4194pgj4rldzq4h08l7349w0000gn/T//ccoXvRWj.o (__vector_dispatch_11)
/Applications/microchip/xc32/v2.15/bin/bin/../../lib/gcc/pic32mx/4.8.3/../../../../pic32mx/lib/libpic32.a(vector13.o)
                              /var/folders/d5/v4194pgj4rldzq4h08l7349w0000gn/T//ccoXvRWj.o (__vector_dispatch_13)
[...]
Memory Configuration

Name             Origin             Length             Attributes
kseg0_program_mem 0x9d000000         0x00080000         xr
kseg0_boot_mem   0x9fc00490         0x00000970
exception_mem    0x9fc01000         0x00001000
kseg1_boot_mem   0xbfc00000         0x00000490
debug_exec_mem   0xbfc02000         0x00000ff0
config3          0xbfc02ff0         0x00000004
config2          0xbfc02ff4         0x00000004
config1          0xbfc02ff8         0x00000004
config0          0xbfc02ffc         0x00000004
kseg1_data_mem   0xa0000000         0x00020000         w !x
sfrs             0xbf800000         0x00100000
configsfrs       0xbfc02ff0         0x00000010
*default*        0x00000000         0xffffffff

Linker script and memory map

LOAD /Applications/microchip/xc32/v2.15/bin/bin/../../lib/gcc/pic32mx/4.8.3/../../../../pic32mx/lib/debug-exception-return.o
LOAD build/Board2/production/_ext/1351229741/drv_oc_mapping.o
LOAD build/Board2/production/_ext/1351229741/drv_oc_static.o
LOAD build/Board2/production/_ext/1550245252/drv_tmr_static.o
LOAD build/Board2/production/_ext/1550245252/drv_tmr_mapping.o
LOAD build/Board2/production/_ext/794052624/drv_usart_mapping.o
LOAD build/Board2/production/_ext/794052624/drv_usart_static.o
LOAD build/Board2/production/_ext/794052624/drv_usart_static_byte_model.o
LOAD build/Board2/production/_ext/697674732/sys_clk_pic32mx.o
LOAD build/Board2/production/_ext/733479835/sys_devcon.o
LOAD build/Board2/production/_ext/733479835/sys_devcon_pic32mx.o
LOAD build/Board2/production/_ext/1943101500/sys_ports_static.o
LOAD build/Board2/production/_ext/1445490755/system_init.o
LOAD build/Board2/production/_ext/1445490755/system_interrupt.o
LOAD build/Board2/production/_ext/1445490755/system_exceptions.o
LOAD build/Board2/production/_ext/1445490755/system_tasks.o
LOAD build/Board2/production/_ext/1445490755/system_interrupt_a.o
LOAD build/Board2/production/_ext/1445490755/rtos_hooks.o
LOAD build/Board2/production/_ext/1360937237/game_app.o
LOAD build/Board2/production/_ext/1360937237/wifi_app.o
LOAD build/Board2/production/_ext/1360937237/main.o
LOAD build/Board2/production/_ext/334398652/cJSON.o
LOAD build/Board2/production/_ext/334398652/debug.o
LOAD build/Board2/production/_ext/334398652/http.o
LOAD build/Board2/production/_ext/334398652/wifi_queue.o
LOAD build/Board2/production/_ext/334398652/wifi_state.o
LOAD build/Board2/production/_ext/334398652/wifi_timer.o
LOAD build/Board2/production/_ext/334398652/game_queue.o
LOAD build/Board2/production/_ext/334398652/game_state.o
LOAD build/Board2/production/_ext/334398652/game_timer.o
LOAD build/Board2/production/_ext/1043444669/osal_freertos.o
LOAD build/Board2/production/_ext/249303043/sys_int_pic32.o
LOAD build/Board2/production/_ext/905643201/heap_2.o
LOAD build/Board2/production/_ext/331515796/port.o
LOAD build/Board2/production/_ext/331515796/port_asm.o
LOAD build/Board2/production/_ext/1539584926/croutine.o
LOAD build/Board2/production/_ext/1539584926/list.o
LOAD build/Board2/production/_ext/1539584926/queue.o
LOAD build/Board2/production/_ext/1539584926/tasks.o
LOAD build/Board2/production/_ext/1539584926/timers.o
LOAD build/Board2/production/_ext/1539584926/event_groups.o
LOAD build/Board2/production/_ext/1539584926/stream_buffer.o
LOAD ../../../../microchip/harmony/v2_06/bin/framework/peripheral/PIC32MX795F512L_peripherals.a
                0x00000001                __MPLAB_BUILD = 0x1
                0x00000000                _min_heap_size = 0x0
LOAD /var/folders/d5/v4194pgj4rldzq4h08l7349w0000gn/T//ccciZ2NH.o
LOAD /var/folders/d5/v4194pgj4rldzq4h08l7349w0000gn/T//ccLSePJ3.o
LOAD /var/folders/d5/v4194pgj4rldzq4h08l7349w0000gn/T//ccoXvRWj.o
LOAD /Applications/microchip/xc32/v2.15/bin/bin/../../lib/gcc/pic32mx/4.8.3/../../../../pic32mx/lib/./proc/32MX795F512L/default_isr_vectors.o
LOAD /Applications/microchip/xc32/v2.15/bin/bin/../../lib/gcc/pic32mx/4.8.3/../../../../pic32mx/lib/pic32_software_reset.o
                0x00000400                PROVIDE (_min_stack_size, 0x400)
START GROUP
LOAD /Applications/microchip/xc32/v2.15/bin/bin/../../lib/gcc/pic32mx/4.8.3/../../../../pic32mx/lib/./proc/32MX795F512L/processor.o
END GROUP
START GROUP
LOAD libmchp_peripheral.a
END GROUP
START GROUP
LOAD libmchp_peripheral_32MX795F512L.a
END GROUP
                0x00000001                PROVIDE (_vector_spacing, 0x1)
                0x9fc01000                PROVIDE (_ebase_address, 0x9fc01000)
                0xbfc00000                _RESET_ADDR = 0xbfc00000
                0xbfc00380                _BEV_EXCPT_ADDR = 0xbfc00380
                0xbfc00480                _DBG_EXCPT_ADDR = 0xbfc00480
                0xbfc02000                _DBG_CODE_ADDR = 0xbfc02000
                0x00000ff0                _DBG_CODE_SIZE = 0xff0
                0x9fc01180                _GEN_EXCPT_ADDR = (_ebase_address + 0x180)

.config_BFC02FF0
                0xbfc02ff0        0x4
 *(.config_BFC02FF0)
 .config_BFC02FF0
                0xbfc02ff0        0x4 build/Board2/production/_ext/1445490755/system_init.o

.config_BFC02FF4
                0xbfc02ff4        0x4
 *(.config_BFC02FF4)
 .config_BFC02FF4
                0xbfc02ff4        0x4 build/Board2/production/_ext/1445490755/system_init.o

.config_BFC02FF8
                0xbfc02ff8        0x4
 *(.config_BFC02FF8)
 .config_BFC02FF8
                0xbfc02ff8        0x4 build/Board2/production/_ext/1445490755/system_init.o

.config_BFC02FFC
                0xbfc02ffc        0x4
 *(.config_BFC02FFC)
 .config_BFC02FFC
                0xbfc02ffc        0x4 build/Board2/production/_ext/1445490755/system_init.o
                0xbfc02000                PROVIDE (_DBG_CODE_ADDR, 0xbfc02000)
                0x00000ff0                PROVIDE (_DBG_CODE_SIZE, 0xff0)

.reset          0xbfc00000      0x1a8
 *(.reset)
 .reset         0xbfc00000        0x8 /var/folders/d5/v4194pgj4rldzq4h08l7349w0000gn/T//ccciZ2NH.o
                0xbfc00000                _reset
 *(.reset.startup)
 .reset.startup
                0xbfc00008      0x1a0 /var/folders/d5/v4194pgj4rldzq4h08l7349w0000gn/T//ccciZ2NH.o
                0xbfc00008                _startup

.bev_excpt      0xbfc00380       0x10
 *(.bev_handler)
 .bev_handler   0xbfc00380       0x10 /var/folders/d5/v4194pgj4rldzq4h08l7349w0000gn/T//ccciZ2NH.o

.dbg_excpt      0xbfc00480        0x0
                0xbfc00480                . = (. + DEFINED (_DEBUGGER)?0x8:0x0)

.dbg_code       0xbfc02000        0x0
                0xbfc02000                . = (. + DEFINED (_DEBUGGER)?_DBG_CODE_SIZE:0x0)

.app_excpt      0x9fc01180       0x10
 *(.gen_handler)
 .gen_handler   0x9fc01180       0x10 /var/folders/d5/v4194pgj4rldzq4h08l7349w0000gn/T//ccciZ2NH.o

.vector_0       0x9fc01200        0x8
 *(.vector_0)
 .vector_0      0x9fc01200        0x8 /Applications/microchip/xc32/v2.15/bin/bin/../../lib/gcc/pic32mx/4.8.3/../../../../pic32mx/lib/libpic32.a(vector0.o)
                0x9fc01200                __vector_dispatch_0
                0x00000001                ASSERT (((_vector_spacing == 0x0) || (SIZEOF (.vector_0) <= (_vector_spacing << 0x5))), function at exception vector 0 too large)

.vector_1       0x9fc01220        0x8
 *(.vector_1)
 .vector_1      0x9fc01220        0x8 build/Board2/production/_ext/331515796/port.o
                0x9fc01220                __vector_dispatch_1
                0x00000001                ASSERT (((_vector_spacing == 0x0) || (SIZEOF (.vector_1) <= (_vector_spacing << 0x5))), function at exception vector 1 too large)

.vector_2       0x9fc01240        0x8
 *(.vector_2)
 .vector_2      0x9fc01240        0x8 /Applications/microchip/xc32/v2.15/bin/bin/../../lib/gcc/pic32mx/4.8.3/../../../../pic32mx/lib/libpic32.a(vector2.o)
                0x9fc01240                __vector_dispatch_2
                0x00000001                ASSERT (((_vector_spacing == 0x0) || (SIZEOF (.vector_2) <= (_vector_spacing << 0x5))), function at exception vector 2 too large)

.vector_3       0x9fc01260        0x8
 *(.vector_3)
 .vector_3      0x9fc01260        0x8 /Applications/microchip/xc32/v2.15/bin/bin/../../lib/gcc/pic32mx/4.8.3/../../../../pic32mx/lib/libpic32.a(vector3.o)
                0x9fc01260                __vector_dispatch_3
                0x00000001                ASSERT (((_vector_spacing == 0x0) || (SIZEOF (.vector_3) <= (_vector_spacing << 0x5))), function at exception vector 3 too large)

.vector_4       0x9fc01280        0x8
 *(.vector_4)
 .vector_4      0x9fc01280        0x8 build/Board2/production/_ext/331515796/port.o
                0x9fc01280                __vector_dispatch_4
                0x00000001                ASSERT (((_vector_spacing == 0x0) || (SIZEOF (.vector_4) <= (_vector_spacing << 0x5))), function at exception vector 4 too large)

.vector_5       0x9fc012a0        0x8
 *(.vector_5)
 .vector_5      0x9fc012a0        0x8 /Applications/microchip/xc32/v2.15/bin/bin/../../lib/gcc/pic32mx/4.8.3/../../../../pic32mx/lib/libpic32.a(vector5.o)
                0x9fc012a0                __vector_dispatch_5
                0x00000001                ASSERT (((_vector_spacing == 0x0) || (SIZEOF (.vector_5) <= (_vector_spacing << 0x5))), function at exception vector 5 too large)

.vector_6       0x9fc012c0        0x8
 *(.vector_6)
 .vector_6      0x9fc012c0        0x8 /Applications/microchip/xc32/v2.15/bin/bin/../../lib/gcc/pic32mx/4.8.3/../../../../pic32mx/lib/libpic32.a(vector6.o)
                0x9fc012c0                __vector_dispatch_6
                0x00000001                ASSERT (((_vector_spacing == 0x0) || (SIZEOF (.vector_6) <= (_vector_spacing << 0x5))), function at exception vector 6 too large)

.vector_7       0x9fc012e0        0x8
 *(.vector_7)
 .vector_7      0x9fc012e0        0x8 /Applications/microchip/xc32/v2.15/bin/bin/../../lib/gcc/pic32mx/4.8.3/../../../../pic32mx/lib/libpic32.a(vector7.o)
                0x9fc012e0                __vector_dispatch_7
                0x00000001                ASSERT (((_vector_spacing == 0x0) || (SIZEOF (.vector_7) <= (_vector_spacing << 0x5))), function at exception vector 7 too large)

.vector_8       0x9fc01300       0x10
 *(.vector_8)
 .vector_8      0x9fc01300       0x10 build/Board2/production/_ext/1445490755/system_interrupt_a.o
                0x9fc01300                __vector_dispatch_8
                0x00000001                ASSERT (((_vector_spacing == 0x0) || (SIZEOF (.vector_8) <= (_vector_spacing << 0x5))), function at exception vector 8 too large)

.vector_9       0x9fc01320        0x8
 *(.vector_9)
 .vector_9      0x9fc01320        0x8 /Applications/microchip/xc32/v2.15/bin/bin/../../lib/gcc/pic32mx/4.8.3/../../../../pic32mx/lib/libpic32.a(vector9.o)
                0x9fc01320                __vector_dispatch_9
                0x00000001                ASSERT (((_vector_spacing == 0x0) || (SIZEOF (.vector_9) <= (_vector_spacing << 0x5))), function at exception vector 9 too large)

.vector_10      0x9fc01340        0x8
 *(.vector_10)
 .vector_10     0x9fc01340        0x8 /Applications/microchip/xc32/v2.15/bin/bin/../../lib/gcc/pic32mx/4.8.3/../../../../pic32mx/lib/libpic32.a(vector10.o)
                0x9fc01340                __vector_dispatch_10
                0x00000001                ASSERT (((_vector_spacing == 0x0) || (SIZEOF (.vector_10) <= (_vector_spacing << 0x5))), function at exception vector 10 too large)

.vector_11      0x9fc01360        0x8
 *(.vector_11)
 .vector_11     0x9fc01360        0x8 /Applications/microchip/xc32/v2.15/bin/bin/../../lib/gcc/pic32mx/4.8.3/../../../../pic32mx/lib/libpic32.a(vector11.o)
                0x9fc01360                __vector_dispatch_11
                0x00000001                ASSERT (((_vector_spacing == 0x0) || (SIZEOF (.vector_11) <= (_vector_spacing << 0x5))), function at exception vector 11 too large)

.vector_12      0x9fc01380       0x10
 *(.vector_12)
 .vector_12     0x9fc01380       0x10 build/Board2/production/_ext/1445490755/system_interrupt_a.o
                0x9fc01380                __vector_dispatch_12
                0x00000001                ASSERT (((_vector_spacing == 0x0) || (SIZEOF (.vector_12) <= (_vector_spacing << 0x5))), function at exception vector 12 too large)

.vector_13      0x9fc013a0        0x8
 *(.vector_13)
 .vector_13     0x9fc013a0        0x8 /Applications/microchip/xc32/v2.15/bin/bin/../../lib/gcc/pic32mx/4.8.3/../../../../pic32mx/lib/libpic32.a(vector13.o)
                0x9fc013a0                __vector_dispatch_13
                0x00000001                ASSERT (((_vector_spacing == 0x0) || (SIZEOF (.vector_13) <= (_vector_spacing << 0x5))), function at exception vector 13 too large)

.vector_14      0x9fc013c0        0x8
 *(.vector_14)
 .vector_14     0x9fc013c0        0x8 /Applications/microchip/xc32/v2.15/bin/bin/../../lib/gcc/pic32mx/4.8.3/../../../../pic32mx/lib/libpic32.a(vector14.o)
                0x9fc013c0                __vector_dispatch_14
                0x00000001                ASSERT (((_vector_spacing == 0x0) || (SIZEOF (.vector_14) <= (_vector_spacing << 0x5))), function at exception vector 14 too large)

.vector_15      0x9fc013e0        0x8
 *(.vector_15)
 .vector_15     0x9fc013e0        0x8 /Applications/microchip/xc32/v2.15/bin/bin/../../lib/gcc/pic32mx/4.8.3/../../../../pic32mx/lib/libpic32.a(vector15.o)
                0x9fc013e0                __vector_dispatch_15
                0x00000001                ASSERT (((_vector_spacing == 0x0) || (SIZEOF (.vector_15) <= (_vector_spacing << 0x5))), function at exception vector 15 too large)

.vector_16      0x9fc01400        0x8
 *(.vector_16)
 .vector_16     0x9fc01400        0x8 /Applications/microchip/xc32/v2.15/bin/bin/../../lib/gcc/pic32mx/4.8.3/../../../../pic32mx/lib/libpic32.a(vector16.o)
                0x9fc01400                __vector_dispatch_16
                0x00000001                ASSERT (((_vector_spacing == 0x0) || (SIZEOF (.vector_16) <= (_vector_spacing << 0x5))), function at exception vector 16 too large)

.vector_17      0x9fc01420        0x8
 *(.vector_17)
 .vector_17     0x9fc01420        0x8 /Applications/microchip/xc32/v2.15/bin/bin/../../lib/gcc/pic32mx/4.8.3/../../../../pic32mx/lib/libpic32.a(vector17.o)
                0x9fc01420                __vector_dispatch_17
                0x00000001                ASSERT (((_vector_spacing == 0x0) || (SIZEOF (.vector_17) <= (_vector_spacing << 0x5))), function at exception vector 17 too large)

.vector_18      0x9fc01440        0x8
 *(.vector_18)
 .vector_18     0x9fc01440        0x8 /Applications/microchip/xc32/v2.15/bin/bin/../../lib/gcc/pic32mx/4.8.3/../../../../pic32mx/lib/libpic32.a(vector18.o)
                0x9fc01440                __vector_dispatch_18
                0x00000001                ASSERT (((_vector_spacing == 0x0) || (SIZEOF (.vector_18) <= (_vector_spacing << 0x5))), function at exception vector 18 too large)

.vector_19      0x9fc01460        0x8
 *(.vector_19)
 .vector_19     0x9fc01460        0x8 /Applications/microchip/xc32/v2.15/bin/bin/../../lib/gcc/pic32mx/4.8.3/../../../../pic32mx/lib/libpic32.a(vector19.o)
                0x9fc01460                __vector_dispatch_19
                0x00000001                ASSERT (((_vector_spacing == 0x0) || (SIZEOF (.vector_19) <= (_vector_spacing << 0x5))), function at exception vector 19 too large)

.vector_20      0x9fc01480       0x10
 *(.vector_20)
 .vector_20     0x9fc01480       0x10 build/Board2/production/_ext/1445490755/system_interrupt_a.o
                0x9fc01480                __vector_dispatch_20
                0x00000001                ASSERT (((_vector_spacing == 0x0) || (SIZEOF (.vector_20) <= (_vector_spacing << 0x5))), function at exception vector 20 too large)

.vector_21      0x9fc014a0        0x8
 *(.vector_21)
 .vector_21     0x9fc014a0        0x8 /Applications/microchip/xc32/v2.15/bin/bin/../../lib/gcc/pic32mx/4.8.3/../../../../pic32mx/lib/libpic32.a(vector21.o)
                0x9fc014a0                __vector_dispatch_21
                0x00000001                ASSERT (((_vector_spacing == 0x0) || (SIZEOF (.vector_21) <= (_vector_spacing << 0x5))), function at exception vector 21 too large)

.vector_22      0x9fc014c0        0x8
 *(.vector_22)
 .vector_22     0x9fc014c0        0x8 /Applications/microchip/xc32/v2.15/bin/bin/../../lib/gcc/pic32mx/4.8.3/../../../../pic32mx/lib/libpic32.a(vector22.o)
                0x9fc014c0                __vector_dispatch_22
                0x00000001                ASSERT (((_vector_spacing == 0x0) || (SIZEOF (.vector_22) <= (_vector_spacing << 0x5))), function at exception vector 22 too large)

.vector_23      0x9fc014e0        0x8
 *(.vector_23)
 .vector_23     0x9fc014e0        0x8 /Applications/microchip/xc32/v2.15/bin/bin/../../lib/gcc/pic32mx/4.8.3/../../../../pic32mx/lib/libpic32.a(vector23.o)
                0x9fc014e0                __vector_dispatch_23
                0x00000001                ASSERT (((_vector_spacing == 0x0) || (SIZEOF (.vector_23) <= (_vector_spacing << 0x5))), function at exception vector 23 too large)

.vector_24      0x9fc01500       0x10
 *(.vector_24)
 .vector_24     0x9fc01500       0x10 build/Board2/production/_ext/1445490755/system_interrupt_a.o
                0x9fc01500                __vector_dispatch_24
                0x00000001                ASSERT (((_vector_spacing == 0x0) || (SIZEOF (.vector_24) <= (_vector_spacing << 0x5))), function at exception vector 24 too large)

.vector_25      0x9fc01520        0x8
 *(.vector_25)
 .vector_25     0x9fc01520        0x8 /Applications/microchip/xc32/v2.15/bin/bin/../../lib/gcc/pic32mx/4.8.3/../../../../pic32mx/lib/libpic32.a(vector25.o)
                0x9fc01520                __vector_dispatch_25
                0x00000001                ASSERT (((_vector_spacing == 0x0) || (SIZEOF (.vector_25) <= (_vector_spacing << 0x5))), function at exception vector 25 too large)

.vector_26      0x9fc01540        0x8
 *(.vector_26)
 .vector_26     0x9fc01540        0x8 /Applications/microchip/xc32/v2.15/bin/bin/../../lib/gcc/pic32mx/4.8.3/../../../../pic32mx/lib/libpic32.a(vector26.o)
                0x9fc01540                __vector_dispatch_26
                0x00000001                ASSERT (((_vector_spacing == 0x0) || (SIZEOF (.vector_26) <= (_vector_spacing << 0x5))), function at exception vector 26 too large)

.vector_27      0x9fc01560        0x8
 *(.vector_27)
 .vector_27     0x9fc01560        0x8 /Applications/microchip/xc32/v2.15/bin/bin/../../lib/gcc/pic32mx/4.8.3/../../../../pic32mx/lib/libpic32.a(vector27.o)
                0x9fc01560                __vector_dispatch_27
                0x00000001                ASSERT (((_vector_spacing == 0x0) || (SIZEOF (.vector_27) <= (_vector_spacing << 0x5))), function at exception vector 27 too large)

.vector_28      0x9fc01580        0x8
 *(.vector_28)
 .vector_28     0x9fc01580        0x8 /Applications/microchip/xc32/v2.15/bin/bin/../../lib/gcc/pic32mx/4.8.3/../../../../pic32mx/lib/libpic32.a(vector28.o)
                0x9fc01580                __vector_dispatch_28
                0x00000001                ASSERT (((_vector_spacing == 0x0) || (SIZEOF (.vector_28) <= (_vector_spacing << 0x5))), function at exception vector 28 too large)

.vector_29      0x9fc015a0        0x8
 *(.vector_29)
 .vector_29     0x9fc015a0        0x8 /Applications/microchip/xc32/v2.15/bin/bin/../../lib/gcc/pic32mx/4.8.3/../../../../pic32mx/lib/libpic32.a(vector29.o)
                0x9fc015a0                __vector_dispatch_29
                0x00000001                ASSERT (((_vector_spacing == 0x0) || (SIZEOF (.vector_29) <= (_vector_spacing << 0x5))), function at exception vector 29 too large)

.vector_30      0x9fc015c0        0x8
 *(.vector_30)
 .vector_30     0x9fc015c0        0x8 /Applications/microchip/xc32/v2.15/bin/bin/../../lib/gcc/pic32mx/4.8.3/../../../../pic32mx/lib/libpic32.a(vector30.o)
                0x9fc015c0                __vector_dispatch_30
                0x00000001                ASSERT (((_vector_spacing == 0x0) || (SIZEOF (.vector_30) <= (_vector_spacing << 0x5))), function at exception vector 30 too large)

.vector_31      0x9fc015e0        0x8
 *(.vector_31)
 .vector_31     0x9fc015e0        0x8 /Applications/microchip/xc32/v2.15/bin/bin/../../lib/gcc/pic32mx/4.8.3/../../../../pic32mx/lib/libpic32.a(vector31.o)
                0x9fc015e0                __vector_dispatch_31
                0x00000001                ASSERT (((_vector_spacing == 0x0) || (SIZEOF (.vector_31) <= (_vector_spacing << 0x5))), function at exception vector 31 too large)

.vector_32      0x9fc01600        0x8
 *(.vector_32)
 .vector_32     0x9fc01600        0x8 /Applications/microchip/xc32/v2.15/bin/bin/../../lib/gcc/pic32mx/4.8.3/../../../../pic32mx/lib/libpic32.a(vector32.o)
                0x9fc01600                __vector_dispatch_32
                0x00000001                ASSERT (((_vector_spacing == 0x0) || (SIZEOF (.vector_32) <= (_vector_spacing << 0x5))), function at exception vector 32 too large)

.vector_33      0x9fc01620        0x8
 *(.vector_33)
 .vector_33     0x9fc01620        0x8 /Applications/microchip/xc32/v2.15/bin/bin/../../lib/gcc/pic32mx/4.8.3/../../../../pic32mx/lib/libpic32.a(vector33.o)
                0x9fc01620                __vector_dispatch_33
                0x00000001                ASSERT (((_vector_spacing == 0x0) || (SIZEOF (.vector_33) <= (_vector_spacing << 0x5))), function at exception vector 33 too large)

.vector_34      0x9fc01640        0x8
 *(.vector_34)
 .vector_34     0x9fc01640        0x8 /Applications/microchip/xc32/v2.15/bin/bin/../../lib/gcc/pic32mx/4.8.3/../../../../pic32mx/lib/libpic32.a(vector34.o)
                0x9fc01640                __vector_dispatch_34
                0x00000001                ASSERT (((_vector_spacing == 0x0) || (SIZEOF (.vector_34) <= (_vector_spacing << 0x5))), function at exception vector 34 too large)

.vector_35      0x9fc01660        0x8
 *(.vector_35)
 .vector_35     0x9fc01660        0x8 /Applications/microchip/xc32/v2.15/bin/bin/../../lib/gcc/pic32mx/4.8.3/../../../../pic32mx/lib/libpic32.a(vector35.o)
                0x9fc01660                __vector_dispatch_35
                0x00000001                ASSERT (((_vector_spacing == 0x0) || (SIZEOF (.vector_35) <= (_vector_spacing << 0x5))), function at exception vector 35 too large)

.vector_36      0x9fc01680        0x8
 *(.vector_36)
 .vector_36     0x9fc01680        0x8 /Applications/microchip/xc32/v2.15/bin/bin/../../lib/gcc/pic32mx/4.8.3/../../../../pic32mx/lib/libpic32.a(vector36.o)
                0x9fc01680                __vector_dispatch_36
                0x00000001                ASSERT (((_vector_spacing == 0x0) || (SIZEOF (.vector_36) <= (_vector_spacing << 0x5))), function at exception vector 36 too large)

.vector_37      0x9fc016a0        0x8
 *(.vector_37)
 .vector_37     0x9fc016a0        0x8 /Applications/microchip/xc32/v2.15/bin/bin/../../lib/gcc/pic32mx/4.8.3/../../../../pic32mx/lib/libpic32.a(vector37.o)
                0x9fc016a0                __vector_dispatch_37
                0x00000001                ASSERT (((_vector_spacing == 0x0) || (SIZEOF (.vector_37) <= (_vector_spacing << 0x5))), function at exception vector 37 too large)

.vector_38      0x9fc016c0        0x8
 *(.vector_38)
 .vector_38     0x9fc016c0        0x8 /Applications/microchip/xc32/v2.15/bin/bin/../../lib/gcc/pic32mx/4.8.3/../../../../pic32mx/lib/libpic32.a(vector38.o)
                0x9fc016c0                __vector_dispatch_38
                0x00000001                ASSERT (((_vector_spacing == 0x0) || (SIZEOF (.vector_38) <= (_vector_spacing << 0x5))), function at exception vector 38 too large)

.vector_39      0x9fc016e0        0x8
 *(.vector_39)
 .vector_39     0x9fc016e0        0x8 /Applications/microchip/xc32/v2.15/bin/bin/../../lib/gcc/pic32mx/4.8.3/../../../../pic32mx/lib/libpic32.a(vector39.o)
                0x9fc016e0                __vector_dispatch_39
                0x00000001                ASSERT (((_vector_spacing == 0x0) || (SIZEOF (.vector_39) <= (_vector_spacing << 0x5))), function at exception vector 39 too large)

.vector_40      0x9fc01700        0x8
 *(.vector_40)
 .vector_40     0x9fc01700        0x8 /Applications/microchip/xc32/v2.15/bin/bin/../../lib/gcc/pic32mx/4.8.3/../../../../pic32mx/lib/libpic32.a(vector40.o)
                0x9fc01700                __vector_dispatch_40
                0x00000001                ASSERT (((_vector_spacing == 0x0) || (SIZEOF (.vector_40) <= (_vector_spacing << 0x5))), function at exception vector 40 too large)

.vector_41      0x9fc01720        0x8
 *(.vector_41)
 .vector_41     0x9fc01720        0x8 /Applications/microchip/xc32/v2.15/bin/bin/../../lib/gcc/pic32mx/4.8.3/../../../../pic32mx/lib/libpic32.a(vector41.o)
                0x9fc01720                __vector_dispatch_41
                0x00000001                ASSERT (((_vector_spacing == 0x0) || (SIZEOF (.vector_41) <= (_vector_spacing << 0x5))), function at exception vector 41 too large)

.vector_42      0x9fc01740        0x8
 *(.vector_42)
 .vector_42     0x9fc01740        0x8 /Applications/microchip/xc32/v2.15/bin/bin/../../lib/gcc/pic32mx/4.8.3/../../../../pic32mx/lib/libpic32.a(vector42.o)
                0x9fc01740                __vector_dispatch_42
                0x00000001                ASSERT (((_vector_spacing == 0x0) || (SIZEOF (.vector_42) <= (_vector_spacing << 0x5))), function at exception vector 42 too large)

.vector_43      0x9fc01760        0x8
 *(.vector_43)
 .vector_43     0x9fc01760        0x8 /Applications/microchip/xc32/v2.15/bin/bin/../../lib/gcc/pic32mx/4.8.3/../../../../pic32mx/lib/libpic32.a(vector43.o)
                0x9fc01760                __vector_dispatch_43
                0x00000001                ASSERT (((_vector_spacing == 0x0) || (SIZEOF (.vector_43) <= (_vector_spacing << 0x5))), function at exception vector 43 too large)

.vector_44      0x9fc01780        0x8
 *(.vector_44)
 .vector_44     0x9fc01780        0x8 /Applications/microchip/xc32/v2.15/bin/bin/../../lib/gcc/pic32mx/4.8.3/../../../../pic32mx/lib/libpic32.a(vector44.o)
                0x9fc01780                __vector_dispatch_44
                0x00000001                ASSERT (((_vector_spacing == 0x0) || (SIZEOF (.vector_44) <= (_vector_spacing << 0x5))), function at exception vector 44 too large)

.vector_45      0x9fc017a0        0x8
 *(.vector_45)
 .vector_45     0x9fc017a0        0x8 /Applications/microchip/xc32/v2.15/bin/bin/../../lib/gcc/pic32mx/4.8.3/../../../../pic32mx/lib/libpic32.a(vector45.o)
                0x9fc017a0                __vector_dispatch_45
                0x00000001                ASSERT (((_vector_spacing == 0x0) || (SIZEOF (.vector_45) <= (_vector_spacing << 0x5))), function at exception vector 45 too large)

.vector_46      0x9fc017c0        0x8
 *(.vector_46)
 .vector_46     0x9fc017c0        0x8 /Applications/microchip/xc32/v2.15/bin/bin/../../lib/gcc/pic32mx/4.8.3/../../../../pic32mx/lib/libpic32.a(vector46.o)
                0x9fc017c0                __vector_dispatch_46
                0x00000001                ASSERT (((_vector_spacing == 0x0) || (SIZEOF (.vector_46) <= (_vector_spacing << 0x5))), function at exception vector 46 too large)

.vector_47      0x9fc017e0        0x8
 *(.vector_47)
 .vector_47     0x9fc017e0        0x8 /Applications/microchip/xc32/v2.15/bin/bin/../../lib/gcc/pic32mx/4.8.3/../../../../pic32mx/lib/libpic32.a(vector47.o)
                0x9fc017e0                __vector_dispatch_47
                0x00000001                ASSERT (((_vector_spacing == 0x0) || (SIZEOF (.vector_47) <= (_vector_spacing << 0x5))), function at exception vector 47 too large)

.vector_48      0x9fc01800        0x8
 *(.vector_48)
 .vector_48     0x9fc01800        0x8 /Applications/microchip/xc32/v2.15/bin/bin/../../lib/gcc/pic32mx/4.8.3/../../../../pic32mx/lib/libpic32.a(vector48.o)
                0x9fc01800                __vector_dispatch_48
                0x00000001                ASSERT (((_vector_spacing == 0x0) || (SIZEOF (.vector_48) <= (_vector_spacing << 0x5))), function at exception vector 48 too large)

.vector_49      0x9fc01820        0x8
 *(.vector_49)
 .vector_49     0x9fc01820        0x8 /Applications/microchip/xc32/v2.15/bin/bin/../../lib/gcc/pic32mx/4.8.3/../../../../pic32mx/lib/libpic32.a(vector49.o)
                0x9fc01820                __vector_dispatch_49
                0x00000001                ASSERT (((_vector_spacing == 0x0) || (SIZEOF (.vector_49) <= (_vector_spacing << 0x5))), function at exception vector 49 too large)

.vector_50      0x9fc01840        0x8
 *(.vector_50)
 .vector_50     0x9fc01840        0x8 /Applications/microchip/xc32/v2.15/bin/bin/../../lib/gcc/pic32mx/4.8.3/../../../../pic32mx/lib/libpic32.a(vector50.o)
                0x9fc01840                __vector_dispatch_50
                0x00000001                ASSERT (((_vector_spacing == 0x0) || (SIZEOF (.vector_50) <= (_vector_spacing << 0x5))), function at exception vector 50 too large)

.vector_51      0x9fc01860        0x8
 *(.vector_51)
 .vector_51     0x9fc01860        0x8 /Applications/microchip/xc32/v2.15/bin/bin/../../lib/gcc/pic32mx/4.8.3/../../../../pic32mx/lib/libpic32.a(vector51.o)
                0x9fc01860                __vector_dispatch_51
                0x00000001                ASSERT (((_vector_spacing == 0x0) || (SIZEOF (.vector_51) <= (_vector_spacing << 0x5))), function at exception vector 51 too large)

.vector_52      0x9fc01880        0x0
 *(.vector_52)
                0x00000001                ASSERT (((_vector_spacing == 0x0) || (SIZEOF (.vector_52) <= (_vector_spacing << 0x5))), function at exception vector 52 too large)

.vector_53      0x9fc018a0        0x0
 *(.vector_53)
                0x00000001                ASSERT (((_vector_spacing == 0x0) || (SIZEOF (.vector_53) <= (_vector_spacing << 0x5))), function at exception vector 53 too large)

.vector_54      0x9fc018c0        0x0
 *(.vector_54)
                0x00000001                ASSERT (((_vector_spacing == 0x0) || (SIZEOF (.vector_54) <= (_vector_spacing << 0x5))), function at exception vector 54 too large)

.vector_55      0x9fc018e0        0x0
 *(.vector_55)
                0x00000001                ASSERT (((_vector_spacing == 0x0) || (SIZEOF (.vector_55) <= (_vector_spacing << 0x5))), function at exception vector 55 too large)

.vector_56      0x9fc01900        0x0
 *(.vector_56)
                0x00000001                ASSERT (((_vector_spacing == 0x0) || (SIZEOF (.vector_56) <= (_vector_spacing << 0x5))), function at exception vector 56 too large)

.vector_57      0x9fc01920        0x0
 *(.vector_57)
                0x00000001                ASSERT (((_vector_spacing == 0x0) || (SIZEOF (.vector_57) <= (_vector_spacing << 0x5))), function at exception vector 57 too large)

.vector_58      0x9fc01940        0x0
 *(.vector_58)
                0x00000001                ASSERT (((_vector_spacing == 0x0) || (SIZEOF (.vector_58) <= (_vector_spacing << 0x5))), function at exception vector 58 too large)

.vector_59      0x9fc01960        0x0
 *(.vector_59)
                0x00000001                ASSERT (((_vector_spacing == 0x0) || (SIZEOF (.vector_59) <= (_vector_spacing << 0x5))), function at exception vector 59 too large)

.vector_60      0x9fc01980        0x0
 *(.vector_60)
                0x00000001                ASSERT (((_vector_spacing == 0x0) || (SIZEOF (.vector_60) <= (_vector_spacing << 0x5))), function at exception vector 60 too large)

.vector_61      0x9fc019a0        0x0
 *(.vector_61)
                0x00000001                ASSERT (((_vector_spacing == 0x0) || (SIZEOF (.vector_61) <= (_vector_spacing << 0x5))), function at exception vector 61 too large)

.vector_62      0x9fc019c0        0x0
 *(.vector_62)
                0x00000001                ASSERT (((_vector_spacing == 0x0) || (SIZEOF (.vector_62) <= (_vector_spacing << 0x5))), function at exception vector 62 too large)

.vector_63      0x9fc019e0        0x0
 *(.vector_63)
                0x00000001                ASSERT (((_vector_spacing == 0x0) || (SIZEOF (.vector_63) <= (_vector_spacing << 0x5))), function at exception vector 63 too large)

.startup
 *(.startup)

.text           0x9d000000        0x0
 *(.stub .gnu.linkonce.t.*)
 *(.text.*personality*)
 *(.mips16.fn.*)
 *(.mips16.call.*)
 *(.gnu.warning)
                0x9d000000                . = ALIGN (0x4)

.init           0x9d000000        0x0
 *crti.o(.init)
 *crtbegin.o(.init)
 *(EXCLUDE_FILE(*crtn.o *crtend?.o *crtend.o) .init)
 *crtend.o(.init)
 *crtn.o(.init)
                0x9d000000                . = ALIGN (0x4)

.fini           0x9d000000        0x0
 *(.fini)
                0x9d000000                . = ALIGN (0x4)

.preinit_array  0x9d000000        0x0
                0x9d000000                PROVIDE (__preinit_array_start, .)
 *(.preinit_array)
                0x9d000000                PROVIDE (__preinit_array_end, .)
                0x9d000000                . = ALIGN (0x4)

.init_array     0x9d000000        0x0
                0x9d000000                PROVIDE (__init_array_start, .)
 *(SORT(.init_array.*))
 *(.init_array)
                0x9d000000                PROVIDE (__init_array_end, .)
                0x9d000000                . = ALIGN (0x4)

.fini_array     0x9d000000        0x0
                0x9d000000                PROVIDE (__fini_array_start, .)
 *(SORT(.fini_array.*))
 *(.fini_array)
                0x9d000000                PROVIDE (__fini_array_end, .)
                0x9d000000                . = ALIGN (0x4)

.ctors          0x9d000000        0x0
 *crtbegin.o(.ctors)
 *crtbegin?.o(.ctors)
 *(EXCLUDE_FILE(*crtend?.o *crtend.o) .ctors)
 *(SORT(.ctors.*))
 *(.ctors)
                0x9d000000                . = ALIGN (0x4)

.dtors          0x9d000000        0x0
 *crtbegin.o(.dtors)
 *crtbegin?.o(.dtors)
 *(EXCLUDE_FILE(*crtend?.o *crtend.o) .dtors)
 *(SORT(.dtors.*))
 *(.dtors)
                0x9d000000                . = ALIGN (0x4)

.rodata         0x9d000000        0x0
 *(.gnu.linkonce.r.*)
 *(.rodata1)
                0x9d000000                . = ALIGN (0x4)

.sdata2         0x9fc00490        0x0
 *(.sdata2 .sdata2.* .gnu.linkonce.s2.*)
                0x9fc00490                . = ALIGN (0x4)

.sbss2          0x9fc00490        0x0
 *(.sbss2 .sbss2.* .gnu.linkonce.sb2.*)
                0x9fc00490                . = ALIGN (0x4)

.eh_frame_hdr
 *(.eh_frame_hdr)
                0x9fc00490                . = ALIGN (0x4)

.eh_frame
 *(.eh_frame)
                0x9fc00490                . = ALIGN (0x4)

.gcc_except_table
 *(.gcc_except_table .gcc_except_table.*)
                0x9fc00490                . = ALIGN (0x4)

.dbg_data       0xa0000000        0x0
                0xa0000000                . = (. + DEFINED (_DEBUGGER)?0x200:0x0)

.jcr            0xa0000000        0x0
 *(.jcr)
                0xa0000000                . = ALIGN (0x4)

.eh_frame
 *(.eh_frame)
                0xa0000000                . = ALIGN (0x4)

.gcc_except_table
 *(.gcc_except_table .gcc_except_table.*)
                0xa0000000                . = ALIGN (0x4)

.persist        0xa0000000        0x0
                0xa0000000                _persist_begin = .
 *(.persist .persist.*)
 *(.pbss .pbss.*)
                0xa0000000                . = ALIGN (0x4)
                0xa0000000                _persist_end = .

.data           0xa0000000        0x0
 *(.gnu.linkonce.d.*)
 *(.data1)
                0xa0000000                . = ALIGN (0x4)
                0xa0000000                . = .
                0xa0007ff0                _gp = (ALIGN (0x10) + 0x7ff0)

.got            0xa0000000        0x0
 *(.got.plt)
 *(.got)
                0xa0000000                . = ALIGN (0x4)

.sdata          0xa0000000        0xc
                0xa0000000                _sdata_begin = .
 *(.sdata .sdata.* .gnu.linkonce.s.*)
 .sdata         0xa0000000        0x4 build/Board2/production/_ext/905643201/heap_2.o
 .sdata         0xa0000004        0x4 build/Board2/production/_ext/331515796/port.o
                0xa0000004                uxInterruptNesting
 .sdata         0xa0000008        0x4 /Applications/microchip/xc32/v2.15/bin/bin/../../lib/gcc/pic32mx/4.8.3/../../../../pic32mx/lib/libpic32.a(xc32_uart.o)
                0xa0000008                __XC_UART
                0xa000000c                . = ALIGN (0x4)
                0xa000000c                _sdata_end = .

.lit8
 *(.lit8)

.lit4
 *(.lit4)
                0xa000000c                . = ALIGN (0x4)
                0xa000000c                _data_end = .
                0xa000000c                _bss_begin = .

.sbss           0xa000000c       0xd8
                0xa000000c                _sbss_begin = .
 *(.dynsbss)
 *(.sbss .sbss.* .gnu.linkonce.sb.*)
 .sbss          0xa000000c        0x3 build/Board2/production/_ext/1550245252/drv_tmr_static.o
 *fill*         0xa000000f        0x1 
 .sbss          0xa0000010        0xc build/Board2/production/_ext/1445490755/system_exceptions.o
 .sbss          0xa000001c        0x8 build/Board2/production/_ext/334398652/cJSON.o
 .sbss          0xa0000024       0x10 build/Board2/production/_ext/334398652/http.o
 .sbss          0xa0000034       0x18 build/Board2/production/_ext/334398652/wifi_state.o
 .sbss          0xa000004c        0x8 build/Board2/production/_ext/334398652/game_state.o
 .sbss          0xa0000054       0x14 build/Board2/production/_ext/905643201/heap_2.o
 .sbss          0xa0000068        0x4 build/Board2/production/_ext/331515796/port.o
                0xa0000068                uxSavedTaskStackPointer
 .sbss          0xa000006c       0x3c build/Board2/production/_ext/1539584926/tasks.o
                0xa00000a4                pxCurrentTCB
 .sbss          0xa00000a8       0x14 build/Board2/production/_ext/1539584926/timers.o
 *(.scommon)
 .scommon       0xa00000bc        0xc build/Board2/production/_ext/1351229741/drv_oc_mapping.o
                0xa00000bc                Uart_tx_queue
                0xa00000c0                gameQueueHandle
                0xa00000c4                UART_Thread_queue
 .scommon       0xa00000c8        0x0 build/Board2/production/_ext/794052624/drv_usart_mapping.o
 .scommon       0xa00000c8        0x8 build/Board2/production/_ext/794052624/drv_usart_static.o
                0xa00000c8                gDrvUSART0Obj
 .scommon       0xa00000d0        0x0 build/Board2/production/_ext/794052624/drv_usart_static_byte_model.o
 .scommon       0xa00000d0        0x0 build/Board2/production/_ext/697674732/sys_clk_pic32mx.o
 .scommon       0xa00000d0        0x8 build/Board2/production/_ext/733479835/sys_devcon.o
                0xa00000d0                sysDevconObj
 .scommon       0xa00000d8        0x0 build/Board2/production/_ext/1445490755/system_init.o
 .scommon       0xa00000d8        0x0 build/Board2/production/_ext/1445490755/system_interrupt.o
 .scommon       0xa00000d8        0x0 build/Board2/production/_ext/1445490755/system_exceptions.o
 .scommon       0xa00000d8        0x0 build/Board2/production/_ext/1445490755/system_tasks.o
 .scommon       0xa00000d8        0x0 build/Board2/production/_ext/1360937237/game_app.o
 .scommon       0xa00000d8        0x0 build/Board2/production/_ext/1360937237/wifi_app.o
 .scommon       0xa00000d8        0x0 build/Board2/production/_ext/334398652/debug.o
 .scommon       0xa00000d8        0x0 build/Board2/production/_ext/334398652/http.o
 .scommon       0xa00000d8        0x0 build/Board2/production/_ext/334398652/wifi_queue.o
 .scommon       0xa00000d8        0x0 build/Board2/production/_ext/334398652/wifi_state.o
 .scommon       0xa00000d8        0x4 build/Board2/production/_ext/334398652/wifi_timer.o
                0xa00000d8                statistic_handle
 .scommon       0xa00000dc        0x0 build/Board2/production/_ext/334398652/game_queue.o
 .scommon       0xa00000dc        0x0 build/Board2/production/_ext/334398652/game_state.o
 .scommon       0xa00000dc        0x8 build/Board2/production/_ext/334398652/game_timer.o
                0xa00000dc                Game_ReqHandle
                0xa00000e0                Game_LEDHandle
                0xa00000e4                _sbss_end = .
                0xa00000e4                . = ALIGN (0x4)

.bss            0xa00000e4       0x10
 *(.dynbss)
 *(COMMON)
 COMMON         0xa00000e4       0x10 build/Board2/production/_ext/1445490755/system_init.o
                0xa00000e4                sysObj
                0xa00000f4                . = ALIGN ((. != 0x0)?0x4:0x1)
                0xa00000f4                . = ALIGN (0x4)
                0xa00000f4                _end = .
                0xa00000f4                _bss_end = .
                0x00020000                _bmxdudba_address = 0x20000
                0x00020000                _bmxdupba_address = 0x20000

/DISCARD/
 *(.pdr)
 *(.rel.dyn)
 *(.note.GNU-stack)
 *(.note.GNU-stack)
 *(.gnu_debuglink)
 *(.gnu.lto_*)
 *(.discard)

.gptab.sdata
 *(.gptab.data)
 *(.gptab.sdata)

.gptab.sbss
 *(.gptab.bss)
 *(.gptab.sbss)

.mdebug.abi32   0xa00000f4        0x0
 *(.mdebug.abi32)
 .mdebug.abi32  0xa00000f4        0x0 build/Board2/production/_ext/1351229741/drv_oc_mapping.o
 .mdebug.abi32  0xa00000f4        0x0 build/Board2/production/_ext/1351229741/drv_oc_static.o
 .mdebug.abi32  0xa00000f4        0x0 build/Board2/production/_ext/1550245252/drv_tmr_static.o
 .mdebug.abi32  0xa00000f4        0x0 build/Board2/production/_ext/1550245252/drv_tmr_mapping.o
 .mdebug.abi32  0xa00000f4        0x0 build/Board2/production/_ext/794052624/drv_usart_mapping.o
 .mdebug.abi32  0xa00000f4        0x0 build/Board2/production/_ext/794052624/drv_usart_static.o
 .mdebug.abi32  0xa00000f4        0x0 build/Board2/production/_ext/794052624/drv_usart_static_byte_model.o
 .mdebug.abi32  0xa00000f4        0x0 build/Board2/production/_ext/697674732/sys_clk_pic32mx.o
 .mdebug.abi32  0xa00000f4        0x0 build/Board2/production/_ext/733479835/sys_devcon.o
 .mdebug.abi32  0xa00000f4        0x0 build/Board2/production/_ext/733479835/sys_devcon_pic32mx.o
 .mdebug.abi32  0xa00000f4        0x0 build/Board2/production/_ext/1943101500/sys_ports_static.o
 .mdebug.abi32  0xa00000f4        0x0 build/Board2/production/_ext/1445490755/system_init.o
 .mdebug.abi32  0xa00000f4        0x0 build/Board2/production/_ext/1445490755/system_interrupt.o
 .mdebug.abi32  0xa00000f4        0x0 build/Board2/production/_ext/1445490755/system_exceptions.o
 .mdebug.abi32  0xa00000f4        0x0 build/Board2/production/_ext/1445490755/system_tasks.o
 .mdebug.abi32  0xa00000f4        0x0 build/Board2/production/_ext/1445490755/rtos_hooks.o
 .mdebug.abi32  0xa00000f4        0x0 build/Board2/production/_ext/1360937237/game_app.o
 .mdebug.abi32  0xa00000f4        0x0 build/Board2/production/_ext/1360937237/wifi_app.o
 .mdebug.abi32  0xa00000f4        0x0 build/Board2/production/_ext/1360937237/main.o
 .mdebug.abi32  0xa00000f4        0x0 build/Board2/production/_ext/334398652/cJSON.o
 .mdebug.abi32  0xa00000f4        0x0 build/Board2/production/_ext/334398652/debug.o
 .mdebug.abi32  0xa00000f4        0x0 build/Board2/production/_ext/334398652/http.o
 .mdebug.abi32  0xa00000f4        0x0 build/Board2/production/_ext/334398652/wifi_queue.o
 .mdebug.abi32  0xa00000f4        0x0 build/Board2/production/_ext/334398652/wifi_state.o
 .mdebug.abi32  0xa00000f4        0x0 build/Board2/production/_ext/334398652/wifi_timer.o
 .mdebug.abi32  0xa00000f4        0x0 build/Board2/production/_ext/334398652/game_queue.o
 .mdebug.abi32  0xa00000f4        0x0 build/Board2/production/_ext/334398652/game_state.o
 .mdebug.abi32  0xa00000f4        0x0 build/Board2/production/_ext/334398652/game_timer.o
 .mdebug.abi32  0xa00000f4        0x0 build/Board2/production/_ext/1043444669/osal_freertos.o
 .mdebug.abi32  0xa00000f4        0x0 build/Board2/production/_ext/249303043/sys_int_pic32.o
 .mdebug.abi32  0xa00000f4        0x0 build/Board2/production/_ext/905643201/heap_2.o
 .mdebug.abi32  0xa00000f4        0x0 build/Board2/production/_ext/331515796/port.o
 .mdebug.abi32  0xa00000f4        0x0 build/Board2/production/_ext/1539584926/croutine.o
 .mdebug.abi32  0xa00000f4        0x0 build/Board2/production/_ext/1539584926/list.o
 .mdebug.abi32  0xa00000f4        0x0 build/Board2/production/_ext/1539584926/queue.o
 .mdebug.abi32  0xa00000f4        0x0 build/Board2/production/_ext/1539584926/tasks.o
 .mdebug.abi32  0xa00000f4        0x0 build/Board2/production/_ext/1539584926/timers.o
 .mdebug.abi32  0xa00000f4        0x0 build/Board2/production/_ext/1539584926/event_groups.o
 .mdebug.abi32  0xa00000f4        0x0 build/Board2/production/_ext/1539584926/stream_buffer.o
 .mdebug.abi32  0xa00000f4        0x0 /Applications/microchip/xc32/v2.15/bin/bin/../../lib/gcc/pic32mx/4.8.3/../../../../pic32mx/lib/libpic32.a(default-bootstrap-exception-handler.o)
 .mdebug.abi32  0xa00000f4        0x0 /Applications/microchip/xc32/v2.15/bin/bin/../../lib/gcc/pic32mx/4.8.3/../../../../pic32mx/lib/libpic32.a(default-on-reset.o)
 .mdebug.abi32  0xa00000f4        0x0 /Applications/microchip/xc32/v2.15/bin/bin/../../lib/gcc/pic32mx/4.8.3/../../../../pic32mx/lib/libpic32.a(default-on-bootstrap.o)
 .mdebug.abi32  0xa00000f4        0x0 /Applications/microchip/xc32/v2.15/bin/bin/../../lib/gcc/pic32mx/4.8.3/../../../../pic32mx/lib/libpic32.a(defaultinterrupt.o)
 .mdebug.abi32  0xa00000f4        0x0 /Applications/microchip/xc32/v2.15/bin/bin/../../lib/gcc/pic32mx/4.8.3/../../../../pic32mx/lib/libc.a(ctypef.o)
 .mdebug.abi32  0xa00000f4        0x0 /Applications/microchip/xc32/v2.15/bin/bin/../../lib/gcc/pic32mx/4.8.3/../../../../pic32mx/lib/libc.a(malloc.o)
 .mdebug.abi32  0xa00000f4        0x0 /Applications/microchip/xc32/v2.15/bin/bin/../../lib/gcc/pic32mx/4.8.3/../../../../pic32mx/lib/libc.a(strcat.o)
 .mdebug.abi32  0xa00000f4        0x0 /Applications/microchip/xc32/v2.15/bin/bin/../../lib/gcc/pic32mx/4.8.3/../../../../pic32mx/lib/libc.a(strncmp.o)
 .mdebug.abi32  0xa00000f4        0x0 /Applications/microchip/xc32/v2.15/bin/bin/../../lib/gcc/pic32mx/4.8.3/../../../../pic32mx/lib/libc.a(strtod.o)
 .mdebug.abi32  0xa00000f4        0x0 /Applications/microchip/xc32/v2.15/bin/bin/../../lib/gcc/pic32mx/4.8.3/../../../../pic32mx/lib/libc.a(sprintf_cdgGnopuxX.eo)
 .mdebug.abi32  0xa00000f4        0x0 /Applications/microchip/xc32/v2.15/bin/bin/../../lib/gcc/pic32mx/4.8.3/../../../../pic32mx/lib/libc.a(sscanf_gG.eo)
 .mdebug.abi32  0xa00000f4        0x0 /Applications/microchip/xc32/v2.15/bin/bin/../../lib/gcc/pic32mx/4.8.3/../../../../pic32mx/lib/libc.a(ctype.o)
 .mdebug.abi32  0xa00000f4        0x0 /Applications/microchip/xc32/v2.15/bin/bin/../../lib/gcc/pic32mx/4.8.3/../../../../pic32mx/lib/libc.a(doprnt_cdgGnopuxX.eo)
 .mdebug.abi32  0xa00000f4        0x0 /Applications/microchip/xc32/v2.15/bin/bin/../../lib/gcc/pic32mx/4.8.3/../../../../pic32mx/lib/libc.a(doscan_gG.eo)
 .mdebug.abi32  0xa00000f4        0x0 /Applications/microchip/xc32/v2.15/bin/bin/../../lib/gcc/pic32mx/4.8.3/../../../../pic32mx/lib/libc.a(fgetc.o)
 .mdebug.abi32  0xa00000f4        0x0 /Applications/microchip/xc32/v2.15/bin/bin/../../lib/gcc/pic32mx/4.8.3/../../../../pic32mx/lib/libc.a(_fputc_simple.o)
 .mdebug.abi32  0xa00000f4        0x0 /Applications/microchip/xc32/v2.15/bin/bin/../../lib/gcc/pic32mx/4.8.3/../../../../pic32mx/lib/libc.a(atoi.o)
 .mdebug.abi32  0xa00000f4        0x0 /Applications/microchip/xc32/v2.15/bin/bin/../../lib/gcc/pic32mx/4.8.3/../../../../pic32mx/lib/libc.a(ldpowers.o)
 .mdebug.abi32  0xa00000f4        0x0 /Applications/microchip/xc32/v2.15/bin/bin/../../lib/gcc/pic32mx/4.8.3/../../../../pic32mx/lib/libc.a(strtof.o)
 .mdebug.abi32  0xa00000f4        0x0 /Applications/microchip/xc32/v2.15/bin/bin/../../lib/gcc/pic32mx/4.8.3/../../../../pic32mx/lib/libc.a(ungetc.o)
 .mdebug.abi32  0xa00000f4        0x0 /Applications/microchip/xc32/v2.15/bin/bin/../../lib/gcc/pic32mx/4.8.3/../../../../pic32mx/lib/libc.a(_iob.o)
 .mdebug.abi32  0xa00000f4        0x0 /Applications/microchip/xc32/v2.15/bin/bin/../../lib/gcc/pic32mx/4.8.3/../../../../pic32mx/lib/libc.a(filbuf.o)
 .mdebug.abi32  0xa00000f4        0x0 /Applications/microchip/xc32/v2.15/bin/bin/../../lib/gcc/pic32mx/4.8.3/../../../../pic32mx/lib/libc.a(_flsbuf_simple.o)
 .mdebug.abi32  0xa00000f4        0x0 /Applications/microchip/xc32/v2.15/bin/bin/../../lib/gcc/pic32mx/4.8.3/../../../../pic32mx/lib/libc.a(fflush.o)
 .mdebug.abi32  0xa00000f4        0x0 /Applications/microchip/xc32/v2.15/bin/bin/../../lib/gcc/pic32mx/4.8.3/../../../../pic32mx/lib/libm.a(w_powf.o)
 .mdebug.abi32  0xa00000f4        0x0 /Applications/microchip/xc32/v2.15/bin/bin/../../lib/gcc/pic32mx/4.8.3/../../../../pic32mx/lib/libm.a(__strtod.o)
 .mdebug.abi32  0xa00000f4        0x0 /Applications/microchip/xc32/v2.15/bin/bin/../../lib/gcc/pic32mx/4.8.3/../../../../pic32mx/lib/libm.a(__strtof.o)
 .mdebug.abi32  0xa00000f4        0x0 /Applications/microchip/xc32/v2.15/bin/bin/../../lib/gcc/pic32mx/4.8.3/../../../../pic32mx/lib/libm.a(s_lib_ver.o)
 .mdebug.abi32  0xa00000f4        0x0 /Applications/microchip/xc32/v2.15/bin/bin/../../lib/gcc/pic32mx/4.8.3/../../../../pic32mx/lib/libe.a(_fixunsdfdi.o)
 .mdebug.abi32  0xa00000f4        0x0 /Applications/microchip/xc32/v2.15/bin/bin/../../lib/gcc/pic32mx/4.8.3/../../../../pic32mx/lib/libe.a(_orderdf2.o)
 .mdebug.abi32  0xa00000f4        0x0 /Applications/microchip/xc32/v2.15/bin/bin/../../lib/gcc/pic32mx/4.8.3/../../../../pic32mx/lib/libe.a(_ldexp.o)
 .mdebug.abi32  0xa00000f4        0x0 /Applications/microchip/xc32/v2.15/bin/bin/../../lib/gcc/pic32mx/4.8.3/../../../../pic32mx/lib/libe.a(_ldexpf.o)
 .mdebug.abi32  0xa00000f4        0x0 /Applications/microchip/xc32/v2.15/bin/bin/../../lib/gcc/pic32mx/4.8.3/../../../../pic32mx/lib/libe.a(_fixdfdi.o)
 .mdebug.abi32  0xa00000f4        0x0 /Applications/microchip/xc32/v2.15/bin/bin/../../lib/gcc/pic32mx/4.8.3/libgcc.a(_lshrdi3.o)
 .mdebug.abi32  0xa00000f4        0x0 /Applications/microchip/xc32/v2.15/bin/bin/../../lib/gcc/pic32mx/4.8.3/libgcc.a(_ashldi3.o)
 .mdebug.abi32  0xa00000f4        0x0 /Applications/microchip/xc32/v2.15/bin/bin/../../lib/gcc/pic32mx/4.8.3/libgcc.a(_floatundidf.o)
 .mdebug.abi32  0xa00000f4        0x0 /Applications/microchip/xc32/v2.15/bin/bin/../../lib/gcc/pic32mx/4.8.3/libgcc.a(_udivdi3.o)
 .mdebug.abi32  0xa00000f4        0x0 /Applications/microchip/xc32/v2.15/bin/bin/../../lib/gcc/pic32mx/4.8.3/libgcc.a(_umoddi3.o)
 .mdebug.abi32  0xa00000f4        0x0 /Applications/microchip/xc32/v2.15/bin/bin/../../lib/gcc/pic32mx/4.8.3/libgcc.a(floatunsidf.o)
 .mdebug.abi32  0xa00000f4        0x0 /Applications/microchip/xc32/v2.15/bin/bin/../../lib/gcc/pic32mx/4.8.3/../../../../pic32mx/lib/libpic32.a(sbrk.o)
 .mdebug.abi32  0xa00000f4        0x0 /Applications/microchip/xc32/v2.15/bin/bin/../../lib/gcc/pic32mx/4.8.3/../../../../pic32mx/lib/libpic32.a(read.o)
 .mdebug.abi32  0xa00000f4        0x0 /Applications/microchip/xc32/v2.15/bin/bin/../../lib/gcc/pic32mx/4.8.3/../../../../pic32mx/lib/libpic32.a(write.o)
 .mdebug.abi32  0xa00000f4        0x0 /Applications/microchip/xc32/v2.15/bin/bin/../../lib/gcc/pic32mx/4.8.3/../../../../pic32mx/lib/libpic32.a(xc32_uart.o)
 .mdebug.abi32  0xa00000f4        0x0 /Applications/microchip/xc32/v2.15/bin/bin/../../lib/gcc/pic32mx/4.8.3/../../../../pic32mx/lib/libpic32.a(errno.o)
 .mdebug.abi32  0xa00000f4        0x0 /Applications/microchip/xc32/v2.15/bin/bin/../../lib/gcc/pic32mx/4.8.3/../../../../pic32mx/lib/libpic32.a(isinf.o)
 .mdebug.abi32  0xa00000f4        0x0 /Applications/microchip/xc32/v2.15/bin/bin/../../lib/gcc/pic32mx/4.8.3/../../../../pic32mx/lib/libpic32.a(_mon_putc.o)
 .mdebug.abi32  0xa00000f4        0x0 /Applications/microchip/xc32/v2.15/bin/bin/../../lib/gcc/pic32mx/4.8.3/../../../../pic32mx/lib/libe.a(_unorddf2.o)

.mdebug.abiN32
 *(.mdebug.abiN32)

.mdebug.abi64
 *(.mdebug.abi64)

.mdebug.abiO64
 *(.mdebug.abiO64)

.mdebug.eabi32
 *(.mdebug.eabi32)

.mdebug.eabi64
 *(.mdebug.eabi64)

.gcc_compiled_long32
 *(.gcc_compiled_long32)

.gcc_compiled_long64
 *(.gcc_compiled_long64)

.stab
 *(.stab)

.stabstr
 *(.stabstr)

.stab.excl
 *(.stab.excl)

.stab.exclstr
 *(.stab.exclstr)

.stab.index
 *(.stab.index)

.stab.indexstr
 *(.stab.indexstr)

.comment        0x00000000      0x404
 *(.comment)
 .comment       0x00000000       0x3c build/Board2/production/_ext/1351229741/drv_oc_mapping.o
                                 0x3d (size before relaxing)
 .comment       0x00000000       0x3d build/Board2/production/_ext/1351229741/drv_oc_static.o
 .comment       0x00000000       0x3d build/Board2/production/_ext/1550245252/drv_tmr_static.o
 .comment       0x00000000       0x3d build/Board2/production/_ext/1550245252/drv_tmr_mapping.o
 .comment       0x00000000       0x3d build/Board2/production/_ext/794052624/drv_usart_mapping.o
 .comment       0x00000000       0x3d build/Board2/production/_ext/794052624/drv_usart_static.o
 .comment       0x00000000       0x3d build/Board2/production/_ext/794052624/drv_usart_static_byte_model.o
 .comment       0x00000000       0x3d build/Board2/production/_ext/697674732/sys_clk_pic32mx.o
 .comment       0x00000000       0x3d build/Board2/production/_ext/733479835/sys_devcon.o
 .comment       0x00000000       0x3d build/Board2/production/_ext/733479835/sys_devcon_pic32mx.o
 .comment       0x00000000       0x3d build/Board2/production/_ext/1943101500/sys_ports_static.o
 .comment       0x00000000       0x3d build/Board2/production/_ext/1445490755/system_init.o
 .comment       0x00000000       0x3d build/Board2/production/_ext/1445490755/system_interrupt.o
 .comment       0x00000000       0x3d build/Board2/production/_ext/1445490755/system_exceptions.o
 .comment       0x00000000       0x3d build/Board2/production/_ext/1445490755/system_tasks.o
 .comment       0x00000000       0x3d build/Board2/production/_ext/1445490755/rtos_hooks.o
 .comment       0x00000000       0x3d build/Board2/production/_ext/1360937237/game_app.o
 .comment       0x00000000       0x3d build/Board2/production/_ext/1360937237/wifi_app.o
 .comment       0x00000000       0x3d build/Board2/production/_ext/1360937237/main.o
 .comment       0x00000000       0x3d build/Board2/production/_ext/334398652/cJSON.o
 .comment       0x00000000       0x3d build/Board2/production/_ext/334398652/debug.o
 .comment       0x00000000       0x3d build/Board2/production/_ext/334398652/http.o
 .comment       0x00000000       0x3d build/Board2/production/_ext/334398652/wifi_queue.o
 .comment       0x00000000       0x3d build/Board2/production/_ext/334398652/wifi_state.o
 .comment       0x00000000       0x3d build/Board2/production/_ext/334398652/wifi_timer.o
 .comment       0x00000000       0x3d build/Board2/production/_ext/334398652/game_queue.o
 .comment       0x00000000       0x3d build/Board2/production/_ext/334398652/game_state.o
 .comment       0x00000000       0x3d build/Board2/production/_ext/334398652/game_timer.o
 .comment       0x00000000       0x3d build/Board2/production/_ext/1043444669/osal_freertos.o
 .comment       0x00000000       0x3d build/Board2/production/_ext/249303043/sys_int_pic32.o
 .comment       0x00000000       0x3d build/Board2/production/_ext/905643201/heap_2.o
 .comment       0x00000000       0x3d build/Board2/production/_ext/331515796/port.o
 .comment       0x00000000       0x3d build/Board2/production/_ext/1539584926/croutine.o
 .comment       0x00000000       0x3d build/Board2/production/_ext/1539584926/list.o
 .comment       0x00000000       0x3d build/Board2/production/_ext/1539584926/queue.o
 .comment       0x00000000       0x3d build/Board2/production/_ext/1539584926/tasks.o
 .comment       0x00000000       0x3d build/Board2/production/_ext/1539584926/timers.o
 .comment       0x00000000       0x3d build/Board2/production/_ext/1539584926/event_groups.o
 .comment       0x00000000       0x3d build/Board2/production/_ext/1539584926/stream_buffer.o
 .comment       0x0000003c       0x18 /Applications/microchip/xc32/v2.15/bin/bin/../../lib/gcc/pic32mx/4.8.3/../../../../pic32mx/lib/libpic32.a(memset.o)
                                 0x19 (size before relaxing)
 .comment       0x00000054       0x19 /Applications/microchip/xc32/v2.15/bin/bin/../../lib/gcc/pic32mx/4.8.3/../../../../pic32mx/lib/libpic32.a(strcmp.o)
                                 0x1a (size before relaxing)
 .comment       0x0000006d       0x19 /Applications/microchip/xc32/v2.15/bin/bin/../../lib/gcc/pic32mx/4.8.3/../../../../pic32mx/lib/libpic32.a(strcpy.o)
                                 0x1a (size before relaxing)
 .comment       0x00000086       0x19 /Applications/microchip/xc32/v2.15/bin/bin/../../lib/gcc/pic32mx/4.8.3/../../../../pic32mx/lib/libpic32.a(strlen.o)
                                 0x1a (size before relaxing)
 .comment       0x00000000       0x3d /Applications/microchip/xc32/v2.15/bin/bin/../../lib/gcc/pic32mx/4.8.3/../../../../pic32mx/lib/libpic32.a(default-bootstrap-exception-handler.o)
 .comment       0x00000000       0x3d /Applications/microchip/xc32/v2.15/bin/bin/../../lib/gcc/pic32mx/4.8.3/../../../../pic32mx/lib/libpic32.a(default-on-reset.o)
 .comment       0x00000000       0x3d /Applications/microchip/xc32/v2.15/bin/bin/../../lib/gcc/pic32mx/4.8.3/../../../../pic32mx/lib/libpic32.a(default-on-bootstrap.o)
 .comment       0x00000000       0x3d /Applications/microchip/xc32/v2.15/bin/bin/../../lib/gcc/pic32mx/4.8.3/../../../../pic32mx/lib/libpic32.a(defaultinterrupt.o)
 .comment       0x0000009f       0x4f /Applications/microchip/xc32/v2.15/bin/bin/../../lib/gcc/pic32mx/4.8.3/../../../../pic32mx/lib/libc.a(ctypef.o)
                                 0x8c (size before relaxing)
 .comment       0x00000000       0x3d /Applications/microchip/xc32/v2.15/bin/bin/../../lib/gcc/pic32mx/4.8.3/../../../../pic32mx/lib/libc.a(malloc.o)
 .comment       0x00000000       0x3d /Applications/microchip/xc32/v2.15/bin/bin/../../lib/gcc/pic32mx/4.8.3/../../../../pic32mx/lib/libc.a(strcat.o)
 .comment       0x00000000       0x3d /Applications/microchip/xc32/v2.15/bin/bin/../../lib/gcc/pic32mx/4.8.3/../../../../pic32mx/lib/libc.a(strncmp.o)
 .comment       0x00000000       0x3d /Applications/microchip/xc32/v2.15/bin/bin/../../lib/gcc/pic32mx/4.8.3/../../../../pic32mx/lib/libc.a(strtod.o)
 .comment       0x00000000       0x3d /Applications/microchip/xc32/v2.15/bin/bin/../../lib/gcc/pic32mx/4.8.3/../../../../pic32mx/lib/libc.a(sprintf_cdgGnopuxX.eo)
 .comment       0x00000000       0x3d /Applications/microchip/xc32/v2.15/bin/bin/../../lib/gcc/pic32mx/4.8.3/../../../../pic32mx/lib/libc.a(sscanf_gG.eo)
 .comment       0x000000ee       0x4e /Applications/microchip/xc32/v2.15/bin/bin/../../lib/gcc/pic32mx/4.8.3/../../../../pic32mx/lib/libc.a(ctype.o)
                                 0x8b (size before relaxing)
 .comment       0x00000000       0x3d /Applications/microchip/xc32/v2.15/bin/bin/../../lib/gcc/pic32mx/4.8.3/../../../../pic32mx/lib/libc.a(doprnt_cdgGnopuxX.eo)
 .comment       0x00000000       0x3d /Applications/microchip/xc32/v2.15/bin/bin/../../lib/gcc/pic32mx/4.8.3/../../../../pic32mx/lib/libc.a(doscan_gG.eo)
 .comment       0x00000000       0x3d /Applications/microchip/xc32/v2.15/bin/bin/../../lib/gcc/pic32mx/4.8.3/../../../../pic32mx/lib/libc.a(fgetc.o)
 .comment       0x00000000       0x3d /Applications/microchip/xc32/v2.15/bin/bin/../../lib/gcc/pic32mx/4.8.3/../../../../pic32mx/lib/libc.a(_fputc_simple.o)
 .comment       0x00000000       0x3d /Applications/microchip/xc32/v2.15/bin/bin/../../lib/gcc/pic32mx/4.8.3/../../../../pic32mx/lib/libc.a(atoi.o)
 .comment       0x00000000       0x3d /Applications/microchip/xc32/v2.15/bin/bin/../../lib/gcc/pic32mx/4.8.3/../../../../pic32mx/lib/libc.a(ldpowers.o)
 .comment       0x00000000       0x3d /Applications/microchip/xc32/v2.15/bin/bin/../../lib/gcc/pic32mx/4.8.3/../../../../pic32mx/lib/libc.a(strtof.o)
 .comment       0x00000000       0x3d /Applications/microchip/xc32/v2.15/bin/bin/../../lib/gcc/pic32mx/4.8.3/../../../../pic32mx/lib/libc.a(ungetc.o)
 .comment       0x00000000       0x3d /Applications/microchip/xc32/v2.15/bin/bin/../../lib/gcc/pic32mx/4.8.3/../../../../pic32mx/lib/libc.a(_iob.o)
 .comment       0x00000000       0x3d /Applications/microchip/xc32/v2.15/bin/bin/../../lib/gcc/pic32mx/4.8.3/../../../../pic32mx/lib/libc.a(filbuf.o)
 .comment       0x00000000       0x3d /Applications/microchip/xc32/v2.15/bin/bin/../../lib/gcc/pic32mx/4.8.3/../../../../pic32mx/lib/libc.a(_flsbuf_simple.o)
 .comment       0x00000000       0x3d /Applications/microchip/xc32/v2.15/bin/bin/../../lib/gcc/pic32mx/4.8.3/../../../../pic32mx/lib/libc.a(fflush.o)
 .comment       0x00000000       0x3d /Applications/microchip/xc32/v2.15/bin/bin/../../lib/gcc/pic32mx/4.8.3/../../../../pic32mx/lib/libm.a(w_powf.o)
 .comment       0x0000013c       0x9d /Applications/microchip/xc32/v2.15/bin/bin/../../lib/gcc/pic32mx/4.8.3/../../../../pic32mx/lib/libm.a(__strtod.o)
                                 0xda (size before relaxing)
 .comment       0x000001d9       0x4f /Applications/microchip/xc32/v2.15/bin/bin/../../lib/gcc/pic32mx/4.8.3/../../../../pic32mx/lib/libm.a(__strtof.o)
                                 0xda (size before relaxing)
 .comment       0x00000000       0x3d /Applications/microchip/xc32/v2.15/bin/bin/../../lib/gcc/pic32mx/4.8.3/../../../../pic32mx/lib/libm.a(s_lib_ver.o)
 .comment       0x00000228       0x51 /Applications/microchip/xc32/v2.15/bin/bin/../../lib/gcc/pic32mx/4.8.3/../../../../pic32mx/lib/libe.a(_fixunsdfdi.o)
                                 0xdc (size before relaxing)
 .comment       0x00000279       0x50 /Applications/microchip/xc32/v2.15/bin/bin/../../lib/gcc/pic32mx/4.8.3/../../../../pic32mx/lib/libe.a(_orderdf2.o)
                                 0xdb (size before relaxing)
 .comment       0x000002c9       0x50 /Applications/microchip/xc32/v2.15/bin/bin/../../lib/gcc/pic32mx/4.8.3/../../../../pic32mx/lib/libe.a(_ldexp.o)
                                 0xdb (size before relaxing)
 .comment       0x00000319       0x50 /Applications/microchip/xc32/v2.15/bin/bin/../../lib/gcc/pic32mx/4.8.3/../../../../pic32mx/lib/libe.a(_ldexpf.o)
                                 0xdb (size before relaxing)
 .comment       0x00000369       0x50 /Applications/microchip/xc32/v2.15/bin/bin/../../lib/gcc/pic32mx/4.8.3/../../../../pic32mx/lib/libe.a(_fixdfdi.o)
                                 0xdb (size before relaxing)
 .comment       0x00000000       0x3d /Applications/microchip/xc32/v2.15/bin/bin/../../lib/gcc/pic32mx/4.8.3/libgcc.a(_lshrdi3.o)
 .comment       0x00000000       0x3d /Applications/microchip/xc32/v2.15/bin/bin/../../lib/gcc/pic32mx/4.8.3/libgcc.a(_ashldi3.o)
 .comment       0x00000000       0x3d /Applications/microchip/xc32/v2.15/bin/bin/../../lib/gcc/pic32mx/4.8.3/libgcc.a(_floatundidf.o)
 .comment       0x00000000       0x3d /Applications/microchip/xc32/v2.15/bin/bin/../../lib/gcc/pic32mx/4.8.3/libgcc.a(_udivdi3.o)
 .comment       0x00000000       0x3d /Applications/microchip/xc32/v2.15/bin/bin/../../lib/gcc/pic32mx/4.8.3/libgcc.a(_umoddi3.o)
 .comment       0x00000000       0x3d /Applications/microchip/xc32/v2.15/bin/bin/../../lib/gcc/pic32mx/4.8.3/libgcc.a(floatunsidf.o)
 .comment       0x000003b9       0x4b /Applications/microchip/xc32/v2.15/bin/bin/../../lib/gcc/pic32mx/4.8.3/../../../../pic32mx/lib/libpic32.a(sbrk.o)
                                 0x88 (size before relaxing)
 .comment       0x00000000       0x3d /Applications/microchip/xc32/v2.15/bin/bin/../../lib/gcc/pic32mx/4.8.3/../../../../pic32mx/lib/libpic32.a(read.o)
 .comment       0x00000000       0x3d /Applications/microchip/xc32/v2.15/bin/bin/../../lib/gcc/pic32mx/4.8.3/../../../../pic32mx/lib/libpic32.a(write.o)
 .comment       0x00000000       0x3d /Applications/microchip/xc32/v2.15/bin/bin/../../lib/gcc/pic32mx/4.8.3/../../../../pic32mx/lib/libpic32.a(xc32_uart.o)
 .comment       0x00000000       0x3d /Applications/microchip/xc32/v2.15/bin/bin/../../lib/gcc/pic32mx/4.8.3/../../../../pic32mx/lib/libpic32.a(errno.o)
 .comment       0x00000000       0x3d /Applications/microchip/xc32/v2.15/bin/bin/../../lib/gcc/pic32mx/4.8.3/../../../../pic32mx/lib/libpic32.a(isinf.o)
 .comment       0x00000000       0x3d /Applications/microchip/xc32/v2.15/bin/bin/../../lib/gcc/pic32mx/4.8.3/../../../../pic32mx/lib/libpic32.a(_mon_putc.o)
 .comment       0x00000000       0x8b /Applications/microchip/xc32/v2.15/bin/bin/../../lib/gcc/pic32mx/4.8.3/../../../../pic32mx/lib/libe.a(_unorddf2.o)

.debug
 *(.debug)

.line
 *(.line)

.debug_srcinfo
 *(.debug_srcinfo)

.debug_sfnames
 *(.debug_sfnames)

.debug_aranges  0x00000000     0x19a8
 *(.debug_aranges)
 .debug_aranges
                0x00000000       0x50 build/Board2/production/_ext/1351229741/drv_oc_mapping.o
 .debug_aranges
                0x00000050       0x88 build/Board2/production/_ext/1351229741/drv_oc_static.o
 .debug_aranges
                0x000000d8      0x188 build/Board2/production/_ext/1550245252/drv_tmr_static.o
 .debug_aranges
                0x00000260       0xe8 build/Board2/production/_ext/1550245252/drv_tmr_mapping.o
 .debug_aranges
                0x00000348       0xb0 build/Board2/production/_ext/794052624/drv_usart_mapping.o
 .debug_aranges
                0x000003f8       0x88 build/Board2/production/_ext/794052624/drv_usart_static.o
 .debug_aranges
                0x00000480       0x48 build/Board2/production/_ext/794052624/drv_usart_static_byte_model.o
 .debug_aranges
                0x000004c8       0x50 build/Board2/production/_ext/697674732/sys_clk_pic32mx.o
 .debug_aranges
                0x00000518       0x78 build/Board2/production/_ext/733479835/sys_devcon.o
 .debug_aranges
                0x00000590       0x20 build/Board2/production/_ext/733479835/sys_devcon_pic32mx.o
 .debug_aranges
                0x000005b0      0x148 build/Board2/production/_ext/1943101500/sys_ports_static.o
 .debug_aranges
                0x000006f8       0x20 build/Board2/production/_ext/1445490755/system_init.o
 .debug_aranges
                0x00000718       0x38 build/Board2/production/_ext/1445490755/system_interrupt.o
 .debug_aranges
                0x00000750       0x20 build/Board2/production/_ext/1445490755/system_exceptions.o
 .debug_aranges
                0x00000770       0x38 build/Board2/production/_ext/1445490755/system_tasks.o
 .debug_aranges
                0x000007a8       0x58 build/Board2/production/_ext/1445490755/system_interrupt_a.o
 .debug_aranges
                0x00000800       0x28 build/Board2/production/_ext/1445490755/rtos_hooks.o
 .debug_aranges
                0x00000828       0x28 build/Board2/production/_ext/1360937237/game_app.o
 .debug_aranges
                0x00000850       0x28 build/Board2/production/_ext/1360937237/wifi_app.o
 .debug_aranges
                0x00000878       0x20 build/Board2/production/_ext/1360937237/main.o
 .debug_aranges
                0x00000898      0x2f0 build/Board2/production/_ext/334398652/cJSON.o
 .debug_aranges
                0x00000b88       0x40 build/Board2/production/_ext/334398652/debug.o
 .debug_aranges
                0x00000bc8       0x78 build/Board2/production/_ext/334398652/http.o
 .debug_aranges
                0x00000c40       0x60 build/Board2/production/_ext/334398652/wifi_queue.o
 .debug_aranges
                0x00000ca0       0x38 build/Board2/production/_ext/334398652/wifi_state.o
 .debug_aranges
                0x00000cd8       0x28 build/Board2/production/_ext/334398652/wifi_timer.o
 .debug_aranges
                0x00000d00       0x38 build/Board2/production/_ext/334398652/game_queue.o
 .debug_aranges
                0x00000d38       0x20 build/Board2/production/_ext/334398652/game_state.o
 .debug_aranges
                0x00000d58       0x50 build/Board2/production/_ext/334398652/game_timer.o
 .debug_aranges
                0x00000da8       0x88 build/Board2/production/_ext/1043444669/osal_freertos.o
 .debug_aranges
                0x00000e30       0x48 build/Board2/production/_ext/249303043/sys_int_pic32.o
 .debug_aranges
                0x00000e78       0x38 build/Board2/production/_ext/905643201/heap_2.o
 .debug_aranges
                0x00000eb0       0x58 build/Board2/production/_ext/331515796/port.o
 .debug_aranges
                0x00000f08       0x20 build/Board2/production/_ext/331515796/port_asm.o
 .debug_aranges
                0x00000f28       0x18 build/Board2/production/_ext/1539584926/croutine.o
 .debug_aranges
                0x00000f40       0x40 build/Board2/production/_ext/1539584926/list.o
 .debug_aranges
                0x00000f80       0xd0 build/Board2/production/_ext/1539584926/queue.o
 .debug_aranges
                0x00001050      0x198 build/Board2/production/_ext/1539584926/tasks.o
 .debug_aranges
                0x000011e8       0x88 build/Board2/production/_ext/1539584926/timers.o
 .debug_aranges
                0x00001270       0x60 build/Board2/production/_ext/1539584926/event_groups.o
 .debug_aranges
                0x000012d0       0xb0 build/Board2/production/_ext/1539584926/stream_buffer.o
 .debug_aranges
                0x00001380       0x20 /Applications/microchip/xc32/v2.15/bin/bin/../../lib/gcc/pic32mx/4.8.3/../../../../pic32mx/lib/libpic32.a(default-bootstrap-exception-handler.o)
 .debug_aranges
                0x000013a0       0x20 /Applications/microchip/xc32/v2.15/bin/bin/../../lib/gcc/pic32mx/4.8.3/../../../../pic32mx/lib/libpic32.a(default-on-reset.o)
 .debug_aranges
                0x000013c0       0x20 /Applications/microchip/xc32/v2.15/bin/bin/../../lib/gcc/pic32mx/4.8.3/../../../../pic32mx/lib/libpic32.a(default-on-bootstrap.o)
 .debug_aranges
                0x000013e0       0x20 /Applications/microchip/xc32/v2.15/bin/bin/../../lib/gcc/pic32mx/4.8.3/../../../../pic32mx/lib/libpic32.a(defaultinterrupt.o)
 .debug_aranges
                0x00001400       0xa0 /Applications/microchip/xc32/v2.15/bin/bin/../../lib/gcc/pic32mx/4.8.3/../../../../pic32mx/lib/libc.a(ctypef.o)
 .debug_aranges
                0x000014a0       0x30 /Applications/microchip/xc32/v2.15/bin/bin/../../lib/gcc/pic32mx/4.8.3/../../../../pic32mx/lib/libc.a(malloc.o)
 .debug_aranges
                0x000014d0       0x20 /Applications/microchip/xc32/v2.15/bin/bin/../../lib/gcc/pic32mx/4.8.3/../../../../pic32mx/lib/libc.a(strcat.o)
 .debug_aranges
                0x000014f0       0x20 /Applications/microchip/xc32/v2.15/bin/bin/../../lib/gcc/pic32mx/4.8.3/../../../../pic32mx/lib/libc.a(strncmp.o)
 .debug_aranges
                0x00001510       0x28 /Applications/microchip/xc32/v2.15/bin/bin/../../lib/gcc/pic32mx/4.8.3/../../../../pic32mx/lib/libc.a(strtod.o)
 .debug_aranges
                0x00001538       0x20 /Applications/microchip/xc32/v2.15/bin/bin/../../lib/gcc/pic32mx/4.8.3/../../../../pic32mx/lib/libc.a(sprintf_cdgGnopuxX.eo)
 .debug_aranges
                0x00001558       0x20 /Applications/microchip/xc32/v2.15/bin/bin/../../lib/gcc/pic32mx/4.8.3/../../../../pic32mx/lib/libc.a(sscanf_gG.eo)
 .debug_aranges
                0x00001578       0x30 /Applications/microchip/xc32/v2.15/bin/bin/../../lib/gcc/pic32mx/4.8.3/../../../../pic32mx/lib/libc.a(doprnt_cdgGnopuxX.eo)
 .debug_aranges
                0x000015a8       0x30 /Applications/microchip/xc32/v2.15/bin/bin/../../lib/gcc/pic32mx/4.8.3/../../../../pic32mx/lib/libc.a(doscan_gG.eo)
 .debug_aranges
                0x000015d8       0x20 /Applications/microchip/xc32/v2.15/bin/bin/../../lib/gcc/pic32mx/4.8.3/../../../../pic32mx/lib/libc.a(fgetc.o)
 .debug_aranges
                0x000015f8       0x20 /Applications/microchip/xc32/v2.15/bin/bin/../../lib/gcc/pic32mx/4.8.3/../../../../pic32mx/lib/libc.a(_fputc_simple.o)
 .debug_aranges
                0x00001618       0x20 /Applications/microchip/xc32/v2.15/bin/bin/../../lib/gcc/pic32mx/4.8.3/../../../../pic32mx/lib/libc.a(atoi.o)
 .debug_aranges
                0x00001638       0x28 /Applications/microchip/xc32/v2.15/bin/bin/../../lib/gcc/pic32mx/4.8.3/../../../../pic32mx/lib/libc.a(strtof.o)
 .debug_aranges
                0x00001660       0x20 /Applications/microchip/xc32/v2.15/bin/bin/../../lib/gcc/pic32mx/4.8.3/../../../../pic32mx/lib/libc.a(ungetc.o)
 .debug_aranges
                0x00001680       0x20 /Applications/microchip/xc32/v2.15/bin/bin/../../lib/gcc/pic32mx/4.8.3/../../../../pic32mx/lib/libc.a(filbuf.o)
 .debug_aranges
                0x000016a0       0x20 /Applications/microchip/xc32/v2.15/bin/bin/../../lib/gcc/pic32mx/4.8.3/../../../../pic32mx/lib/libc.a(_flsbuf_simple.o)
 .debug_aranges
                0x000016c0       0x20 /Applications/microchip/xc32/v2.15/bin/bin/../../lib/gcc/pic32mx/4.8.3/../../../../pic32mx/lib/libc.a(fflush.o)
 .debug_aranges
                0x000016e0       0x20 /Applications/microchip/xc32/v2.15/bin/bin/../../lib/gcc/pic32mx/4.8.3/../../../../pic32mx/lib/libm.a(w_powf.o)
 .debug_aranges
                0x00001700       0x20 /Applications/microchip/xc32/v2.15/bin/bin/../../lib/gcc/pic32mx/4.8.3/../../../../pic32mx/lib/libm.a(__strtod.o)
 .debug_aranges
                0x00001720       0x20 /Applications/microchip/xc32/v2.15/bin/bin/../../lib/gcc/pic32mx/4.8.3/../../../../pic32mx/lib/libm.a(__strtof.o)
 .debug_aranges
                0x00001740       0x20 /Applications/microchip/xc32/v2.15/bin/bin/../../lib/gcc/pic32mx/4.8.3/../../../../pic32mx/lib/libe.a(_fixunsdfdi.o)
 .debug_aranges
                0x00001760       0x20 /Applications/microchip/xc32/v2.15/bin/bin/../../lib/gcc/pic32mx/4.8.3/../../../../pic32mx/lib/libe.a(_orderdf2.o)
 .debug_aranges
                0x00001780       0x20 /Applications/microchip/xc32/v2.15/bin/bin/../../lib/gcc/pic32mx/4.8.3/../../../../pic32mx/lib/libe.a(_ldexp.o)
 .debug_aranges
                0x000017a0       0x20 /Applications/microchip/xc32/v2.15/bin/bin/../../lib/gcc/pic32mx/4.8.3/../../../../pic32mx/lib/libe.a(_ldexpf.o)
 .debug_aranges
                0x000017c0       0x20 /Applications/microchip/xc32/v2.15/bin/bin/../../lib/gcc/pic32mx/4.8.3/../../../../pic32mx/lib/libe.a(_fixdfdi.o)
 .debug_aranges
                0x000017e0       0x20 /Applications/microchip/xc32/v2.15/bin/bin/../../lib/gcc/pic32mx/4.8.3/libgcc.a(_lshrdi3.o)
 .debug_aranges
                0x00001800       0x20 /Applications/microchip/xc32/v2.15/bin/bin/../../lib/gcc/pic32mx/4.8.3/libgcc.a(_ashldi3.o)
 .debug_aranges
                0x00001820       0x20 /Applications/microchip/xc32/v2.15/bin/bin/../../lib/gcc/pic32mx/4.8.3/libgcc.a(_floatundidf.o)
 .debug_aranges
                0x00001840       0x20 /Applications/microchip/xc32/v2.15/bin/bin/../../lib/gcc/pic32mx/4.8.3/libgcc.a(_udivdi3.o)
 .debug_aranges
                0x00001860       0x20 /Applications/microchip/xc32/v2.15/bin/bin/../../lib/gcc/pic32mx/4.8.3/libgcc.a(_umoddi3.o)
 .debug_aranges
                0x00001880       0x20 /Applications/microchip/xc32/v2.15/bin/bin/../../lib/gcc/pic32mx/4.8.3/libgcc.a(floatunsidf.o)
 .debug_aranges
                0x000018a0       0x40 /Applications/microchip/xc32/v2.15/bin/bin/../../lib/gcc/pic32mx/4.8.3/../../../../pic32mx/lib/libpic32.a(sbrk.o)
 .debug_aranges
                0x000018e0       0x20 /Applications/microchip/xc32/v2.15/bin/bin/../../lib/gcc/pic32mx/4.8.3/../../../../pic32mx/lib/libpic32.a(read.o)
 .debug_aranges
                0x00001900       0x20 /Applications/microchip/xc32/v2.15/bin/bin/../../lib/gcc/pic32mx/4.8.3/../../../../pic32mx/lib/libpic32.a(write.o)
 .debug_aranges
                0x00001920       0x48 /Applications/microchip/xc32/v2.15/bin/bin/../../lib/gcc/pic32mx/4.8.3/../../../../pic32mx/lib/libpic32.a(isinf.o)
 .debug_aranges
                0x00001968       0x20 /Applications/microchip/xc32/v2.15/bin/bin/../../lib/gcc/pic32mx/4.8.3/../../../../pic32mx/lib/libpic32.a(_mon_putc.o)
 .debug_aranges
                0x00001988       0x20 /Applications/microchip/xc32/v2.15/bin/bin/../../lib/gcc/pic32mx/4.8.3/../../../../pic32mx/lib/libe.a(_unorddf2.o)

.debug_pubnames
 *(.debug_pubnames)

.debug_info     0x00000000    0x3fcc3
 *(.debug_info .gnu.linkonce.wi.*)
 .debug_info    0x00000000     0x10dc build/Board2/production/_ext/1351229741/drv_oc_mapping.o
 .debug_info    0x000010dc     0x12e2 build/Board2/production/_ext/1351229741/drv_oc_static.o
 .debug_info    0x000023be     0x575b build/Board2/production/_ext/1550245252/drv_tmr_static.o
 .debug_info    0x00007b19     0x1d50 build/Board2/production/_ext/1550245252/drv_tmr_mapping.o
 .debug_info    0x00009869     0x1bfb build/Board2/production/_ext/794052624/drv_usart_mapping.o
 .debug_info    0x0000b464     0x3fff build/Board2/production/_ext/794052624/drv_usart_static.o
 .debug_info    0x0000f463     0x234b build/Board2/production/_ext/794052624/drv_usart_static_byte_model.o
 .debug_info    0x000117ae     0x1703 build/Board2/production/_ext/697674732/sys_clk_pic32mx.o
 .debug_info    0x00012eb1     0x160e build/Board2/production/_ext/733479835/sys_devcon.o
 .debug_info    0x000144bf     0x175d build/Board2/production/_ext/733479835/sys_devcon_pic32mx.o
 .debug_info    0x00015c1c     0x40e2 build/Board2/production/_ext/1943101500/sys_ports_static.o
 .debug_info    0x00019cfe     0x19d9 build/Board2/production/_ext/1445490755/system_init.o
 .debug_info    0x0001b6d7     0x2379 build/Board2/production/_ext/1445490755/system_interrupt.o
 .debug_info    0x0001da50      0xbf4 build/Board2/production/_ext/1445490755/system_exceptions.o
 .debug_info    0x0001e644      0xda9 build/Board2/production/_ext/1445490755/system_tasks.o
 .debug_info    0x0001f3ed       0x87 build/Board2/production/_ext/1445490755/system_interrupt_a.o
 .debug_info    0x0001f474      0x23d build/Board2/production/_ext/1445490755/rtos_hooks.o
 .debug_info    0x0001f6b1      0xded build/Board2/production/_ext/1360937237/game_app.o
 .debug_info    0x0002049e      0xded build/Board2/production/_ext/1360937237/wifi_app.o
 .debug_info    0x0002128b      0x196 build/Board2/production/_ext/1360937237/main.o
 .debug_info    0x00021421     0x404f build/Board2/production/_ext/334398652/cJSON.o
 .debug_info    0x00025470     0x1277 build/Board2/production/_ext/334398652/debug.o
 .debug_info    0x000266e7     0x1d9d build/Board2/production/_ext/334398652/http.o
 .debug_info    0x00028484     0x12eb build/Board2/production/_ext/334398652/wifi_queue.o
 .debug_info    0x0002976f     0x2747 build/Board2/production/_ext/334398652/wifi_state.o
 .debug_info    0x0002beb6      0xefe build/Board2/production/_ext/334398652/wifi_timer.o
 .debug_info    0x0002cdb4      0xfb2 build/Board2/production/_ext/334398652/game_queue.o
 .debug_info    0x0002dd66      0xf2c build/Board2/production/_ext/334398652/game_state.o
 .debug_info    0x0002ec92     0x1083 build/Board2/production/_ext/334398652/game_timer.o
 .debug_info    0x0002fd15      0xa23 build/Board2/production/_ext/1043444669/osal_freertos.o
 .debug_info    0x00030738     0x142c build/Board2/production/_ext/249303043/sys_int_pic32.o
 .debug_info    0x00031b64      0x57b build/Board2/production/_ext/905643201/heap_2.o
 .debug_info    0x000320df     0x119b build/Board2/production/_ext/331515796/port.o
 .debug_info    0x0003327a       0xc1 build/Board2/production/_ext/331515796/port_asm.o
 .debug_info    0x0003333b      0x173 build/Board2/production/_ext/1539584926/croutine.o
 .debug_info    0x000334ae      0x476 build/Board2/production/_ext/1539584926/list.o
 .debug_info    0x00033924     0x1ecd build/Board2/production/_ext/1539584926/queue.o
 .debug_info    0x000357f1     0x2b3d build/Board2/production/_ext/1539584926/tasks.o
 .debug_info    0x0003832e     0x15bb build/Board2/production/_ext/1539584926/timers.o
 .debug_info    0x000398e9      0xd49 build/Board2/production/_ext/1539584926/event_groups.o
 .debug_info    0x0003a632     0x16ef build/Board2/production/_ext/1539584926/stream_buffer.o
 .debug_info    0x0003bd21      0x11f /Applications/microchip/xc32/v2.15/bin/bin/../../lib/gcc/pic32mx/4.8.3/../../../../pic32mx/lib/libpic32.a(default-bootstrap-exception-handler.o)
 .debug_info    0x0003be40       0xf8 /Applications/microchip/xc32/v2.15/bin/bin/../../lib/gcc/pic32mx/4.8.3/../../../../pic32mx/lib/libpic32.a(default-on-reset.o)
 .debug_info    0x0003bf38      0x100 /Applications/microchip/xc32/v2.15/bin/bin/../../lib/gcc/pic32mx/4.8.3/../../../../pic32mx/lib/libpic32.a(default-on-bootstrap.o)
 .debug_info    0x0003c038      0x112 /Applications/microchip/xc32/v2.15/bin/bin/../../lib/gcc/pic32mx/4.8.3/../../../../pic32mx/lib/libpic32.a(defaultinterrupt.o)
 .debug_info    0x0003c14a      0x264 /Applications/microchip/xc32/v2.15/bin/bin/../../lib/gcc/pic32mx/4.8.3/../../../../pic32mx/lib/libc.a(ctypef.o)
 .debug_info    0x0003c3ae      0x121 /Applications/microchip/xc32/v2.15/bin/bin/../../lib/gcc/pic32mx/4.8.3/../../../../pic32mx/lib/libc.a(malloc.o)
 .debug_info    0x0003c4cf       0xf0 /Applications/microchip/xc32/v2.15/bin/bin/../../lib/gcc/pic32mx/4.8.3/../../../../pic32mx/lib/libc.a(strcat.o)
 .debug_info    0x0003c5bf       0xf2 /Applications/microchip/xc32/v2.15/bin/bin/../../lib/gcc/pic32mx/4.8.3/../../../../pic32mx/lib/libc.a(strncmp.o)
 .debug_info    0x0003c6b1      0x120 /Applications/microchip/xc32/v2.15/bin/bin/../../lib/gcc/pic32mx/4.8.3/../../../../pic32mx/lib/libc.a(strtod.o)
 .debug_info    0x0003c7d1       0xfe /Applications/microchip/xc32/v2.15/bin/bin/../../lib/gcc/pic32mx/4.8.3/../../../../pic32mx/lib/libc.a(sprintf_cdgGnopuxX.eo)
 .debug_info    0x0003c8cf       0xf4 /Applications/microchip/xc32/v2.15/bin/bin/../../lib/gcc/pic32mx/4.8.3/../../../../pic32mx/lib/libc.a(sscanf_gG.eo)
 .debug_info    0x0003c9c3      0x136 /Applications/microchip/xc32/v2.15/bin/bin/../../lib/gcc/pic32mx/4.8.3/../../../../pic32mx/lib/libc.a(doprnt_cdgGnopuxX.eo)
 .debug_info    0x0003caf9      0x11e /Applications/microchip/xc32/v2.15/bin/bin/../../lib/gcc/pic32mx/4.8.3/../../../../pic32mx/lib/libc.a(doscan_gG.eo)
 .debug_info    0x0003cc17       0xee /Applications/microchip/xc32/v2.15/bin/bin/../../lib/gcc/pic32mx/4.8.3/../../../../pic32mx/lib/libc.a(fgetc.o)
 .debug_info    0x0003cd05       0xee /Applications/microchip/xc32/v2.15/bin/bin/../../lib/gcc/pic32mx/4.8.3/../../../../pic32mx/lib/libc.a(_fputc_simple.o)
 .debug_info    0x0003cdf3       0xec /Applications/microchip/xc32/v2.15/bin/bin/../../lib/gcc/pic32mx/4.8.3/../../../../pic32mx/lib/libc.a(atoi.o)
 .debug_info    0x0003cedf      0x11f /Applications/microchip/xc32/v2.15/bin/bin/../../lib/gcc/pic32mx/4.8.3/../../../../pic32mx/lib/libc.a(strtof.o)
 .debug_info    0x0003cffe       0xf0 /Applications/microchip/xc32/v2.15/bin/bin/../../lib/gcc/pic32mx/4.8.3/../../../../pic32mx/lib/libc.a(ungetc.o)
 .debug_info    0x0003d0ee       0xf1 /Applications/microchip/xc32/v2.15/bin/bin/../../lib/gcc/pic32mx/4.8.3/../../../../pic32mx/lib/libc.a(filbuf.o)
 .debug_info    0x0003d1df       0xf1 /Applications/microchip/xc32/v2.15/bin/bin/../../lib/gcc/pic32mx/4.8.3/../../../../pic32mx/lib/libc.a(_flsbuf_simple.o)
 .debug_info    0x0003d2d0       0xf0 /Applications/microchip/xc32/v2.15/bin/bin/../../lib/gcc/pic32mx/4.8.3/../../../../pic32mx/lib/libc.a(fflush.o)
 .debug_info    0x0003d3c0       0xe7 /Applications/microchip/xc32/v2.15/bin/bin/../../lib/gcc/pic32mx/4.8.3/../../../../pic32mx/lib/libm.a(w_powf.o)
 .debug_info    0x0003d4a7      0x103 /Applications/microchip/xc32/v2.15/bin/bin/../../lib/gcc/pic32mx/4.8.3/../../../../pic32mx/lib/libm.a(__strtod.o)
 .debug_info    0x0003d5aa      0x103 /Applications/microchip/xc32/v2.15/bin/bin/../../lib/gcc/pic32mx/4.8.3/../../../../pic32mx/lib/libm.a(__strtof.o)
 .debug_info    0x0003d6ad       0xf9 /Applications/microchip/xc32/v2.15/bin/bin/../../lib/gcc/pic32mx/4.8.3/../../../../pic32mx/lib/libe.a(_fixunsdfdi.o)
 .debug_info    0x0003d7a6       0xe5 /Applications/microchip/xc32/v2.15/bin/bin/../../lib/gcc/pic32mx/4.8.3/../../../../pic32mx/lib/libe.a(_orderdf2.o)
 .debug_info    0x0003d88b      0x104 /Applications/microchip/xc32/v2.15/bin/bin/../../lib/gcc/pic32mx/4.8.3/../../../../pic32mx/lib/libe.a(_ldexp.o)
 .debug_info    0x0003d98f      0x104 /Applications/microchip/xc32/v2.15/bin/bin/../../lib/gcc/pic32mx/4.8.3/../../../../pic32mx/lib/libe.a(_ldexpf.o)
 .debug_info    0x0003da93       0xe4 /Applications/microchip/xc32/v2.15/bin/bin/../../lib/gcc/pic32mx/4.8.3/../../../../pic32mx/lib/libe.a(_fixdfdi.o)
 .debug_info    0x0003db77      0x37d /Applications/microchip/xc32/v2.15/bin/bin/../../lib/gcc/pic32mx/4.8.3/libgcc.a(_lshrdi3.o)
 .debug_info    0x0003def4      0x380 /Applications/microchip/xc32/v2.15/bin/bin/../../lib/gcc/pic32mx/4.8.3/libgcc.a(_ashldi3.o)
 .debug_info    0x0003e274      0x2b6 /Applications/microchip/xc32/v2.15/bin/bin/../../lib/gcc/pic32mx/4.8.3/libgcc.a(_floatundidf.o)
 .debug_info    0x0003e52a      0x7bc /Applications/microchip/xc32/v2.15/bin/bin/../../lib/gcc/pic32mx/4.8.3/libgcc.a(_udivdi3.o)
 .debug_info    0x0003ece6      0x7f9 /Applications/microchip/xc32/v2.15/bin/bin/../../lib/gcc/pic32mx/4.8.3/libgcc.a(_umoddi3.o)
 .debug_info    0x0003f4df      0x16c /Applications/microchip/xc32/v2.15/bin/bin/../../lib/gcc/pic32mx/4.8.3/libgcc.a(floatunsidf.o)
 .debug_info    0x0003f64b      0x15c /Applications/microchip/xc32/v2.15/bin/bin/../../lib/gcc/pic32mx/4.8.3/../../../../pic32mx/lib/libpic32.a(sbrk.o)
 .debug_info    0x0003f7a7       0xe8 /Applications/microchip/xc32/v2.15/bin/bin/../../lib/gcc/pic32mx/4.8.3/../../../../pic32mx/lib/libpic32.a(read.o)
 .debug_info    0x0003f88f       0xea /Applications/microchip/xc32/v2.15/bin/bin/../../lib/gcc/pic32mx/4.8.3/../../../../pic32mx/lib/libpic32.a(write.o)
 .debug_info    0x0003f979      0x15f /Applications/microchip/xc32/v2.15/bin/bin/../../lib/gcc/pic32mx/4.8.3/../../../../pic32mx/lib/libpic32.a(isinf.o)
 .debug_info    0x0003fad8       0xf2 /Applications/microchip/xc32/v2.15/bin/bin/../../lib/gcc/pic32mx/4.8.3/../../../../pic32mx/lib/libpic32.a(_mon_putc.o)
 .debug_info    0x0003fbca       0xf9 /Applications/microchip/xc32/v2.15/bin/bin/../../lib/gcc/pic32mx/4.8.3/../../../../pic32mx/lib/libe.a(_unorddf2.o)

.debug_abbrev   0x00000000     0x64ff
 *(.debug_abbrev)
 .debug_abbrev  0x00000000      0x1d6 build/Board2/production/_ext/1351229741/drv_oc_mapping.o
 .debug_abbrev  0x000001d6      0x1c2 build/Board2/production/_ext/1351229741/drv_oc_static.o
 .debug_abbrev  0x00000398      0x402 build/Board2/production/_ext/1550245252/drv_tmr_static.o
 .debug_abbrev  0x0000079a      0x2dd build/Board2/production/_ext/1550245252/drv_tmr_mapping.o
 .debug_abbrev  0x00000a77      0x243 build/Board2/production/_ext/794052624/drv_usart_mapping.o
 .debug_abbrev  0x00000cba      0x403 build/Board2/production/_ext/794052624/drv_usart_static.o
 .debug_abbrev  0x000010bd      0x30e build/Board2/production/_ext/794052624/drv_usart_static_byte_model.o
 .debug_abbrev  0x000013cb      0x283 build/Board2/production/_ext/697674732/sys_clk_pic32mx.o
 .debug_abbrev  0x0000164e      0x27b build/Board2/production/_ext/733479835/sys_devcon.o
 .debug_abbrev  0x000018c9      0x20f build/Board2/production/_ext/733479835/sys_devcon_pic32mx.o
 .debug_abbrev  0x00001ad8      0x279 build/Board2/production/_ext/1943101500/sys_ports_static.o
 .debug_abbrev  0x00001d51      0x276 build/Board2/production/_ext/1445490755/system_init.o
 .debug_abbrev  0x00001fc7      0x270 build/Board2/production/_ext/1445490755/system_interrupt.o
 .debug_abbrev  0x00002237      0x114 build/Board2/production/_ext/1445490755/system_exceptions.o
 .debug_abbrev  0x0000234b      0x18e build/Board2/production/_ext/1445490755/system_tasks.o
 .debug_abbrev  0x000024d9       0x12 build/Board2/production/_ext/1445490755/system_interrupt_a.o
 .debug_abbrev  0x000024eb       0x97 build/Board2/production/_ext/1445490755/rtos_hooks.o
 .debug_abbrev  0x00002582      0x19e build/Board2/production/_ext/1360937237/game_app.o
 .debug_abbrev  0x00002720      0x19e build/Board2/production/_ext/1360937237/wifi_app.o
 .debug_abbrev  0x000028be       0x93 build/Board2/production/_ext/1360937237/main.o
 .debug_abbrev  0x00002951      0x4cf build/Board2/production/_ext/334398652/cJSON.o
 .debug_abbrev  0x00002e20      0x260 build/Board2/production/_ext/334398652/debug.o
 .debug_abbrev  0x00003080      0x35d build/Board2/production/_ext/334398652/http.o
 .debug_abbrev  0x000033dd      0x23f build/Board2/production/_ext/334398652/wifi_queue.o
 .debug_abbrev  0x0000361c      0x2ce build/Board2/production/_ext/334398652/wifi_state.o
 .debug_abbrev  0x000038ea      0x1be build/Board2/production/_ext/334398652/wifi_timer.o
 .debug_abbrev  0x00003aa8      0x1e2 build/Board2/production/_ext/334398652/game_queue.o
 .debug_abbrev  0x00003c8a      0x177 build/Board2/production/_ext/334398652/game_state.o
 .debug_abbrev  0x00003e01      0x1c1 build/Board2/production/_ext/334398652/game_timer.o
 .debug_abbrev  0x00003fc2      0x1fe build/Board2/production/_ext/1043444669/osal_freertos.o
 .debug_abbrev  0x000041c0      0x237 build/Board2/production/_ext/249303043/sys_int_pic32.o
 .debug_abbrev  0x000043f7      0x1cc build/Board2/production/_ext/905643201/heap_2.o
 .debug_abbrev  0x000045c3      0x2cf build/Board2/production/_ext/331515796/port.o
 .debug_abbrev  0x00004892       0x14 build/Board2/production/_ext/331515796/port_asm.o
 .debug_abbrev  0x000048a6       0x1b build/Board2/production/_ext/1539584926/croutine.o
 .debug_abbrev  0x000048c1       0xf8 build/Board2/production/_ext/1539584926/list.o
 .debug_abbrev  0x000049b9      0x34a build/Board2/production/_ext/1539584926/queue.o
 .debug_abbrev  0x00004d03      0x3a3 build/Board2/production/_ext/1539584926/tasks.o
 .debug_abbrev  0x000050a6      0x373 build/Board2/production/_ext/1539584926/timers.o
 .debug_abbrev  0x00005419      0x27d build/Board2/production/_ext/1539584926/event_groups.o
 .debug_abbrev  0x00005696      0x2dd build/Board2/production/_ext/1539584926/stream_buffer.o
 .debug_abbrev  0x00005973       0x28 /Applications/microchip/xc32/v2.15/bin/bin/../../lib/gcc/pic32mx/4.8.3/../../../../pic32mx/lib/libpic32.a(default-bootstrap-exception-handler.o)
 .debug_abbrev  0x0000599b       0x28 /Applications/microchip/xc32/v2.15/bin/bin/../../lib/gcc/pic32mx/4.8.3/../../../../pic32mx/lib/libpic32.a(default-on-reset.o)
 .debug_abbrev  0x000059c3       0x28 /Applications/microchip/xc32/v2.15/bin/bin/../../lib/gcc/pic32mx/4.8.3/../../../../pic32mx/lib/libpic32.a(default-on-bootstrap.o)
 .debug_abbrev  0x000059eb       0x28 /Applications/microchip/xc32/v2.15/bin/bin/../../lib/gcc/pic32mx/4.8.3/../../../../pic32mx/lib/libpic32.a(defaultinterrupt.o)
 .debug_abbrev  0x00005a13       0x28 /Applications/microchip/xc32/v2.15/bin/bin/../../lib/gcc/pic32mx/4.8.3/../../../../pic32mx/lib/libc.a(ctypef.o)
 .debug_abbrev  0x00005a3b       0x47 /Applications/microchip/xc32/v2.15/bin/bin/../../lib/gcc/pic32mx/4.8.3/../../../../pic32mx/lib/libc.a(malloc.o)
 .debug_abbrev  0x00005a82       0x28 /Applications/microchip/xc32/v2.15/bin/bin/../../lib/gcc/pic32mx/4.8.3/../../../../pic32mx/lib/libc.a(strcat.o)
 .debug_abbrev  0x00005aaa       0x28 /Applications/microchip/xc32/v2.15/bin/bin/../../lib/gcc/pic32mx/4.8.3/../../../../pic32mx/lib/libc.a(strncmp.o)
 .debug_abbrev  0x00005ad2       0x4f /Applications/microchip/xc32/v2.15/bin/bin/../../lib/gcc/pic32mx/4.8.3/../../../../pic32mx/lib/libc.a(strtod.o)
 .debug_abbrev  0x00005b21       0x28 /Applications/microchip/xc32/v2.15/bin/bin/../../lib/gcc/pic32mx/4.8.3/../../../../pic32mx/lib/libc.a(sprintf_cdgGnopuxX.eo)
 .debug_abbrev  0x00005b49       0x28 /Applications/microchip/xc32/v2.15/bin/bin/../../lib/gcc/pic32mx/4.8.3/../../../../pic32mx/lib/libc.a(sscanf_gG.eo)
 .debug_abbrev  0x00005b71       0x45 /Applications/microchip/xc32/v2.15/bin/bin/../../lib/gcc/pic32mx/4.8.3/../../../../pic32mx/lib/libc.a(doprnt_cdgGnopuxX.eo)
 .debug_abbrev  0x00005bb6       0x3c /Applications/microchip/xc32/v2.15/bin/bin/../../lib/gcc/pic32mx/4.8.3/../../../../pic32mx/lib/libc.a(doscan_gG.eo)
 .debug_abbrev  0x00005bf2       0x28 /Applications/microchip/xc32/v2.15/bin/bin/../../lib/gcc/pic32mx/4.8.3/../../../../pic32mx/lib/libc.a(fgetc.o)
 .debug_abbrev  0x00005c1a       0x28 /Applications/microchip/xc32/v2.15/bin/bin/../../lib/gcc/pic32mx/4.8.3/../../../../pic32mx/lib/libc.a(_fputc_simple.o)
 .debug_abbrev  0x00005c42       0x28 /Applications/microchip/xc32/v2.15/bin/bin/../../lib/gcc/pic32mx/4.8.3/../../../../pic32mx/lib/libc.a(atoi.o)
 .debug_abbrev  0x00005c6a       0x4f /Applications/microchip/xc32/v2.15/bin/bin/../../lib/gcc/pic32mx/4.8.3/../../../../pic32mx/lib/libc.a(strtof.o)
 .debug_abbrev  0x00005cb9       0x28 /Applications/microchip/xc32/v2.15/bin/bin/../../lib/gcc/pic32mx/4.8.3/../../../../pic32mx/lib/libc.a(ungetc.o)
 .debug_abbrev  0x00005ce1       0x28 /Applications/microchip/xc32/v2.15/bin/bin/../../lib/gcc/pic32mx/4.8.3/../../../../pic32mx/lib/libc.a(filbuf.o)
 .debug_abbrev  0x00005d09       0x28 /Applications/microchip/xc32/v2.15/bin/bin/../../lib/gcc/pic32mx/4.8.3/../../../../pic32mx/lib/libc.a(_flsbuf_simple.o)
 .debug_abbrev  0x00005d31       0x28 /Applications/microchip/xc32/v2.15/bin/bin/../../lib/gcc/pic32mx/4.8.3/../../../../pic32mx/lib/libc.a(fflush.o)
 .debug_abbrev  0x00005d59       0x28 /Applications/microchip/xc32/v2.15/bin/bin/../../lib/gcc/pic32mx/4.8.3/../../../../pic32mx/lib/libm.a(w_powf.o)
 .debug_abbrev  0x00005d81       0x35 /Applications/microchip/xc32/v2.15/bin/bin/../../lib/gcc/pic32mx/4.8.3/../../../../pic32mx/lib/libm.a(__strtod.o)
 .debug_abbrev  0x00005db6       0x35 /Applications/microchip/xc32/v2.15/bin/bin/../../lib/gcc/pic32mx/4.8.3/../../../../pic32mx/lib/libm.a(__strtof.o)
 .debug_abbrev  0x00005deb       0x37 /Applications/microchip/xc32/v2.15/bin/bin/../../lib/gcc/pic32mx/4.8.3/../../../../pic32mx/lib/libe.a(_fixunsdfdi.o)
 .debug_abbrev  0x00005e22       0x28 /Applications/microchip/xc32/v2.15/bin/bin/../../lib/gcc/pic32mx/4.8.3/../../../../pic32mx/lib/libe.a(_orderdf2.o)
 .debug_abbrev  0x00005e4a       0x35 /Applications/microchip/xc32/v2.15/bin/bin/../../lib/gcc/pic32mx/4.8.3/../../../../pic32mx/lib/libe.a(_ldexp.o)
 .debug_abbrev  0x00005e7f       0x35 /Applications/microchip/xc32/v2.15/bin/bin/../../lib/gcc/pic32mx/4.8.3/../../../../pic32mx/lib/libe.a(_ldexpf.o)
 .debug_abbrev  0x00005eb4       0x28 /Applications/microchip/xc32/v2.15/bin/bin/../../lib/gcc/pic32mx/4.8.3/../../../../pic32mx/lib/libe.a(_fixdfdi.o)
 .debug_abbrev  0x00005edc       0xd7 /Applications/microchip/xc32/v2.15/bin/bin/../../lib/gcc/pic32mx/4.8.3/libgcc.a(_lshrdi3.o)
 .debug_abbrev  0x00005fb3       0xc8 /Applications/microchip/xc32/v2.15/bin/bin/../../lib/gcc/pic32mx/4.8.3/libgcc.a(_ashldi3.o)
 .debug_abbrev  0x0000607b       0x64 /Applications/microchip/xc32/v2.15/bin/bin/../../lib/gcc/pic32mx/4.8.3/libgcc.a(_floatundidf.o)
 .debug_abbrev  0x000060df      0x138 /Applications/microchip/xc32/v2.15/bin/bin/../../lib/gcc/pic32mx/4.8.3/libgcc.a(_udivdi3.o)